Archive member included because of file (symbol)

.\CortexM0\ARM_GCC_493\Debug\DARPA_HESA_Sensor.a(cyfitter_cfg.o)
                              .\CortexM0\ARM_GCC_493\Debug\Cm0Start.o (cyfitter_cfg)
.\CortexM0\ARM_GCC_493\Debug\DARPA_HESA_Sensor.a(CyBootAsmGnu.o)
                              .\CortexM0\ARM_GCC_493\Debug\DARPA_HESA_Sensor.a(cyfitter_cfg.o) (CyDelayCycles)
.\CortexM0\ARM_GCC_493\Debug\DARPA_HESA_Sensor.a(CyLib.o)
                              .\CortexM0\ARM_GCC_493\Debug\DARPA_HESA_Sensor.a(cyfitter_cfg.o) (CySysClkWriteImoFreq)
.\CortexM0\ARM_GCC_493\Debug\DARPA_HESA_Sensor.a(CyLFClk.o)
                              .\CortexM0\ARM_GCC_493\Debug\DARPA_HESA_Sensor.a(cyfitter_cfg.o) (CySysClkWcoStart)
.\CortexM0\ARM_GCC_493\Debug\DARPA_HESA_Sensor.a(I2C_bus.o)
                              .\CortexM0\ARM_GCC_493\Debug\main.o (I2C_bus_Start)
.\CortexM0\ARM_GCC_493\Debug\DARPA_HESA_Sensor.a(I2C_bus_I2C.o)
                              .\CortexM0\ARM_GCC_493\Debug\DARPA_HESA_Sensor.a(I2C_bus.o) (I2C_bus_I2CInit)
.\CortexM0\ARM_GCC_493\Debug\DARPA_HESA_Sensor.a(I2C_bus_I2C_MASTER.o)
                              .\CortexM0\ARM_GCC_493\Debug\i2cFunctions.o (I2C_bus_I2CMasterSendStart)
.\CortexM0\ARM_GCC_493\Debug\DARPA_HESA_Sensor.a(I2C_bus_sda.o)
                              .\CortexM0\ARM_GCC_493\Debug\main.o (I2C_bus_sda_SetDriveMode)
.\CortexM0\ARM_GCC_493\Debug\DARPA_HESA_Sensor.a(I2C_bus_scl.o)
                              .\CortexM0\ARM_GCC_493\Debug\main.o (I2C_bus_scl_SetDriveMode)
.\CortexM0\ARM_GCC_493\Debug\DARPA_HESA_Sensor.a(Timer_1.o)
                              .\CortexM0\ARM_GCC_493\Debug\main.o (Timer_1_Start)
.\CortexM0\ARM_GCC_493\Debug\DARPA_HESA_Sensor.a(isr_1.o)
                              .\CortexM0\ARM_GCC_493\Debug\main.o (isr_1_StartEx)
.\CortexM0\ARM_GCC_493\Debug\DARPA_HESA_Sensor.a(SERIAL.o)
                              .\CortexM0\ARM_GCC_493\Debug\main.o (SERIAL_Start)
.\CortexM0\ARM_GCC_493\Debug\DARPA_HESA_Sensor.a(SERIAL_UART.o)
                              .\CortexM0\ARM_GCC_493\Debug\DARPA_HESA_Sensor.a(SERIAL.o) (SERIAL_UartInit)
.\CortexM0\ARM_GCC_493\Debug\DARPA_HESA_Sensor.a(I2C_bus_I2C_INT.o)
                              .\CortexM0\ARM_GCC_493\Debug\DARPA_HESA_Sensor.a(I2C_bus_I2C.o) (I2C_bus_I2C_ISR)
.\CortexM0\ARM_GCC_493\Debug\DARPA_HESA_Sensor.a(SERIAL_SPI_UART.o)
                              .\CortexM0\ARM_GCC_493\Debug\DARPA_HESA_Sensor.a(SERIAL_UART.o) (SERIAL_SpiUartReadRxData)
c:/program files (x86)/cypress/psoc creator/3.3/psoc creator/import/gnu/arm/4.9.3/bin/../lib/gcc/arm-none-eabi/4.9.3/../../../../arm-none-eabi/lib/armv6-m\libm.a(lib_a-wf_atan2.o)
                              .\CortexM0\ARM_GCC_493\Debug\main.o (atan2f)
c:/program files (x86)/cypress/psoc creator/3.3/psoc creator/import/gnu/arm/4.9.3/bin/../lib/gcc/arm-none-eabi/4.9.3/../../../../arm-none-eabi/lib/armv6-m\libm.a(lib_a-wf_pow.o)
                              .\CortexM0\ARM_GCC_493\Debug\main.o (powf)
c:/program files (x86)/cypress/psoc creator/3.3/psoc creator/import/gnu/arm/4.9.3/bin/../lib/gcc/arm-none-eabi/4.9.3/../../../../arm-none-eabi/lib/armv6-m\libm.a(lib_a-wf_sqrt.o)
                              .\CortexM0\ARM_GCC_493\Debug\main.o (sqrtf)
c:/program files (x86)/cypress/psoc creator/3.3/psoc creator/import/gnu/arm/4.9.3/bin/../lib/gcc/arm-none-eabi/4.9.3/../../../../arm-none-eabi/lib/armv6-m\libm.a(lib_a-ef_atan2.o)
                              c:/program files (x86)/cypress/psoc creator/3.3/psoc creator/import/gnu/arm/4.9.3/bin/../lib/gcc/arm-none-eabi/4.9.3/../../../../arm-none-eabi/lib/armv6-m\libm.a(lib_a-wf_atan2.o) (__ieee754_atan2f)
c:/program files (x86)/cypress/psoc creator/3.3/psoc creator/import/gnu/arm/4.9.3/bin/../lib/gcc/arm-none-eabi/4.9.3/../../../../arm-none-eabi/lib/armv6-m\libm.a(lib_a-ef_pow.o)
                              c:/program files (x86)/cypress/psoc creator/3.3/psoc creator/import/gnu/arm/4.9.3/bin/../lib/gcc/arm-none-eabi/4.9.3/../../../../arm-none-eabi/lib/armv6-m\libm.a(lib_a-wf_pow.o) (__ieee754_powf)
c:/program files (x86)/cypress/psoc creator/3.3/psoc creator/import/gnu/arm/4.9.3/bin/../lib/gcc/arm-none-eabi/4.9.3/../../../../arm-none-eabi/lib/armv6-m\libm.a(lib_a-ef_sqrt.o)
                              c:/program files (x86)/cypress/psoc creator/3.3/psoc creator/import/gnu/arm/4.9.3/bin/../lib/gcc/arm-none-eabi/4.9.3/../../../../arm-none-eabi/lib/armv6-m\libm.a(lib_a-wf_sqrt.o) (__ieee754_sqrtf)
c:/program files (x86)/cypress/psoc creator/3.3/psoc creator/import/gnu/arm/4.9.3/bin/../lib/gcc/arm-none-eabi/4.9.3/../../../../arm-none-eabi/lib/armv6-m\libm.a(lib_a-s_lib_ver.o)
                              c:/program files (x86)/cypress/psoc creator/3.3/psoc creator/import/gnu/arm/4.9.3/bin/../lib/gcc/arm-none-eabi/4.9.3/../../../../arm-none-eabi/lib/armv6-m\libm.a(lib_a-wf_pow.o) (__fdlib_version)
[...]
Memory Configuration

Name             Origin             Length             Attributes
rom              0x00000000         0x00020000         xr
ram              0x20000000         0x00004000         xrw
*default*        0x00000000         0xffffffff

Linker script and memory map

LOAD c:/program files (x86)/cypress/psoc creator/3.3/psoc creator/import/gnu/arm/4.9.3/bin/../lib/gcc/arm-none-eabi/4.9.3/armv6-m/crti.o
LOAD c:/program files (x86)/cypress/psoc creator/3.3/psoc creator/import/gnu/arm/4.9.3/bin/../lib/gcc/arm-none-eabi/4.9.3/armv6-m/crtbegin.o
LOAD c:/program files (x86)/cypress/psoc creator/3.3/psoc creator/import/gnu/arm/4.9.3/bin/../lib/gcc/arm-none-eabi/4.9.3/../../../../arm-none-eabi/lib/armv6-m/crt0.o
START GROUP
LOAD .\CortexM0\ARM_GCC_493\Debug\main.o
LOAD .\CortexM0\ARM_GCC_493\Debug\mpu6050.o
LOAD .\CortexM0\ARM_GCC_493\Debug\i2cFunctions.o
LOAD .\CortexM0\ARM_GCC_493\Debug\cymetadata.o
LOAD .\CortexM0\ARM_GCC_493\Debug\Cm0Start.o
LOAD .\CortexM0\ARM_GCC_493\Debug\DARPA_HESA_Sensor.a
LOAD C:\Program Files (x86)\Cypress\PSoC Creator\3.3\PSoC Creator\psoc\content\cycomponentlibrary\CyComponentLibrary.cylib\CortexM0\ARM_GCC_493\Debug\CyComponentLibrary.a
LOAD c:/program files (x86)/cypress/psoc creator/3.3/psoc creator/import/gnu/arm/4.9.3/bin/../lib/gcc/arm-none-eabi/4.9.3/../../../../arm-none-eabi/lib/armv6-m\libm.a
END GROUP
START GROUP
LOAD c:/program files (x86)/cypress/psoc creator/3.3/psoc creator/import/gnu/arm/4.9.3/bin/../lib/gcc/arm-none-eabi/4.9.3/armv6-m\libgcc.a
LOAD c:/program files (x86)/cypress/psoc creator/3.3/psoc creator/import/gnu/arm/4.9.3/bin/../lib/gcc/arm-none-eabi/4.9.3/../../../../arm-none-eabi/lib/armv6-m\libg_nano.a
LOAD c:/program files (x86)/cypress/psoc creator/3.3/psoc creator/import/gnu/arm/4.9.3/bin/../lib/gcc/arm-none-eabi/4.9.3/../../../../arm-none-eabi/lib/armv6-m\libc_nano.a
END GROUP
START GROUP
LOAD c:/program files (x86)/cypress/psoc creator/3.3/psoc creator/import/gnu/arm/4.9.3/bin/../lib/gcc/arm-none-eabi/4.9.3/armv6-m\libgcc.a
LOAD c:/program files (x86)/cypress/psoc creator/3.3/psoc creator/import/gnu/arm/4.9.3/bin/../lib/gcc/arm-none-eabi/4.9.3/../../../../arm-none-eabi/lib/armv6-m\libc_nano.a
END GROUP
LOAD c:/program files (x86)/cypress/psoc creator/3.3/psoc creator/import/gnu/arm/4.9.3/bin/../lib/gcc/arm-none-eabi/4.9.3/armv6-m/crtend.o
LOAD c:/program files (x86)/cypress/psoc creator/3.3/psoc creator/import/gnu/arm/4.9.3/bin/../lib/gcc/arm-none-eabi/4.9.3/armv6-m/crtn.o
START GROUP
LOAD c:/program files (x86)/cypress/psoc creator/3.3/psoc creator/import/gnu/arm/4.9.3/bin/../lib/gcc/arm-none-eabi/4.9.3/armv6-m\libgcc.a
LOAD c:/program files (x86)/cypress/psoc creator/3.3/psoc creator/import/gnu/arm/4.9.3/bin/../lib/gcc/arm-none-eabi/4.9.3/../../../../arm-none-eabi/lib/armv6-m\libc.a
LOAD c:/program files (x86)/cypress/psoc creator/3.3/psoc creator/import/gnu/arm/4.9.3/bin/../lib/gcc/arm-none-eabi/4.9.3/../../../../arm-none-eabi/lib/armv6-m\libnosys.a
END GROUP
                0x00000000                CY_APPL_ORIGIN = 0x0
                0x00000080                CY_FLASH_ROW_SIZE = 0x80
                0x00000001                CY_APPL_NUM = 0x1
                0x00000001                CY_APPL_MAX = 0x1
                0x00000040                CY_METADATA_SIZE = 0x40
                0x00000000                CY_APPL_LOADABLE = 0x0
                0x00000000                CY_CHECKSUM_EXCLUDE_SIZE = ALIGN (0x0, CY_FLASH_ROW_SIZE)
                0x00000000                CY_APP_FOR_STACK_AND_COPIER = 0x0
                0x20000368                PROVIDE (__cy_heap_start, _end)
                0x00000001                PROVIDE (__cy_region_num, ((__cy_regions_end - __cy_regions) / 0x10))
                0x20004000                PROVIDE (__cy_stack, (ORIGIN (ram) + 0x4000))
                0x20003800                PROVIDE (__cy_heap_end, (__cy_stack - 0x800))

.cybootloader   0x00000000        0x0
 *(.cybootloader)
                0x00000000                appl1_start = CY_APPL_ORIGIN?CY_APPL_ORIGIN:ALIGN (CY_FLASH_ROW_SIZE)
                0x0000ff80                appl2_start = (appl1_start + ALIGN ((((0x20000 - appl1_start) - (0x2 * CY_FLASH_ROW_SIZE)) / 0x2), CY_FLASH_ROW_SIZE))
                0x00000000                appl_start = (CY_APPL_NUM == 0x1)?appl1_start:appl2_start
                0x00000001                cy_project_type_bootloader = (appl_start == 0x0)?0x1:0x0
                0x00000000                cy_project_type_app_for_stack_and_copier = (CY_APP_FOR_STACK_AND_COPIER == 0x1)?0x1:0x0

.text           0x00000000     0x6e6c
 CREATE_OBJECT_SYMBOLS
                0x00000000                PROVIDE (__cy_interrupt_vector, RomVectors)
 *(.romvectors)
 .romvectors    0x00000000       0x10 .\CortexM0\ARM_GCC_493\Debug\Cm0Start.o
                0x00000000                RomVectors
                0x00000001                ASSERT ((. != __cy_interrupt_vector), No interrupt vector)
                0x00000001                ASSERT (CY_APPL_ORIGIN?(SIZEOF (.cybootloader) <= CY_APPL_ORIGIN):0x1, Wrong image location)
                0x00000010                PROVIDE (__cy_reset, Reset)
 *(.text.Reset)
 .text.Reset    0x00000010        0x8 .\CortexM0\ARM_GCC_493\Debug\Cm0Start.o
                0x00000010                Reset
                0x00000001                ASSERT ((. != __cy_reset), No reset code)
 *(.psocinit)
 .psocinit      0x00000018      0x1e0 .\CortexM0\ARM_GCC_493\Debug\DARPA_HESA_Sensor.a(cyfitter_cfg.o)
                0x00000124                cyfitter_cfg
                0x000001f8                . = MAX (., 0x100)
 *(.text .text.* .gnu.linkonce.t.*)
 .text          0x000001f8       0x60 c:/program files (x86)/cypress/psoc creator/3.3/psoc creator/import/gnu/arm/4.9.3/bin/../lib/gcc/arm-none-eabi/4.9.3/armv6-m/crtbegin.o
 .text.TIMER_ISR
                0x00000258       0x10 .\CortexM0\ARM_GCC_493\Debug\main.o
                0x00000258                TIMER_ISR
 .text.calibrateMPU
                0x00000268      0x154 .\CortexM0\ARM_GCC_493\Debug\main.o
                0x00000268                calibrateMPU
 .text.InitializeSystem
                0x000003bc       0x3c .\CortexM0\ARM_GCC_493\Debug\main.o
                0x000003bc                InitializeSystem
 .text.main     0x000003f8      0x30c .\CortexM0\ARM_GCC_493\Debug\main.o
                0x000003f8                main
 .text.MPU6050_init
                0x00000704        0xc .\CortexM0\ARM_GCC_493\Debug\mpu6050.o
                0x00000704                MPU6050_init
 .text.MPU6050_setFullScaleGyroRange
                0x00000710       0x20 .\CortexM0\ARM_GCC_493\Debug\mpu6050.o
                0x00000710                MPU6050_setFullScaleGyroRange
 .text.MPU6050_setFullScaleAccelRange
                0x00000730       0x20 .\CortexM0\ARM_GCC_493\Debug\mpu6050.o
                0x00000730                MPU6050_setFullScaleAccelRange
 .text.MPU6050_getMotion6t
                0x00000750       0x7c .\CortexM0\ARM_GCC_493\Debug\mpu6050.o
                0x00000750                MPU6050_getMotion6t
 .text.MPU6050_setSleepEnabled
                0x000007cc       0x18 .\CortexM0\ARM_GCC_493\Debug\mpu6050.o
                0x000007cc                MPU6050_setSleepEnabled
 .text.MPU6050_setClockSource
                0x000007e4       0x20 .\CortexM0\ARM_GCC_493\Debug\mpu6050.o
                0x000007e4                MPU6050_setClockSource
 .text.MPU6050_initialize
                0x00000804       0x1c .\CortexM0\ARM_GCC_493\Debug\mpu6050.o
                0x00000804                MPU6050_initialize
 .text.I2CReadBytes
                0x00000820       0x48 .\CortexM0\ARM_GCC_493\Debug\i2cFunctions.o
                0x00000820                I2CReadBytes
 .text.I2CReadByte
                0x00000868        0xc .\CortexM0\ARM_GCC_493\Debug\i2cFunctions.o
                0x00000868                I2CReadByte
 .text.I2CWriteBytes
                0x00000874       0x34 .\CortexM0\ARM_GCC_493\Debug\i2cFunctions.o
                0x00000874                I2CWriteBytes
 .text.I2CWriteByte
                0x000008a8       0x14 .\CortexM0\ARM_GCC_493\Debug\i2cFunctions.o
                0x000008a8                I2CWriteByte
 .text.I2CWriteBits
                0x000008bc       0x4c .\CortexM0\ARM_GCC_493\Debug\i2cFunctions.o
                0x000008bc                I2CWriteBits
 .text.I2CWriteBit
                0x00000908       0x44 .\CortexM0\ARM_GCC_493\Debug\i2cFunctions.o
                0x00000908                I2CWriteBit
 .text.IntDefaultHandler
                0x0000094c        0x4 .\CortexM0\ARM_GCC_493\Debug\Cm0Start.o
                0x0000094c                IntDefaultHandler
 .text._sbrk    0x00000950       0x34 .\CortexM0\ARM_GCC_493\Debug\Cm0Start.o
                0x00000950                _sbrk
 .text.Start_c  0x00000984       0x48 .\CortexM0\ARM_GCC_493\Debug\Cm0Start.o
                0x00000984                Start_c
 .text.initialize_psoc
                0x000009cc       0x54 .\CortexM0\ARM_GCC_493\Debug\Cm0Start.o
                0x000009cc                initialize_psoc
 .text.cfg_write_bytes32
                0x00000a20       0x34 .\CortexM0\ARM_GCC_493\Debug\DARPA_HESA_Sensor.a(cyfitter_cfg.o)
 .text.AnalogSetDefault
                0x00000a54       0x20 .\CortexM0\ARM_GCC_493\Debug\DARPA_HESA_Sensor.a(cyfitter_cfg.o)
 .text.CYMEMZERO
                0x00000a74        0xc .\CortexM0\ARM_GCC_493\Debug\DARPA_HESA_Sensor.a(cyfitter_cfg.o)
 .text          0x00000a80       0x20 .\CortexM0\ARM_GCC_493\Debug\DARPA_HESA_Sensor.a(CyBootAsmGnu.o)
                0x00000a80                CyDelayCycles
                0x00000a92                CyEnterCriticalSection
                0x00000a9a                CyExitCriticalSection
 .text.CySysClkWriteImoFreq
                0x00000aa0       0x64 .\CortexM0\ARM_GCC_493\Debug\DARPA_HESA_Sensor.a(CyLib.o)
                0x00000aa0                CySysClkWriteImoFreq
 .text.CySysClkEcoReadStatus
                0x00000b04       0x10 .\CortexM0\ARM_GCC_493\Debug\DARPA_HESA_Sensor.a(CyLib.o)
                0x00000b04                CySysClkEcoReadStatus
 .text.CyIntEnable
                0x00000b14       0x14 .\CortexM0\ARM_GCC_493\Debug\DARPA_HESA_Sensor.a(CyLib.o)
                0x00000b14                CyIntEnable
 .text.CyIntDisable
                0x00000b28       0x14 .\CortexM0\ARM_GCC_493\Debug\DARPA_HESA_Sensor.a(CyLib.o)
                0x00000b28                CyIntDisable
 .text.CyHalt   0x00000b3c        0x4 .\CortexM0\ARM_GCC_493\Debug\DARPA_HESA_Sensor.a(CyLib.o)
                0x00000b3c                CyHalt
 .text.CyIntSetVector
                0x00000b40       0x24 .\CortexM0\ARM_GCC_493\Debug\DARPA_HESA_Sensor.a(CyLib.o)
                0x00000b40                CyIntSetVector
 .text.CyIntSetPriority
                0x00000b64       0x4c .\CortexM0\ARM_GCC_493\Debug\DARPA_HESA_Sensor.a(CyLib.o)
                0x00000b64                CyIntSetPriority
 .text.CyDelay  0x00000bb0       0x30 .\CortexM0\ARM_GCC_493\Debug\DARPA_HESA_Sensor.a(CyLib.o)
                0x00000bb0                CyDelay
 .text.CyDelayUs
                0x00000be0       0x14 .\CortexM0\ARM_GCC_493\Debug\DARPA_HESA_Sensor.a(CyLib.o)
                0x00000be0                CyDelayUs
 .text.CySysClkEcoStart
                0x00000bf4       0x54 .\CortexM0\ARM_GCC_493\Debug\DARPA_HESA_Sensor.a(CyLib.o)
                0x00000bf4                CySysClkEcoStart
 .text.CySysWdtLocked
                0x00000c48       0x14 .\CortexM0\ARM_GCC_493\Debug\DARPA_HESA_Sensor.a(CyLFClk.o)
 .text.CySysClkWcoStart
                0x00000c5c       0x40 .\CortexM0\ARM_GCC_493\Debug\DARPA_HESA_Sensor.a(CyLFClk.o)
                0x00000c5c                CySysClkWcoStart
 .text.CySysClkWcoSetPowerMode
                0x00000c9c       0x80 .\CortexM0\ARM_GCC_493\Debug\DARPA_HESA_Sensor.a(CyLFClk.o)
                0x00000c9c                CySysClkWcoSetPowerMode
 .text.CySysWdtLock
                0x00000d1c       0x1c .\CortexM0\ARM_GCC_493\Debug\DARPA_HESA_Sensor.a(CyLFClk.o)
                0x00000d1c                CySysWdtLock
 .text.CySysWdtUnlock
                0x00000d38       0x30 .\CortexM0\ARM_GCC_493\Debug\DARPA_HESA_Sensor.a(CyLFClk.o)
                0x00000d38                CySysWdtUnlock
 .text.CySysWdtClearInterrupt
                0x00000d68       0x4c .\CortexM0\ARM_GCC_493\Debug\DARPA_HESA_Sensor.a(CyLFClk.o)
                0x00000d68                CySysWdtClearInterrupt
 .text.CySysWdtIsr
                0x00000db4       0xa4 .\CortexM0\ARM_GCC_493\Debug\DARPA_HESA_Sensor.a(CyLFClk.o)
                0x00000db4                CySysWdtIsr
 .text.I2C_bus_ScbEnableIntr
                0x00000e58        0xc .\CortexM0\ARM_GCC_493\Debug\DARPA_HESA_Sensor.a(I2C_bus.o)
 .text.I2C_bus_Init
                0x00000e64        0x8 .\CortexM0\ARM_GCC_493\Debug\DARPA_HESA_Sensor.a(I2C_bus.o)
                0x00000e64                I2C_bus_Init
 .text.I2C_bus_Enable
                0x00000e6c       0x18 .\CortexM0\ARM_GCC_493\Debug\DARPA_HESA_Sensor.a(I2C_bus.o)
                0x00000e6c                I2C_bus_Enable
 .text.I2C_bus_Start
                0x00000e84       0x20 .\CortexM0\ARM_GCC_493\Debug\DARPA_HESA_Sensor.a(I2C_bus.o)
                0x00000e84                I2C_bus_Start
 .text.I2C_bus_I2CInit
                0x00000ea4       0xbc .\CortexM0\ARM_GCC_493\Debug\DARPA_HESA_Sensor.a(I2C_bus_I2C.o)
                0x00000ea4                I2C_bus_I2CInit
 .text.I2C_bus_I2CMasterSendStart
                0x00000f60       0xd8 .\CortexM0\ARM_GCC_493\Debug\DARPA_HESA_Sensor.a(I2C_bus_I2C_MASTER.o)
                0x00000f60                I2C_bus_I2CMasterSendStart
 .text.I2C_bus_I2CMasterSendStop
                0x00001038       0x8c .\CortexM0\ARM_GCC_493\Debug\DARPA_HESA_Sensor.a(I2C_bus_I2C_MASTER.o)
                0x00001038                I2C_bus_I2CMasterSendStop
 .text.I2C_bus_I2CMasterWriteByte
                0x000010c4       0x98 .\CortexM0\ARM_GCC_493\Debug\DARPA_HESA_Sensor.a(I2C_bus_I2C_MASTER.o)
                0x000010c4                I2C_bus_I2CMasterWriteByte
 .text.I2C_bus_I2CMasterReadByte
                0x0000115c       0x84 .\CortexM0\ARM_GCC_493\Debug\DARPA_HESA_Sensor.a(I2C_bus_I2C_MASTER.o)
                0x0000115c                I2C_bus_I2CMasterReadByte
 .text.I2C_bus_I2CReStartGeneration
                0x000011e0       0x20 .\CortexM0\ARM_GCC_493\Debug\DARPA_HESA_Sensor.a(I2C_bus_I2C_MASTER.o)
                0x000011e0                I2C_bus_I2CReStartGeneration
 .text.I2C_bus_I2CMasterSendRestart
                0x00001200       0xc4 .\CortexM0\ARM_GCC_493\Debug\DARPA_HESA_Sensor.a(I2C_bus_I2C_MASTER.o)
                0x00001200                I2C_bus_I2CMasterSendRestart
 .text.I2C_bus_sda_SetDriveMode
                0x000012c4       0x14 .\CortexM0\ARM_GCC_493\Debug\DARPA_HESA_Sensor.a(I2C_bus_sda.o)
                0x000012c4                I2C_bus_sda_SetDriveMode
 .text.I2C_bus_scl_SetDriveMode
                0x000012d8       0x14 .\CortexM0\ARM_GCC_493\Debug\DARPA_HESA_Sensor.a(I2C_bus_scl.o)
                0x000012d8                I2C_bus_scl_SetDriveMode
 .text.Timer_1_Enable
                0x000012ec       0x10 .\CortexM0\ARM_GCC_493\Debug\DARPA_HESA_Sensor.a(Timer_1.o)
                0x000012ec                Timer_1_Enable
 .text.Timer_1_SetInterruptMode
                0x000012fc        0xc .\CortexM0\ARM_GCC_493\Debug\DARPA_HESA_Sensor.a(Timer_1.o)
                0x000012fc                Timer_1_SetInterruptMode
 .text.Timer_1_ReadStatusRegister
                0x00001308        0xc .\CortexM0\ARM_GCC_493\Debug\DARPA_HESA_Sensor.a(Timer_1.o)
                0x00001308                Timer_1_ReadStatusRegister
 .text.Timer_1_WritePeriod
                0x00001314        0xc .\CortexM0\ARM_GCC_493\Debug\DARPA_HESA_Sensor.a(Timer_1.o)
                0x00001314                Timer_1_WritePeriod
 .text.Timer_1_ReadCapture
                0x00001320        0xc .\CortexM0\ARM_GCC_493\Debug\DARPA_HESA_Sensor.a(Timer_1.o)
                0x00001320                Timer_1_ReadCapture
 .text.Timer_1_WriteCounter
                0x0000132c        0xc .\CortexM0\ARM_GCC_493\Debug\DARPA_HESA_Sensor.a(Timer_1.o)
                0x0000132c                Timer_1_WriteCounter
 .text.Timer_1_ClearFIFO
                0x00001338       0x14 .\CortexM0\ARM_GCC_493\Debug\DARPA_HESA_Sensor.a(Timer_1.o)
                0x00001338                Timer_1_ClearFIFO
 .text.Timer_1_Init
                0x0000134c       0x30 .\CortexM0\ARM_GCC_493\Debug\DARPA_HESA_Sensor.a(Timer_1.o)
                0x0000134c                Timer_1_Init
 .text.Timer_1_Start
                0x0000137c       0x20 .\CortexM0\ARM_GCC_493\Debug\DARPA_HESA_Sensor.a(Timer_1.o)
                0x0000137c                Timer_1_Start
 .text.isr_1_SetVector
                0x0000139c        0xc .\CortexM0\ARM_GCC_493\Debug\DARPA_HESA_Sensor.a(isr_1.o)
                0x0000139c                isr_1_SetVector
 .text.isr_1_SetPriority
                0x000013a8       0x24 .\CortexM0\ARM_GCC_493\Debug\DARPA_HESA_Sensor.a(isr_1.o)
                0x000013a8                isr_1_SetPriority
 .text.isr_1_Enable
                0x000013cc        0xc .\CortexM0\ARM_GCC_493\Debug\DARPA_HESA_Sensor.a(isr_1.o)
                0x000013cc                isr_1_Enable
 .text.isr_1_Disable
                0x000013d8        0xc .\CortexM0\ARM_GCC_493\Debug\DARPA_HESA_Sensor.a(isr_1.o)
                0x000013d8                isr_1_Disable
 .text.isr_1_StartEx
                0x000013e4       0x1c .\CortexM0\ARM_GCC_493\Debug\DARPA_HESA_Sensor.a(isr_1.o)
                0x000013e4                isr_1_StartEx
 .text.SERIAL_ScbModePostEnable
                0x00001400        0x8 .\CortexM0\ARM_GCC_493\Debug\DARPA_HESA_Sensor.a(SERIAL.o)
 .text.SERIAL_Init
                0x00001408        0x8 .\CortexM0\ARM_GCC_493\Debug\DARPA_HESA_Sensor.a(SERIAL.o)
                0x00001408                SERIAL_Init
 .text.SERIAL_Enable
                0x00001410       0x18 .\CortexM0\ARM_GCC_493\Debug\DARPA_HESA_Sensor.a(SERIAL.o)
                0x00001410                SERIAL_Enable
 .text.SERIAL_Start
                0x00001428       0x20 .\CortexM0\ARM_GCC_493\Debug\DARPA_HESA_Sensor.a(SERIAL.o)
                0x00001428                SERIAL_Start
 .text.SERIAL_UartInit
                0x00001448       0x98 .\CortexM0\ARM_GCC_493\Debug\DARPA_HESA_Sensor.a(SERIAL_UART.o)
                0x00001448                SERIAL_UartInit
 .text.SERIAL_UartPostEnable
                0x000014e0       0x1c .\CortexM0\ARM_GCC_493\Debug\DARPA_HESA_Sensor.a(SERIAL_UART.o)
                0x000014e0                SERIAL_UartPostEnable
 .text.SERIAL_UartPutString
                0x000014fc       0x18 .\CortexM0\ARM_GCC_493\Debug\DARPA_HESA_Sensor.a(SERIAL_UART.o)
                0x000014fc                SERIAL_UartPutString
 .text.I2C_bus_I2C_ISR
                0x00001514      0x374 .\CortexM0\ARM_GCC_493\Debug\DARPA_HESA_Sensor.a(I2C_bus_I2C_INT.o)
                0x00001514                I2C_bus_I2C_ISR
 .text.SERIAL_SpiUartWriteTxData
                0x00001888       0x1c .\CortexM0\ARM_GCC_493\Debug\DARPA_HESA_Sensor.a(SERIAL_SPI_UART.o)
                0x00001888                SERIAL_SpiUartWriteTxData
 .text.atan2f   0x000018a4        0x8 c:/program files (x86)/cypress/psoc creator/3.3/psoc creator/import/gnu/arm/4.9.3/bin/../lib/gcc/arm-none-eabi/4.9.3/../../../../arm-none-eabi/lib/armv6-m\libm.a(lib_a-wf_atan2.o)
                0x000018a4                atan2f
 .text.sqrtf    0x000018ac       0xac c:/program files (x86)/cypress/psoc creator/3.3/psoc creator/import/gnu/arm/4.9.3/bin/../lib/gcc/arm-none-eabi/4.9.3/../../../../arm-none-eabi/lib/armv6-m\libm.a(lib_a-wf_sqrt.o)
                0x000018ac                sqrtf
 .text.__ieee754_atan2f
                0x00001958      0x128 c:/program files (x86)/cypress/psoc creator/3.3/psoc creator/import/gnu/arm/4.9.3/bin/../lib/gcc/arm-none-eabi/4.9.3/../../../../arm-none-eabi/lib/armv6-m\libm.a(lib_a-ef_atan2.o)
                0x00001958                __ieee754_atan2f
 .text.__ieee754_sqrtf
                0x00001a80       0xb8 c:/program files (x86)/cypress/psoc creator/3.3/psoc creator/import/gnu/arm/4.9.3/bin/../lib/gcc/arm-none-eabi/4.9.3/../../../../arm-none-eabi/lib/armv6-m\libm.a(lib_a-ef_sqrt.o)
                0x00001a80                __ieee754_sqrtf
 .text.matherr  0x00001b38        0x4 c:/program files (x86)/cypress/psoc creator/3.3/psoc creator/import/gnu/arm/4.9.3/bin/../lib/gcc/arm-none-eabi/4.9.3/../../../../arm-none-eabi/lib/armv6-m\libm.a(lib_a-s_matherr.o)
                0x00001b38                matherr
 .text.atanf    0x00001b3c      0x238 c:/program files (x86)/cypress/psoc creator/3.3/psoc creator/import/gnu/arm/4.9.3/bin/../lib/gcc/arm-none-eabi/4.9.3/../../../../arm-none-eabi/lib/armv6-m\libm.a(lib_a-sf_atan.o)
                0x00001b3c                atanf
 .text.fabsf    0x00001d74        0x8 c:/program files (x86)/cypress/psoc creator/3.3/psoc creator/import/gnu/arm/4.9.3/bin/../lib/gcc/arm-none-eabi/4.9.3/../../../../arm-none-eabi/lib/armv6-m\libm.a(lib_a-sf_fabs.o)
                0x00001d74                fabsf
 .text.__fpclassifyf
                0x00001d7c       0x40 c:/program files (x86)/cypress/psoc creator/3.3/psoc creator/import/gnu/arm/4.9.3/bin/../lib/gcc/arm-none-eabi/4.9.3/../../../../arm-none-eabi/lib/armv6-m\libm.a(lib_a-sf_fpclassify.o)
                0x00001d7c                __fpclassifyf
 .text          0x00001dbc      0x120 c:/program files (x86)/cypress/psoc creator/3.3/psoc creator/import/gnu/arm/4.9.3/bin/../lib/gcc/arm-none-eabi/4.9.3/armv6-m\libgcc.a(_udivsi3.o)
                0x00001dbc                __aeabi_uidiv
                0x00001dbc                __udivsi3
                0x00001ec8                __aeabi_uidivmod
 .text          0x00001edc        0x4 c:/program files (x86)/cypress/psoc creator/3.3/psoc creator/import/gnu/arm/4.9.3/bin/../lib/gcc/arm-none-eabi/4.9.3/armv6-m\libgcc.a(_dvmd_tls.o)
                0x00001edc                __aeabi_idiv0
                0x00001edc                __aeabi_ldiv0
 .text          0x00001ee0       0x7c c:/program files (x86)/cypress/psoc creator/3.3/psoc creator/import/gnu/arm/4.9.3/bin/../lib/gcc/arm-none-eabi/4.9.3/armv6-m\libgcc.a(_arm_cmpdf2.o)
                0x00001ee0                __aeabi_cdrcmple
                0x00001ef0                __aeabi_cdcmple
                0x00001ef0                __aeabi_cdcmpeq
                0x00001f00                __aeabi_dcmpeq
                0x00001f0c                __aeabi_dcmplt
                0x00001f20                __aeabi_dcmple
                0x00001f34                __aeabi_dcmpgt
                0x00001f48                __aeabi_dcmpge
 .text          0x00001f5c       0x74 c:/program files (x86)/cypress/psoc creator/3.3/psoc creator/import/gnu/arm/4.9.3/bin/../lib/gcc/arm-none-eabi/4.9.3/armv6-m\libgcc.a(_arm_cmpsf2.o)
                0x00001f5c                __aeabi_cfrcmple
                0x00001f64                __aeabi_cfcmpeq
                0x00001f64                __aeabi_cfcmple
                0x00001f74                __aeabi_fcmpeq
                0x00001f80                __aeabi_fcmplt
                0x00001f94                __aeabi_fcmple
                0x00001fa8                __aeabi_fcmpgt
                0x00001fbc                __aeabi_fcmpge
 .text          0x00001fd0      0x2f8 c:/program files (x86)/cypress/psoc creator/3.3/psoc creator/import/gnu/arm/4.9.3/bin/../lib/gcc/arm-none-eabi/4.9.3/armv6-m\libgcc.a(addsf3.o)
                0x00001fd0                __aeabi_fadd
 .text          0x000022c8      0x270 c:/program files (x86)/cypress/psoc creator/3.3/psoc creator/import/gnu/arm/4.9.3/bin/../lib/gcc/arm-none-eabi/4.9.3/armv6-m\libgcc.a(divsf3.o)
                0x000022c8                __aeabi_fdiv
 .text          0x00002538       0x54 c:/program files (x86)/cypress/psoc creator/3.3/psoc creator/import/gnu/arm/4.9.3/bin/../lib/gcc/arm-none-eabi/4.9.3/armv6-m\libgcc.a(eqsf2.o)
                0x00002538                __eqsf2
                0x00002538                __nesf2
 .text          0x0000258c       0x94 c:/program files (x86)/cypress/psoc creator/3.3/psoc creator/import/gnu/arm/4.9.3/bin/../lib/gcc/arm-none-eabi/4.9.3/armv6-m\libgcc.a(gesf2.o)
                0x0000258c                __gesf2
                0x0000258c                __gtsf2
 .text          0x00002620       0x8c c:/program files (x86)/cypress/psoc creator/3.3/psoc creator/import/gnu/arm/4.9.3/bin/../lib/gcc/arm-none-eabi/4.9.3/armv6-m\libgcc.a(lesf2.o)
                0x00002620                __ltsf2
                0x00002620                __lesf2
 .text          0x000026ac      0x264 c:/program files (x86)/cypress/psoc creator/3.3/psoc creator/import/gnu/arm/4.9.3/bin/../lib/gcc/arm-none-eabi/4.9.3/armv6-m\libgcc.a(mulsf3.o)
                0x000026ac                __aeabi_fmul
 .text          0x00002910      0x2fc c:/program files (x86)/cypress/psoc creator/3.3/psoc creator/import/gnu/arm/4.9.3/bin/../lib/gcc/arm-none-eabi/4.9.3/armv6-m\libgcc.a(subsf3.o)
                0x00002910                __aeabi_fsub
 .text          0x00002c0c       0x90 c:/program files (x86)/cypress/psoc creator/3.3/psoc creator/import/gnu/arm/4.9.3/bin/../lib/gcc/arm-none-eabi/4.9.3/armv6-m\libgcc.a(floatsisf.o)
                0x00002c0c                __aeabi_i2f
 .text          0x00002c9c      0x650 c:/program files (x86)/cypress/psoc creator/3.3/psoc creator/import/gnu/arm/4.9.3/bin/../lib/gcc/arm-none-eabi/4.9.3/armv6-m\libgcc.a(adddf3.o)
                0x00002c9c                __aeabi_dadd
 .text          0x000032ec      0x648 c:/program files (x86)/cypress/psoc creator/3.3/psoc creator/import/gnu/arm/4.9.3/bin/../lib/gcc/arm-none-eabi/4.9.3/armv6-m\libgcc.a(divdf3.o)
                0x000032ec                __aeabi_ddiv
 .text          0x00003934       0x88 c:/program files (x86)/cypress/psoc creator/3.3/psoc creator/import/gnu/arm/4.9.3/bin/../lib/gcc/arm-none-eabi/4.9.3/armv6-m\libgcc.a(eqdf2.o)
                0x00003934                __nedf2
                0x00003934                __eqdf2
 .text          0x000039bc       0xe0 c:/program files (x86)/cypress/psoc creator/3.3/psoc creator/import/gnu/arm/4.9.3/bin/../lib/gcc/arm-none-eabi/4.9.3/armv6-m\libgcc.a(gedf2.o)
                0x000039bc                __gedf2
                0x000039bc                __gtdf2
 .text          0x00003a9c       0xcc c:/program files (x86)/cypress/psoc creator/3.3/psoc creator/import/gnu/arm/4.9.3/bin/../lib/gcc/arm-none-eabi/4.9.3/armv6-m\libgcc.a(ledf2.o)
                0x00003a9c                __ledf2
                0x00003a9c                __ltdf2
 .text          0x00003b68      0x534 c:/program files (x86)/cypress/psoc creator/3.3/psoc creator/import/gnu/arm/4.9.3/bin/../lib/gcc/arm-none-eabi/4.9.3/armv6-m\libgcc.a(muldf3.o)
                0x00003b68                __aeabi_dmul
 .text          0x0000409c      0x6f4 c:/program files (x86)/cypress/psoc creator/3.3/psoc creator/import/gnu/arm/4.9.3/bin/../lib/gcc/arm-none-eabi/4.9.3/armv6-m\libgcc.a(subdf3.o)
                0x0000409c                __aeabi_dsub
 .text          0x00004790       0xa8 c:/program files (x86)/cypress/psoc creator/3.3/psoc creator/import/gnu/arm/4.9.3/bin/../lib/gcc/arm-none-eabi/4.9.3/armv6-m\libgcc.a(extendsfdf2.o)
                0x00004790                __aeabi_f2d
 .text          0x00004838      0x120 c:/program files (x86)/cypress/psoc creator/3.3/psoc creator/import/gnu/arm/4.9.3/bin/../lib/gcc/arm-none-eabi/4.9.3/armv6-m\libgcc.a(truncdfsf2.o)
                0x00004838                __aeabi_d2f
 .text          0x00004958       0x3c c:/program files (x86)/cypress/psoc creator/3.3/psoc creator/import/gnu/arm/4.9.3/bin/../lib/gcc/arm-none-eabi/4.9.3/armv6-m\libgcc.a(_clzsi2.o)
                0x00004958                __clzsi2
 .text.__errno  0x00004994        0xc c:/program files (x86)/cypress/psoc creator/3.3/psoc creator/import/gnu/arm/4.9.3/bin/../lib/gcc/arm-none-eabi/4.9.3/../../../../arm-none-eabi/lib/armv6-m\libg_nano.a(lib_a-errno.o)
                0x00004994                __errno
 .text.__libc_init_array
                0x000049a0       0x4c c:/program files (x86)/cypress/psoc creator/3.3/psoc creator/import/gnu/arm/4.9.3/bin/../lib/gcc/arm-none-eabi/4.9.3/../../../../arm-none-eabi/lib/armv6-m\libg_nano.a(lib_a-init.o)
                0x000049a0                __libc_init_array
 .text.memset   0x000049ec       0x10 c:/program files (x86)/cypress/psoc creator/3.3/psoc creator/import/gnu/arm/4.9.3/bin/../lib/gcc/arm-none-eabi/4.9.3/../../../../arm-none-eabi/lib/armv6-m\libg_nano.a(lib_a-memset.o)
                0x000049ec                memset
 .text.__cvt    0x000049fc       0xc8 c:/program files (x86)/cypress/psoc creator/3.3/psoc creator/import/gnu/arm/4.9.3/bin/../lib/gcc/arm-none-eabi/4.9.3/../../../../arm-none-eabi/lib/armv6-m\libg_nano.a(lib_a-nano-vfprintf_float.o)
                0x000049fc                __cvt
 .text.__exponent
                0x00004ac4       0x62 c:/program files (x86)/cypress/psoc creator/3.3/psoc creator/import/gnu/arm/4.9.3/bin/../lib/gcc/arm-none-eabi/4.9.3/../../../../arm-none-eabi/lib/armv6-m\libg_nano.a(lib_a-nano-vfprintf_float.o)
                0x00004ac4                __exponent
 *fill*         0x00004b26        0x2 
 .text._printf_float
                0x00004b28      0x47c c:/program files (x86)/cypress/psoc creator/3.3/psoc creator/import/gnu/arm/4.9.3/bin/../lib/gcc/arm-none-eabi/4.9.3/../../../../arm-none-eabi/lib/armv6-m\libg_nano.a(lib_a-nano-vfprintf_float.o)
                0x00004b28                _printf_float
 .text._printf_common
                0x00004fa4       0xdc c:/program files (x86)/cypress/psoc creator/3.3/psoc creator/import/gnu/arm/4.9.3/bin/../lib/gcc/arm-none-eabi/4.9.3/../../../../arm-none-eabi/lib/armv6-m\libg_nano.a(lib_a-nano-vfprintf_i.o)
                0x00004fa4                _printf_common
 .text._printf_i
                0x00005080      0x230 c:/program files (x86)/cypress/psoc creator/3.3/psoc creator/import/gnu/arm/4.9.3/bin/../lib/gcc/arm-none-eabi/4.9.3/../../../../arm-none-eabi/lib/armv6-m\libg_nano.a(lib_a-nano-vfprintf_i.o)
                0x00005080                _printf_i
 .text.__fpclassifyd
                0x000052b0       0x50 c:/program files (x86)/cypress/psoc creator/3.3/psoc creator/import/gnu/arm/4.9.3/bin/../lib/gcc/arm-none-eabi/4.9.3/../../../../arm-none-eabi/lib/armv6-m\libg_nano.a(lib_a-s_fpclassify.o)
                0x000052b0                __fpclassifyd
 .text.sprintf  0x00005300       0x44 c:/program files (x86)/cypress/psoc creator/3.3/psoc creator/import/gnu/arm/4.9.3/bin/../lib/gcc/arm-none-eabi/4.9.3/../../../../arm-none-eabi/lib/armv6-m\libg_nano.a(lib_a-sprintf.o)
                0x00005300                siprintf
                0x00005300                sprintf
 .text.strlen   0x00005344        0xe c:/program files (x86)/cypress/psoc creator/3.3/psoc creator/import/gnu/arm/4.9.3/bin/../lib/gcc/arm-none-eabi/4.9.3/../../../../arm-none-eabi/lib/armv6-m\libg_nano.a(lib_a-strlen.o)
                0x00005344                strlen
 .text.quorem   0x00005352      0x10e c:/program files (x86)/cypress/psoc creator/3.3/psoc creator/import/gnu/arm/4.9.3/bin/../lib/gcc/arm-none-eabi/4.9.3/../../../../arm-none-eabi/lib/armv6-m\libg_nano.a(lib_a-dtoa.o)
 .text._dtoa_r  0x00005460      0xc00 c:/program files (x86)/cypress/psoc creator/3.3/psoc creator/import/gnu/arm/4.9.3/bin/../lib/gcc/arm-none-eabi/4.9.3/../../../../arm-none-eabi/lib/armv6-m\libg_nano.a(lib_a-dtoa.o)
                0x00005460                _dtoa_r
 .text._localeconv_r
                0x00006060        0x8 c:/program files (x86)/cypress/psoc creator/3.3/psoc creator/import/gnu/arm/4.9.3/bin/../lib/gcc/arm-none-eabi/4.9.3/../../../../arm-none-eabi/lib/armv6-m\libg_nano.a(lib_a-locale.o)
                0x00006060                _localeconv_r
 .text.malloc   0x00006068       0x14 c:/program files (x86)/cypress/psoc creator/3.3/psoc creator/import/gnu/arm/4.9.3/bin/../lib/gcc/arm-none-eabi/4.9.3/../../../../arm-none-eabi/lib/armv6-m\libg_nano.a(lib_a-malloc.o)
                0x00006068                malloc
 .text.memchr   0x0000607c       0x16 c:/program files (x86)/cypress/psoc creator/3.3/psoc creator/import/gnu/arm/4.9.3/bin/../lib/gcc/arm-none-eabi/4.9.3/../../../../arm-none-eabi/lib/armv6-m\libg_nano.a(lib_a-memchr.o)
                0x0000607c                memchr
 .text.memcpy   0x00006092       0x12 c:/program files (x86)/cypress/psoc creator/3.3/psoc creator/import/gnu/arm/4.9.3/bin/../lib/gcc/arm-none-eabi/4.9.3/../../../../arm-none-eabi/lib/armv6-m\libg_nano.a(lib_a-memcpy.o)
                0x00006092                memcpy
 .text._Balloc  0x000060a4       0x70 c:/program files (x86)/cypress/psoc creator/3.3/psoc creator/import/gnu/arm/4.9.3/bin/../lib/gcc/arm-none-eabi/4.9.3/../../../../arm-none-eabi/lib/armv6-m\libg_nano.a(lib_a-mprec.o)
                0x000060a4                _Balloc
 .text._Bfree   0x00006114       0x32 c:/program files (x86)/cypress/psoc creator/3.3/psoc creator/import/gnu/arm/4.9.3/bin/../lib/gcc/arm-none-eabi/4.9.3/../../../../arm-none-eabi/lib/armv6-m\libg_nano.a(lib_a-mprec.o)
                0x00006114                _Bfree
 .text.__multadd
                0x00006146       0x78 c:/program files (x86)/cypress/psoc creator/3.3/psoc creator/import/gnu/arm/4.9.3/bin/../lib/gcc/arm-none-eabi/4.9.3/../../../../arm-none-eabi/lib/armv6-m\libg_nano.a(lib_a-mprec.o)
                0x00006146                __multadd
 .text.__hi0bits
                0x000061be       0x36 c:/program files (x86)/cypress/psoc creator/3.3/psoc creator/import/gnu/arm/4.9.3/bin/../lib/gcc/arm-none-eabi/4.9.3/../../../../arm-none-eabi/lib/armv6-m\libg_nano.a(lib_a-mprec.o)
                0x000061be                __hi0bits
 .text.__lo0bits
                0x000061f4       0x5e c:/program files (x86)/cypress/psoc creator/3.3/psoc creator/import/gnu/arm/4.9.3/bin/../lib/gcc/arm-none-eabi/4.9.3/../../../../arm-none-eabi/lib/armv6-m\libg_nano.a(lib_a-mprec.o)
                0x000061f4                __lo0bits
 .text.__i2b    0x00006252       0x12 c:/program files (x86)/cypress/psoc creator/3.3/psoc creator/import/gnu/arm/4.9.3/bin/../lib/gcc/arm-none-eabi/4.9.3/../../../../arm-none-eabi/lib/armv6-m\libg_nano.a(lib_a-mprec.o)
                0x00006252                __i2b
 .text.__multiply
                0x00006264      0x11a c:/program files (x86)/cypress/psoc creator/3.3/psoc creator/import/gnu/arm/4.9.3/bin/../lib/gcc/arm-none-eabi/4.9.3/../../../../arm-none-eabi/lib/armv6-m\libg_nano.a(lib_a-mprec.o)
                0x00006264                __multiply
 *fill*         0x0000637e        0x2 
 .text.__pow5mult
                0x00006380       0xa4 c:/program files (x86)/cypress/psoc creator/3.3/psoc creator/import/gnu/arm/4.9.3/bin/../lib/gcc/arm-none-eabi/4.9.3/../../../../arm-none-eabi/lib/armv6-m\libg_nano.a(lib_a-mprec.o)
                0x00006380                __pow5mult
 .text.__lshift
                0x00006424       0xa4 c:/program files (x86)/cypress/psoc creator/3.3/psoc creator/import/gnu/arm/4.9.3/bin/../lib/gcc/arm-none-eabi/4.9.3/../../../../arm-none-eabi/lib/armv6-m\libg_nano.a(lib_a-mprec.o)
                0x00006424                __lshift
 .text.__mcmp   0x000064c8       0x36 c:/program files (x86)/cypress/psoc creator/3.3/psoc creator/import/gnu/arm/4.9.3/bin/../lib/gcc/arm-none-eabi/4.9.3/../../../../arm-none-eabi/lib/armv6-m\libg_nano.a(lib_a-mprec.o)
                0x000064c8                __mcmp
 .text.__mdiff  0x000064fe       0xd6 c:/program files (x86)/cypress/psoc creator/3.3/psoc creator/import/gnu/arm/4.9.3/bin/../lib/gcc/arm-none-eabi/4.9.3/../../../../arm-none-eabi/lib/armv6-m\libg_nano.a(lib_a-mprec.o)
                0x000064fe                __mdiff
 .text.__d2b    0x000065d4       0xa8 c:/program files (x86)/cypress/psoc creator/3.3/psoc creator/import/gnu/arm/4.9.3/bin/../lib/gcc/arm-none-eabi/4.9.3/../../../../arm-none-eabi/lib/armv6-m\libg_nano.a(lib_a-mprec.o)
                0x000065d4                __d2b
 .text._calloc_r
                0x0000667c       0x1c c:/program files (x86)/cypress/psoc creator/3.3/psoc creator/import/gnu/arm/4.9.3/bin/../lib/gcc/arm-none-eabi/4.9.3/../../../../arm-none-eabi/lib/armv6-m\libg_nano.a(lib_a-nano-callocr.o)
                0x0000667c                _calloc_r
 .text._free_r  0x00006698       0x8c c:/program files (x86)/cypress/psoc creator/3.3/psoc creator/import/gnu/arm/4.9.3/bin/../lib/gcc/arm-none-eabi/4.9.3/../../../../arm-none-eabi/lib/armv6-m\libg_nano.a(lib_a-nano-freer.o)
                0x00006698                _free_r
 .text._malloc_r
                0x00006724       0xb0 c:/program files (x86)/cypress/psoc creator/3.3/psoc creator/import/gnu/arm/4.9.3/bin/../lib/gcc/arm-none-eabi/4.9.3/../../../../arm-none-eabi/lib/armv6-m\libg_nano.a(lib_a-nano-mallocr.o)
                0x00006724                _malloc_r
 .text.__ssputs_r
                0x000067d4       0xc0 c:/program files (x86)/cypress/psoc creator/3.3/psoc creator/import/gnu/arm/4.9.3/bin/../lib/gcc/arm-none-eabi/4.9.3/../../../../arm-none-eabi/lib/armv6-m\libg_nano.a(lib_a-nano-svfprintf.o)
                0x000067d4                __ssputs_r
 .text._svfprintf_r
                0x00006894      0x1ec c:/program files (x86)/cypress/psoc creator/3.3/psoc creator/import/gnu/arm/4.9.3/bin/../lib/gcc/arm-none-eabi/4.9.3/../../../../arm-none-eabi/lib/armv6-m\libg_nano.a(lib_a-nano-svfprintf.o)
                0x00006894                _svfiprintf_r
                0x00006894                _svfprintf_r
 .text._sbrk_r  0x00006a80       0x24 c:/program files (x86)/cypress/psoc creator/3.3/psoc creator/import/gnu/arm/4.9.3/bin/../lib/gcc/arm-none-eabi/4.9.3/../../../../arm-none-eabi/lib/armv6-m\libg_nano.a(lib_a-sbrkr.o)
                0x00006a80                _sbrk_r
 .text.memmove  0x00006aa4       0x28 c:/program files (x86)/cypress/psoc creator/3.3/psoc creator/import/gnu/arm/4.9.3/bin/../lib/gcc/arm-none-eabi/4.9.3/../../../../arm-none-eabi/lib/armv6-m\libg_nano.a(lib_a-memmove.o)
                0x00006aa4                memmove
 .text._realloc_r
                0x00006acc       0x4c c:/program files (x86)/cypress/psoc creator/3.3/psoc creator/import/gnu/arm/4.9.3/bin/../lib/gcc/arm-none-eabi/4.9.3/../../../../arm-none-eabi/lib/armv6-m\libg_nano.a(lib_a-nano-reallocr.o)
                0x00006acc                _realloc_r
 .text._malloc_usable_size_r
                0x00006b18       0x16 c:/program files (x86)/cypress/psoc creator/3.3/psoc creator/import/gnu/arm/4.9.3/bin/../lib/gcc/arm-none-eabi/4.9.3/../../../../arm-none-eabi/lib/armv6-m\libg_nano.a(lib_a-nano-msizer.o)
                0x00006b18                _malloc_usable_size_r
 *fill*         0x00006b2e        0x2 
 .text          0x00006b30       0x14 c:/program files (x86)/cypress/psoc creator/3.3/psoc creator/import/gnu/arm/4.9.3/bin/../lib/gcc/arm-none-eabi/4.9.3/armv6-m\libgcc.a(_thumb1_case_uqi.o)
                0x00006b30                __gnu_thumb1_case_uqi
 .text          0x00006b44      0x1e0 c:/program files (x86)/cypress/psoc creator/3.3/psoc creator/import/gnu/arm/4.9.3/bin/../lib/gcc/arm-none-eabi/4.9.3/armv6-m\libgcc.a(_divsi3.o)
                0x00006b44                __divsi3
                0x00006b44                __aeabi_idiv
                0x00006d10                __aeabi_idivmod
 .text          0x00006d24       0x6c c:/program files (x86)/cypress/psoc creator/3.3/psoc creator/import/gnu/arm/4.9.3/bin/../lib/gcc/arm-none-eabi/4.9.3/armv6-m\libgcc.a(fixdfsi.o)
                0x00006d24                __aeabi_d2iz
 .text          0x00006d90       0x78 c:/program files (x86)/cypress/psoc creator/3.3/psoc creator/import/gnu/arm/4.9.3/bin/../lib/gcc/arm-none-eabi/4.9.3/armv6-m\libgcc.a(floatsidf.o)
                0x00006d90                __aeabi_i2d
 .text          0x00006e08       0x64 c:/program files (x86)/cypress/psoc creator/3.3/psoc creator/import/gnu/arm/4.9.3/bin/../lib/gcc/arm-none-eabi/4.9.3/armv6-m\libgcc.a(floatunsidf.o)
                0x00006e08                __aeabi_ui2d
 *(.plt)
 *(.gnu.warning)
 *(.glue_7t)
 .glue_7t       0x00000000        0x0 linker stubs
 *(.glue_7)
 .glue_7        0x00000000        0x0 linker stubs
 *(.vfp11_veneer)
 .vfp11_veneer  0x00000000        0x0 linker stubs
 *(.bootloader)
 *(.ARM.extab* .gnu.linkonce.armextab.*)
 *(.gcc_except_table)

.v4_bx          0x00006e6c        0x0
 .v4_bx         0x00000000        0x0 linker stubs

.iplt           0x00006e6c        0x0
 .iplt          0x00000000        0x0 c:/program files (x86)/cypress/psoc creator/3.3/psoc creator/import/gnu/arm/4.9.3/bin/../lib/gcc/arm-none-eabi/4.9.3/armv6-m/crtbegin.o

.eh_frame_hdr
 *(.eh_frame_hdr)

.eh_frame       0x00006e6c        0x4
 *(.eh_frame)
 .eh_frame      0x00006e6c        0x0 c:/program files (x86)/cypress/psoc creator/3.3/psoc creator/import/gnu/arm/4.9.3/bin/../lib/gcc/arm-none-eabi/4.9.3/armv6-m/crtbegin.o
 .eh_frame      0x00006e6c        0x0 c:/program files (x86)/cypress/psoc creator/3.3/psoc creator/import/gnu/arm/4.9.3/bin/../lib/gcc/arm-none-eabi/4.9.3/../../../../arm-none-eabi/lib/armv6-m\libg_nano.a(lib_a-strcmp.o)
                                 0x28 (size before relaxing)
 .eh_frame      0x00006e6c        0x4 c:/program files (x86)/cypress/psoc creator/3.3/psoc creator/import/gnu/arm/4.9.3/bin/../lib/gcc/arm-none-eabi/4.9.3/armv6-m/crtend.o
                0x00006e70                PROVIDE (__exidx_start, .)

.ARM.exidx
 *(.ARM.exidx* .gnu.linkonce.armexidx.*)
                0x00006e70                __exidx_end = .

.rodata         0x00006e70      0x3f8
 *(.rodata .rodata.* .gnu.linkonce.r.*)
 .rodata.str1.4
                0x00006e70       0x11 .\CortexM0\ARM_GCC_493\Debug\main.o
                                 0x14 (size before relaxing)
 *fill*         0x00006e81        0x3 
 .rodata        0x00006e84       0xb8 .\CortexM0\ARM_GCC_493\Debug\DARPA_HESA_Sensor.a(cyfitter_cfg.o)
 .rodata        0x00006f3c       0x30 .\CortexM0\ARM_GCC_493\Debug\DARPA_HESA_Sensor.a(CyLib.o)
                0x00006f3c                cyImoFreqMhz2Reg
 .rodata.str1.4
                0x00006f6c        0x8 c:/program files (x86)/cypress/psoc creator/3.3/psoc creator/import/gnu/arm/4.9.3/bin/../lib/gcc/arm-none-eabi/4.9.3/../../../../arm-none-eabi/lib/armv6-m\libm.a(lib_a-wf_sqrt.o)
 .rodata.atanlo
                0x00006f74       0x10 c:/program files (x86)/cypress/psoc creator/3.3/psoc creator/import/gnu/arm/4.9.3/bin/../lib/gcc/arm-none-eabi/4.9.3/../../../../arm-none-eabi/lib/armv6-m\libm.a(lib_a-sf_atan.o)
 .rodata.atanhi
                0x00006f84       0x10 c:/program files (x86)/cypress/psoc creator/3.3/psoc creator/import/gnu/arm/4.9.3/bin/../lib/gcc/arm-none-eabi/4.9.3/../../../../arm-none-eabi/lib/armv6-m\libm.a(lib_a-sf_atan.o)
 .rodata        0x00006f94       0x80 c:/program files (x86)/cypress/psoc creator/3.3/psoc creator/import/gnu/arm/4.9.3/bin/../lib/gcc/arm-none-eabi/4.9.3/armv6-m\libgcc.a(divsf3.o)
 .rodata        0x00007014       0x40 c:/program files (x86)/cypress/psoc creator/3.3/psoc creator/import/gnu/arm/4.9.3/bin/../lib/gcc/arm-none-eabi/4.9.3/armv6-m\libgcc.a(mulsf3.o)
 .rodata        0x00007054       0x40 c:/program files (x86)/cypress/psoc creator/3.3/psoc creator/import/gnu/arm/4.9.3/bin/../lib/gcc/arm-none-eabi/4.9.3/armv6-m\libgcc.a(divdf3.o)
 .rodata        0x00007094       0x40 c:/program files (x86)/cypress/psoc creator/3.3/psoc creator/import/gnu/arm/4.9.3/bin/../lib/gcc/arm-none-eabi/4.9.3/armv6-m\libgcc.a(muldf3.o)
 .rodata.str1.1
                0x000070d4        0x2 c:/program files (x86)/cypress/psoc creator/3.3/psoc creator/import/gnu/arm/4.9.3/bin/../lib/gcc/arm-none-eabi/4.9.3/../../../../arm-none-eabi/lib/armv6-m\libg_nano.a(lib_a-impure.o)
 .rodata.str1.1
                0x000070d6       0x12 c:/program files (x86)/cypress/psoc creator/3.3/psoc creator/import/gnu/arm/4.9.3/bin/../lib/gcc/arm-none-eabi/4.9.3/../../../../arm-none-eabi/lib/armv6-m\libg_nano.a(lib_a-nano-vfprintf_float.o)
 .rodata.str1.1
                0x000070e8       0x22 c:/program files (x86)/cypress/psoc creator/3.3/psoc creator/import/gnu/arm/4.9.3/bin/../lib/gcc/arm-none-eabi/4.9.3/../../../../arm-none-eabi/lib/armv6-m\libg_nano.a(lib_a-nano-vfprintf_i.o)
 .rodata.str1.1
                0x0000710a        0xd c:/program files (x86)/cypress/psoc creator/3.3/psoc creator/import/gnu/arm/4.9.3/bin/../lib/gcc/arm-none-eabi/4.9.3/../../../../arm-none-eabi/lib/armv6-m\libg_nano.a(lib_a-dtoa.o)
                                  0xf (size before relaxing)
 .rodata.str1.1
                0x00007117        0x8 c:/program files (x86)/cypress/psoc creator/3.3/psoc creator/import/gnu/arm/4.9.3/bin/../lib/gcc/arm-none-eabi/4.9.3/../../../../arm-none-eabi/lib/armv6-m\libg_nano.a(lib_a-locale.o)
                                  0xb (size before relaxing)
 *fill*         0x0000711f        0x1 
 .rodata.__mprec_tens
                0x00007120       0xc8 c:/program files (x86)/cypress/psoc creator/3.3/psoc creator/import/gnu/arm/4.9.3/bin/../lib/gcc/arm-none-eabi/4.9.3/../../../../arm-none-eabi/lib/armv6-m\libg_nano.a(lib_a-mprec.o)
                0x00007120                __mprec_tens
 .rodata.__mprec_bigtens
                0x000071e8       0x28 c:/program files (x86)/cypress/psoc creator/3.3/psoc creator/import/gnu/arm/4.9.3/bin/../lib/gcc/arm-none-eabi/4.9.3/../../../../arm-none-eabi/lib/armv6-m\libg_nano.a(lib_a-mprec.o)
                0x000071e8                __mprec_bigtens
 .rodata.p05.5308
                0x00007210        0xc c:/program files (x86)/cypress/psoc creator/3.3/psoc creator/import/gnu/arm/4.9.3/bin/../lib/gcc/arm-none-eabi/4.9.3/../../../../arm-none-eabi/lib/armv6-m\libg_nano.a(lib_a-mprec.o)
 .rodata.str1.1
                0x0000721c       0x11 c:/program files (x86)/cypress/psoc creator/3.3/psoc creator/import/gnu/arm/4.9.3/bin/../lib/gcc/arm-none-eabi/4.9.3/../../../../arm-none-eabi/lib/armv6-m\libg_nano.a(lib_a-nano-svfprintf.o)
                0x00007230                . = ALIGN (0x4)
 *fill*         0x0000722d        0x3 
 *(.init)
 .init          0x00007230        0x4 c:/program files (x86)/cypress/psoc creator/3.3/psoc creator/import/gnu/arm/4.9.3/bin/../lib/gcc/arm-none-eabi/4.9.3/armv6-m/crti.o
                0x00007230                _init
 .init          0x00007234        0x8 c:/program files (x86)/cypress/psoc creator/3.3/psoc creator/import/gnu/arm/4.9.3/bin/../lib/gcc/arm-none-eabi/4.9.3/armv6-m/crtn.o
                0x0000723c                . = ALIGN (0x4)
                0x0000723c                __preinit_array_start = .
 *(.preinit_array)
                0x0000723c                __preinit_array_end = .
                0x0000723c                . = ALIGN (0x4)
                0x0000723c                __init_array_start = .
 *(SORT(.init_array.*))
 *(.init_array)
 .init_array    0x0000723c        0x4 c:/program files (x86)/cypress/psoc creator/3.3/psoc creator/import/gnu/arm/4.9.3/bin/../lib/gcc/arm-none-eabi/4.9.3/armv6-m/crtbegin.o
 .init_array    0x00007240        0x4 .\CortexM0\ARM_GCC_493\Debug\Cm0Start.o
                0x00007244                __init_array_end = .
                0x00007244                . = ALIGN (0x4)
 *(.fini)
 .fini          0x00007244        0x4 c:/program files (x86)/cypress/psoc creator/3.3/psoc creator/import/gnu/arm/4.9.3/bin/../lib/gcc/arm-none-eabi/4.9.3/armv6-m/crti.o
                0x00007244                _fini
 .fini          0x00007248        0x8 c:/program files (x86)/cypress/psoc creator/3.3/psoc creator/import/gnu/arm/4.9.3/bin/../lib/gcc/arm-none-eabi/4.9.3/armv6-m/crtn.o
                0x00007250                . = ALIGN (0x4)
                0x00007250                __fini_array_start = .
 *(.fini_array)
 .fini_array    0x00007250        0x4 c:/program files (x86)/cypress/psoc creator/3.3/psoc creator/import/gnu/arm/4.9.3/bin/../lib/gcc/arm-none-eabi/4.9.3/armv6-m/crtbegin.o
 *(SORT(.fini_array.*))
                0x00007254                __fini_array_end = .
                0x00007254                . = ALIGN (0x4)
 *crtbegin.o(.ctors)
 *(EXCLUDE_FILE(*crtend.o) .ctors)
 *(SORT(.ctors.*))
 *crtend.o(.ctors)
                0x00007254                . = ALIGN (0x4)
 *crtbegin.o(.dtors)
 *(EXCLUDE_FILE(*crtend.o) .dtors)
 *(SORT(.dtors.*))
 *crtend.o(.dtors)
                0x00007254                . = ALIGN (0x4)
                0x00007254                __cy_regions = .
                0x00007254        0x4 LONG 0x7268 __cy_region_init_ram
                0x00007258        0x4 LONG 0x200000c8 __cy_region_start_data
                0x0000725c        0x4 LONG 0xc0 __cy_region_init_size_ram
                0x00007260        0x4 LONG 0x1e0 __cy_region_zero_size_ram
                0x00007264                __cy_regions_end = .
                0x00007268                . = ALIGN (0x8)
 *fill*         0x00007264        0x4 
                0x00007268                _etext = .

.cy_checksum_exclude
                0x00007268        0x0
 *(.cy_checksum_exclude)

.ramvectors     0x20000000       0xc0
                0x20000000                __cy_region_start_ram = .
 *(.ramvectors)
 .ramvectors    0x20000000       0xc0 .\CortexM0\ARM_GCC_493\Debug\Cm0Start.o
                0x20000000                CyRamVectors

.noinit         0x200000c0        0x4
 *(.noinit)
 .noinit        0x200000c0        0x4 .\CortexM0\ARM_GCC_493\Debug\Cm0Start.o

.data           0x200000c8       0xc0 load address 0x00007268
                0x200000c8                __cy_region_start_data = .
 *(.jcr)
 .jcr           0x200000c8        0x0 c:/program files (x86)/cypress/psoc creator/3.3/psoc creator/import/gnu/arm/4.9.3/bin/../lib/gcc/arm-none-eabi/4.9.3/armv6-m/crtbegin.o
 .jcr           0x200000c8        0x4 c:/program files (x86)/cypress/psoc creator/3.3/psoc creator/import/gnu/arm/4.9.3/bin/../lib/gcc/arm-none-eabi/4.9.3/armv6-m/crtend.o
 *(.got.plt)
 *(.got)
 *(.shdata)
 *(.data .data.* .gnu.linkonce.d.*)
 .data          0x200000cc        0x4 .\CortexM0\ARM_GCC_493\Debug\Cm0Start.o
 .data          0x200000d0       0x10 .\CortexM0\ARM_GCC_493\Debug\DARPA_HESA_Sensor.a(CyLib.o)
                0x200000d0                cydelay32kMs
                0x200000d4                cydelayFreqKhz
                0x200000d8                cydelayFreqMhz
                0x200000dc                cydelayFreqHz
 .data          0x200000e0        0x4 .\CortexM0\ARM_GCC_493\Debug\DARPA_HESA_Sensor.a(CyLFClk.o)
 .data.__fdlib_version
                0x200000e4        0x1 c:/program files (x86)/cypress/psoc creator/3.3/psoc creator/import/gnu/arm/4.9.3/bin/../lib/gcc/arm-none-eabi/4.9.3/../../../../arm-none-eabi/lib/armv6-m\libm.a(lib_a-s_lib_ver.o)
                0x200000e4                __fdlib_version
 *fill*         0x200000e5        0x3 
 .data.impure_data
                0x200000e8       0x60 c:/program files (x86)/cypress/psoc creator/3.3/psoc creator/import/gnu/arm/4.9.3/bin/../lib/gcc/arm-none-eabi/4.9.3/../../../../arm-none-eabi/lib/armv6-m\libg_nano.a(lib_a-impure.o)
 .data._impure_ptr
                0x20000148        0x4 c:/program files (x86)/cypress/psoc creator/3.3/psoc creator/import/gnu/arm/4.9.3/bin/../lib/gcc/arm-none-eabi/4.9.3/../../../../arm-none-eabi/lib/armv6-m\libg_nano.a(lib_a-impure.o)
                0x20000148                _impure_ptr
 .data.lconv    0x2000014c       0x38 c:/program files (x86)/cypress/psoc creator/3.3/psoc creator/import/gnu/arm/4.9.3/bin/../lib/gcc/arm-none-eabi/4.9.3/../../../../arm-none-eabi/lib/armv6-m\libg_nano.a(lib_a-locale.o)
                0x20000188                . = ALIGN (0x8)
 *fill*         0x20000184        0x4 
 *(.ram)
                0x20000188                _edata = .

.igot.plt       0x20000188        0x0 load address 0x00007328
 .igot.plt      0x00000000        0x0 c:/program files (x86)/cypress/psoc creator/3.3/psoc creator/import/gnu/arm/4.9.3/bin/../lib/gcc/arm-none-eabi/4.9.3/armv6-m/crtbegin.o

.bss            0x20000188      0x1e0 load address 0x00007328
                0x20000188                PROVIDE (__bss_start__, .)
 *(.shbss)
 *(.bss .bss.* .gnu.linkonce.b.*)
 .bss           0x20000188       0x1c c:/program files (x86)/cypress/psoc creator/3.3/psoc creator/import/gnu/arm/4.9.3/bin/../lib/gcc/arm-none-eabi/4.9.3/armv6-m/crtbegin.o
 .bss           0x200001a4       0x20 .\CortexM0\ARM_GCC_493\Debug\main.o
                0x200001a4                fiveMicroSeconds_count
                0x200001a8                i
                0x200001ac                roll
                0x200001b0                pitch
                0x200001b4                rolld
                0x200001b8                pitchd
                0x200001bc                filtered_combo_roll
                0x200001c0                filtered_combo_pitch
 .bss           0x200001c4       0x1c .\CortexM0\ARM_GCC_493\Debug\DARPA_HESA_Sensor.a(CyLFClk.o)
 .bss           0x200001e0        0x8 .\CortexM0\ARM_GCC_493\Debug\DARPA_HESA_Sensor.a(I2C_bus.o)
                0x200001e0                I2C_bus_initVar
                0x200001e4                I2C_bus_customIntrHandler
 .bss           0x200001e8        0x1 .\CortexM0\ARM_GCC_493\Debug\DARPA_HESA_Sensor.a(Timer_1.o)
                0x200001e8                Timer_1_initVar
 .bss           0x200001e9        0x1 .\CortexM0\ARM_GCC_493\Debug\DARPA_HESA_Sensor.a(SERIAL.o)
                0x200001e9                SERIAL_initVar
 *fill*         0x200001ea        0x2 
 .bss.__malloc_sbrk_start
                0x200001ec        0x4 c:/program files (x86)/cypress/psoc creator/3.3/psoc creator/import/gnu/arm/4.9.3/bin/../lib/gcc/arm-none-eabi/4.9.3/../../../../arm-none-eabi/lib/armv6-m\libg_nano.a(lib_a-nano-mallocr.o)
                0x200001ec                __malloc_sbrk_start
 .bss.__malloc_free_list
                0x200001f0        0x4 c:/program files (x86)/cypress/psoc creator/3.3/psoc creator/import/gnu/arm/4.9.3/bin/../lib/gcc/arm-none-eabi/4.9.3/../../../../arm-none-eabi/lib/armv6-m\libg_nano.a(lib_a-nano-mallocr.o)
                0x200001f0                __malloc_free_list
 *(COMMON)
 COMMON         0x200001f4      0x14a .\CortexM0\ARM_GCC_493\Debug\main.o
                0x200001f4                CAY
                0x200001f8                AZoff
                0x200001fc                current_Gvector
                0x2000020c                CGZ
                0x20000210                GY
                0x20000214                Gx_integrated
                0x20000218                AY
                0x2000021c                CAX
                0x20000220                GXoff
                0x20000224                GZ
                0x20000228                CGX
                0x2000022c                buffer
                0x20000244                AYoff
                0x20000248                CT
                0x2000024c                AZ
                0x20000250                Gz_integrated
                0x20000254                GYoff
                0x20000258                Gy_integrated
                0x2000025c                CGY
                0x20000260                buf
                0x20000328                AXoff
                0x2000032c                devAddr
                0x20000330                GX
                0x20000334                AX
                0x20000338                GZoff
                0x2000033c                CAZ
 COMMON         0x2000033e        0x1 .\CortexM0\ARM_GCC_493\Debug\DARPA_HESA_Sensor.a(I2C_bus_I2C.o)
                0x2000033e                I2C_bus_state
 *fill*         0x2000033f        0x1 
 COMMON         0x20000340       0x20 .\CortexM0\ARM_GCC_493\Debug\DARPA_HESA_Sensor.a(I2C_bus_I2C_MASTER.o)
                0x20000340                I2C_bus_mstrWrBufSize
                0x20000344                I2C_bus_mstrWrBufIndexTmp
                0x20000348                I2C_bus_mstrRdBufIndex
                0x2000034c                I2C_bus_mstrWrBufIndex
                0x20000350                I2C_bus_mstrWrBufPtr
                0x20000354                I2C_bus_mstrControl
                0x20000356                I2C_bus_mstrStatus
                0x20000358                I2C_bus_mstrRdBufSize
                0x2000035c                I2C_bus_mstrRdBufPtr
 COMMON         0x20000360        0x4 c:/program files (x86)/cypress/psoc creator/3.3/psoc creator/import/gnu/arm/4.9.3/bin/../lib/gcc/arm-none-eabi/4.9.3/../../../../arm-none-eabi/lib/armv6-m\libg_nano.a(lib_a-reent.o)
                0x20000360                errno
                0x20000368                . = ALIGN (0x8)
 *fill*         0x20000364        0x4 
 *(.ram.b)
                0x20000368                _end = .
                0x20000368                __end = .
                0x20000368                PROVIDE (end, .)
                0x20000368                PROVIDE (__bss_end__, .)
                0x00007268                __cy_region_init_ram = LOADADDR (.data)
                0x000000c0                __cy_region_init_size_ram = (_edata - ADDR (.data))
                0x000001e0                __cy_region_zero_size_ram = (_end - _edata)

.heap           0x20000368      0x200 load address 0x00007328
                0x20000368                . = _end
                0x20000568                . = (. + 0x200)
 *fill*         0x20000368      0x200 
                0x20000568                __cy_heap_limit = .

.stack          0x20003800      0x800
                0x20003800                __cy_stack_limit = .
                0x20004000                . = (. + 0x800)
 *fill*         0x20003800      0x800 
                0x00000001                ASSERT ((__cy_stack_limit >= __cy_heap_limit), region RAM overflowed with stack)
                0x00000000                cy_checksum_exclude_size = (CY_APPL_LOADABLE == 0x1)?SIZEOF (.cy_checksum_exclude):0x0
                0x00000001                ASSERT ((cy_checksum_exclude_size <= CY_CHECKSUM_EXCLUDE_SIZE), CY_BOOT: Section .cy_checksum_exclude size exceedes specified limit.)
                0x0001ffc0                cyloadermeta_start = (cy_project_type_bootloader || cy_project_type_app_for_stack_and_copier)?(0x20000 - CY_METADATA_SIZE):0xf0000000

.cyloadermeta
 *(.cyloadermeta)
                0x0001ffc0                cyloadablemeta_start = cy_project_type_app_for_stack_and_copier?((0x20000 - CY_FLASH_ROW_SIZE) - CY_METADATA_SIZE):((0x20000 - (CY_FLASH_ROW_SIZE * (CY_APPL_NUM - 0x1))) - CY_METADATA_SIZE)

.cyloadablemeta
 *(.cyloadablemeta)

.cyflashprotect
                0x90400000       0x80
 *(.cyflashprotect)
 .cyflashprotect
                0x90400000       0x80 .\CortexM0\ARM_GCC_493\Debug\cymetadata.o
                0x90400000                cy_meta_flashprotect

.cymeta         0x90500000        0xc
 *(.cymeta)
 .cymeta        0x90500000        0xc .\CortexM0\ARM_GCC_493\Debug\cymetadata.o
                0x90500000                cy_metadata

.cychipprotect  0x90600000        0x4
 *(.cychipprotect)
 .cychipprotect
                0x90600000        0x4 .\CortexM0\ARM_GCC_493\Debug\cymetadata.o
                0x90600000                cy_meta_chipprotect

.rel.dyn        0x00007328        0x0 load address 0x90600004
 .rel.iplt      0x00000000        0x0 c:/program files (x86)/cypress/psoc creator/3.3/psoc creator/import/gnu/arm/4.9.3/bin/../lib/gcc/arm-none-eabi/4.9.3/armv6-m/crtbegin.o

.stab
 *(.stab)

.stabstr
 *(.stabstr)

.debug
 *(.debug)

.line
 *(.line)

.debug_srcinfo
 *(.debug_srcinfo)

.debug_sfnames
 *(.debug_sfnames)

.debug_aranges  0x00000000     0x1088
 *(.debug_aranges)
 .debug_aranges
                0x00000000       0x40 .\CortexM0\ARM_GCC_493\Debug\main.o
 .debug_aranges
                0x00000040      0x838 .\CortexM0\ARM_GCC_493\Debug\mpu6050.o
 .debug_aranges
                0x00000878       0x68 .\CortexM0\ARM_GCC_493\Debug\i2cFunctions.o
 .debug_aranges
                0x000008e0       0x18 .\CortexM0\ARM_GCC_493\Debug\cymetadata.o
 .debug_aranges
                0x000008f8       0x48 .\CortexM0\ARM_GCC_493\Debug\Cm0Start.o
 .debug_aranges
                0x00000940       0x40 .\CortexM0\ARM_GCC_493\Debug\DARPA_HESA_Sensor.a(cyfitter_cfg.o)
 .debug_aranges
                0x00000980       0x20 .\CortexM0\ARM_GCC_493\Debug\DARPA_HESA_Sensor.a(CyBootAsmGnu.o)
 .debug_aranges
                0x000009a0      0x198 .\CortexM0\ARM_GCC_493\Debug\DARPA_HESA_Sensor.a(CyLib.o)
 .debug_aranges
                0x00000b38      0x150 .\CortexM0\ARM_GCC_493\Debug\DARPA_HESA_Sensor.a(CyLFClk.o)
 .debug_aranges
                0x00000c88       0x60 .\CortexM0\ARM_GCC_493\Debug\DARPA_HESA_Sensor.a(I2C_bus.o)
 .debug_aranges
                0x00000ce8       0x28 .\CortexM0\ARM_GCC_493\Debug\DARPA_HESA_Sensor.a(I2C_bus_I2C.o)
 .debug_aranges
                0x00000d10       0x88 .\CortexM0\ARM_GCC_493\Debug\DARPA_HESA_Sensor.a(I2C_bus_I2C_MASTER.o)
 .debug_aranges
                0x00000d98       0x40 .\CortexM0\ARM_GCC_493\Debug\DARPA_HESA_Sensor.a(I2C_bus_sda.o)
 .debug_aranges
                0x00000dd8       0x40 .\CortexM0\ARM_GCC_493\Debug\DARPA_HESA_Sensor.a(I2C_bus_scl.o)
 .debug_aranges
                0x00000e18       0x90 .\CortexM0\ARM_GCC_493\Debug\DARPA_HESA_Sensor.a(Timer_1.o)
 .debug_aranges
                0x00000ea8       0x80 .\CortexM0\ARM_GCC_493\Debug\DARPA_HESA_Sensor.a(isr_1.o)
 .debug_aranges
                0x00000f28       0x58 .\CortexM0\ARM_GCC_493\Debug\DARPA_HESA_Sensor.a(SERIAL.o)
 .debug_aranges
                0x00000f80       0x88 .\CortexM0\ARM_GCC_493\Debug\DARPA_HESA_Sensor.a(SERIAL_UART.o)
 .debug_aranges
                0x00001008       0x20 .\CortexM0\ARM_GCC_493\Debug\DARPA_HESA_Sensor.a(I2C_bus_I2C_INT.o)
 .debug_aranges
                0x00001028       0x60 .\CortexM0\ARM_GCC_493\Debug\DARPA_HESA_Sensor.a(SERIAL_SPI_UART.o)

.debug_pubnames
 *(.debug_pubnames)

.debug_info     0x00000000     0x8b84
 *(.debug_info .gnu.linkonce.wi.*)
 .debug_info    0x00000000      0x775 .\CortexM0\ARM_GCC_493\Debug\main.o
 .debug_info    0x00000775     0x3fa5 .\CortexM0\ARM_GCC_493\Debug\mpu6050.o
 .debug_info    0x0000471a      0x683 .\CortexM0\ARM_GCC_493\Debug\i2cFunctions.o
 .debug_info    0x00004d9d       0xfd .\CortexM0\ARM_GCC_493\Debug\cymetadata.o
 .debug_info    0x00004e9a      0x38a .\CortexM0\ARM_GCC_493\Debug\Cm0Start.o
 .debug_info    0x00005224      0x492 .\CortexM0\ARM_GCC_493\Debug\DARPA_HESA_Sensor.a(cyfitter_cfg.o)
 .debug_info    0x000056b6       0xa1 .\CortexM0\ARM_GCC_493\Debug\DARPA_HESA_Sensor.a(CyBootAsmGnu.o)
 .debug_info    0x00005757      0xb1c .\CortexM0\ARM_GCC_493\Debug\DARPA_HESA_Sensor.a(CyLib.o)
 .debug_info    0x00006273      0xdba .\CortexM0\ARM_GCC_493\Debug\DARPA_HESA_Sensor.a(CyLFClk.o)
 .debug_info    0x0000702d      0x295 .\CortexM0\ARM_GCC_493\Debug\DARPA_HESA_Sensor.a(I2C_bus.o)
 .debug_info    0x000072c2      0x1a8 .\CortexM0\ARM_GCC_493\Debug\DARPA_HESA_Sensor.a(I2C_bus_I2C.o)
 .debug_info    0x0000746a      0x5a0 .\CortexM0\ARM_GCC_493\Debug\DARPA_HESA_Sensor.a(I2C_bus_I2C_MASTER.o)
 .debug_info    0x00007a0a      0x14e .\CortexM0\ARM_GCC_493\Debug\DARPA_HESA_Sensor.a(I2C_bus_sda.o)
 .debug_info    0x00007b58      0x150 .\CortexM0\ARM_GCC_493\Debug\DARPA_HESA_Sensor.a(I2C_bus_scl.o)
 .debug_info    0x00007ca8      0x2e7 .\CortexM0\ARM_GCC_493\Debug\DARPA_HESA_Sensor.a(Timer_1.o)
 .debug_info    0x00007f8f      0x2fe .\CortexM0\ARM_GCC_493\Debug\DARPA_HESA_Sensor.a(isr_1.o)
 .debug_info    0x0000828d      0x208 .\CortexM0\ARM_GCC_493\Debug\DARPA_HESA_Sensor.a(SERIAL.o)
 .debug_info    0x00008495      0x350 .\CortexM0\ARM_GCC_493\Debug\DARPA_HESA_Sensor.a(SERIAL_UART.o)
 .debug_info    0x000087e5      0x18a .\CortexM0\ARM_GCC_493\Debug\DARPA_HESA_Sensor.a(I2C_bus_I2C_INT.o)
 .debug_info    0x0000896f      0x215 .\CortexM0\ARM_GCC_493\Debug\DARPA_HESA_Sensor.a(SERIAL_SPI_UART.o)

.debug_abbrev   0x00000000     0x1a92
 *(.debug_abbrev)
 .debug_abbrev  0x00000000      0x20f .\CortexM0\ARM_GCC_493\Debug\main.o
 .debug_abbrev  0x0000020f      0x1f0 .\CortexM0\ARM_GCC_493\Debug\mpu6050.o
 .debug_abbrev  0x000003ff      0x103 .\CortexM0\ARM_GCC_493\Debug\i2cFunctions.o
 .debug_abbrev  0x00000502       0x5d .\CortexM0\ARM_GCC_493\Debug\cymetadata.o
 .debug_abbrev  0x0000055f      0x1fe .\CortexM0\ARM_GCC_493\Debug\Cm0Start.o
 .debug_abbrev  0x0000075d      0x1fc .\CortexM0\ARM_GCC_493\Debug\DARPA_HESA_Sensor.a(cyfitter_cfg.o)
 .debug_abbrev  0x00000959       0x14 .\CortexM0\ARM_GCC_493\Debug\DARPA_HESA_Sensor.a(CyBootAsmGnu.o)
 .debug_abbrev  0x0000096d      0x20d .\CortexM0\ARM_GCC_493\Debug\DARPA_HESA_Sensor.a(CyLib.o)
 .debug_abbrev  0x00000b7a      0x26d .\CortexM0\ARM_GCC_493\Debug\DARPA_HESA_Sensor.a(CyLFClk.o)
 .debug_abbrev  0x00000de7      0x150 .\CortexM0\ARM_GCC_493\Debug\DARPA_HESA_Sensor.a(I2C_bus.o)
 .debug_abbrev  0x00000f37      0x100 .\CortexM0\ARM_GCC_493\Debug\DARPA_HESA_Sensor.a(I2C_bus_I2C.o)
 .debug_abbrev  0x00001037      0x196 .\CortexM0\ARM_GCC_493\Debug\DARPA_HESA_Sensor.a(I2C_bus_I2C_MASTER.o)
 .debug_abbrev  0x000011cd       0xc6 .\CortexM0\ARM_GCC_493\Debug\DARPA_HESA_Sensor.a(I2C_bus_sda.o)
 .debug_abbrev  0x00001293       0xb7 .\CortexM0\ARM_GCC_493\Debug\DARPA_HESA_Sensor.a(I2C_bus_scl.o)
 .debug_abbrev  0x0000134a      0x152 .\CortexM0\ARM_GCC_493\Debug\DARPA_HESA_Sensor.a(Timer_1.o)
 .debug_abbrev  0x0000149c      0x1c1 .\CortexM0\ARM_GCC_493\Debug\DARPA_HESA_Sensor.a(isr_1.o)
 .debug_abbrev  0x0000165d       0xe2 .\CortexM0\ARM_GCC_493\Debug\DARPA_HESA_Sensor.a(SERIAL.o)
 .debug_abbrev  0x0000173f      0x148 .\CortexM0\ARM_GCC_493\Debug\DARPA_HESA_Sensor.a(SERIAL_UART.o)
 .debug_abbrev  0x00001887       0x95 .\CortexM0\ARM_GCC_493\Debug\DARPA_HESA_Sensor.a(I2C_bus_I2C_INT.o)
 .debug_abbrev  0x0000191c      0x176 .\CortexM0\ARM_GCC_493\Debug\DARPA_HESA_Sensor.a(SERIAL_SPI_UART.o)

.debug_line     0x00000000     0x365f
 *(.debug_line)
 .debug_line    0x00000000      0x303 .\CortexM0\ARM_GCC_493\Debug\main.o
 .debug_line    0x00000303     0x1486 .\CortexM0\ARM_GCC_493\Debug\mpu6050.o
 .debug_line    0x00001789      0x24b .\CortexM0\ARM_GCC_493\Debug\i2cFunctions.o
 .debug_line    0x000019d4       0x53 .\CortexM0\ARM_GCC_493\Debug\cymetadata.o
 .debug_line    0x00001a27      0x249 .\CortexM0\ARM_GCC_493\Debug\Cm0Start.o
 .debug_line    0x00001c70      0x193 .\CortexM0\ARM_GCC_493\Debug\DARPA_HESA_Sensor.a(cyfitter_cfg.o)
 .debug_line    0x00001e03       0x68 .\CortexM0\ARM_GCC_493\Debug\DARPA_HESA_Sensor.a(CyBootAsmGnu.o)
 .debug_line    0x00001e6b      0x483 .\CortexM0\ARM_GCC_493\Debug\DARPA_HESA_Sensor.a(CyLib.o)
 .debug_line    0x000022ee      0x4cf .\CortexM0\ARM_GCC_493\Debug\DARPA_HESA_Sensor.a(CyLFClk.o)
 .debug_line    0x000027bd      0x145 .\CortexM0\ARM_GCC_493\Debug\DARPA_HESA_Sensor.a(I2C_bus.o)
 .debug_line    0x00002902       0xc6 .\CortexM0\ARM_GCC_493\Debug\DARPA_HESA_Sensor.a(I2C_bus_I2C.o)
 .debug_line    0x000029c8      0x2b6 .\CortexM0\ARM_GCC_493\Debug\DARPA_HESA_Sensor.a(I2C_bus_I2C_MASTER.o)
 .debug_line    0x00002c7e       0xb0 .\CortexM0\ARM_GCC_493\Debug\DARPA_HESA_Sensor.a(I2C_bus_sda.o)
 .debug_line    0x00002d2e       0xb1 .\CortexM0\ARM_GCC_493\Debug\DARPA_HESA_Sensor.a(I2C_bus_scl.o)
 .debug_line    0x00002ddf      0x17d .\CortexM0\ARM_GCC_493\Debug\DARPA_HESA_Sensor.a(Timer_1.o)
 .debug_line    0x00002f5c      0x16a .\CortexM0\ARM_GCC_493\Debug\DARPA_HESA_Sensor.a(isr_1.o)
 .debug_line    0x000030c6      0x125 .\CortexM0\ARM_GCC_493\Debug\DARPA_HESA_Sensor.a(SERIAL.o)
 .debug_line    0x000031eb      0x1ba .\CortexM0\ARM_GCC_493\Debug\DARPA_HESA_Sensor.a(SERIAL_UART.o)
 .debug_line    0x000033a5      0x185 .\CortexM0\ARM_GCC_493\Debug\DARPA_HESA_Sensor.a(I2C_bus_I2C_INT.o)
 .debug_line    0x0000352a      0x135 .\CortexM0\ARM_GCC_493\Debug\DARPA_HESA_Sensor.a(SERIAL_SPI_UART.o)

.debug_frame    0x00000000     0x3f10
 *(.debug_frame)
 .debug_frame   0x00000000       0xc8 .\CortexM0\ARM_GCC_493\Debug\main.o
 .debug_frame   0x000000c8     0x1cc0 .\CortexM0\ARM_GCC_493\Debug\mpu6050.o
 .debug_frame   0x00001d88      0x178 .\CortexM0\ARM_GCC_493\Debug\i2cFunctions.o
 .debug_frame   0x00001f00       0xb0 .\CortexM0\ARM_GCC_493\Debug\Cm0Start.o
 .debug_frame   0x00001fb0       0x9c .\CortexM0\ARM_GCC_493\Debug\DARPA_HESA_Sensor.a(cyfitter_cfg.o)
 .debug_frame   0x0000204c      0x408 .\CortexM0\ARM_GCC_493\Debug\DARPA_HESA_Sensor.a(CyLib.o)
 .debug_frame   0x00002454      0x400 .\CortexM0\ARM_GCC_493\Debug\DARPA_HESA_Sensor.a(CyLFClk.o)
 .debug_frame   0x00002854       0xe8 .\CortexM0\ARM_GCC_493\Debug\DARPA_HESA_Sensor.a(I2C_bus.o)
 .debug_frame   0x0000293c       0x3c .\CortexM0\ARM_GCC_493\Debug\DARPA_HESA_Sensor.a(I2C_bus_I2C.o)
 .debug_frame   0x00002978      0x16c .\CortexM0\ARM_GCC_493\Debug\DARPA_HESA_Sensor.a(I2C_bus_I2C_MASTER.o)
 .debug_frame   0x00002ae4       0x60 .\CortexM0\ARM_GCC_493\Debug\DARPA_HESA_Sensor.a(I2C_bus_sda.o)
 .debug_frame   0x00002b44       0x60 .\CortexM0\ARM_GCC_493\Debug\DARPA_HESA_Sensor.a(I2C_bus_scl.o)
 .debug_frame   0x00002ba4      0x124 .\CortexM0\ARM_GCC_493\Debug\DARPA_HESA_Sensor.a(Timer_1.o)
 .debug_frame   0x00002cc8      0x110 .\CortexM0\ARM_GCC_493\Debug\DARPA_HESA_Sensor.a(isr_1.o)
 .debug_frame   0x00002dd8       0xd8 .\CortexM0\ARM_GCC_493\Debug\DARPA_HESA_Sensor.a(SERIAL.o)
 .debug_frame   0x00002eb0      0x130 .\CortexM0\ARM_GCC_493\Debug\DARPA_HESA_Sensor.a(SERIAL_UART.o)
 .debug_frame   0x00002fe0       0x2c .\CortexM0\ARM_GCC_493\Debug\DARPA_HESA_Sensor.a(I2C_bus_I2C_INT.o)
 .debug_frame   0x0000300c       0xb0 .\CortexM0\ARM_GCC_493\Debug\DARPA_HESA_Sensor.a(SERIAL_SPI_UART.o)
 .debug_frame   0x000030bc       0x28 c:/program files (x86)/cypress/psoc creator/3.3/psoc creator/import/gnu/arm/4.9.3/bin/../lib/gcc/arm-none-eabi/4.9.3/../../../../arm-none-eabi/lib/armv6-m\libm.a(lib_a-wf_atan2.o)
 .debug_frame   0x000030e4       0x38 c:/program files (x86)/cypress/psoc creator/3.3/psoc creator/import/gnu/arm/4.9.3/bin/../lib/gcc/arm-none-eabi/4.9.3/../../../../arm-none-eabi/lib/armv6-m\libm.a(lib_a-wf_pow.o)
 .debug_frame   0x0000311c       0x30 c:/program files (x86)/cypress/psoc creator/3.3/psoc creator/import/gnu/arm/4.9.3/bin/../lib/gcc/arm-none-eabi/4.9.3/../../../../arm-none-eabi/lib/armv6-m\libm.a(lib_a-wf_sqrt.o)
 .debug_frame   0x0000314c       0x34 c:/program files (x86)/cypress/psoc creator/3.3/psoc creator/import/gnu/arm/4.9.3/bin/../lib/gcc/arm-none-eabi/4.9.3/../../../../arm-none-eabi/lib/armv6-m\libm.a(lib_a-ef_atan2.o)
 .debug_frame   0x00003180       0x3c c:/program files (x86)/cypress/psoc creator/3.3/psoc creator/import/gnu/arm/4.9.3/bin/../lib/gcc/arm-none-eabi/4.9.3/../../../../arm-none-eabi/lib/armv6-m\libm.a(lib_a-ef_pow.o)
 .debug_frame   0x000031bc       0x2c c:/program files (x86)/cypress/psoc creator/3.3/psoc creator/import/gnu/arm/4.9.3/bin/../lib/gcc/arm-none-eabi/4.9.3/../../../../arm-none-eabi/lib/armv6-m\libm.a(lib_a-ef_sqrt.o)
 .debug_frame   0x000031e8       0x20 c:/program files (x86)/cypress/psoc creator/3.3/psoc creator/import/gnu/arm/4.9.3/bin/../lib/gcc/arm-none-eabi/4.9.3/../../../../arm-none-eabi/lib/armv6-m\libm.a(lib_a-s_matherr.o)
 .debug_frame   0x00003208       0x38 c:/program files (x86)/cypress/psoc creator/3.3/psoc creator/import/gnu/arm/4.9.3/bin/../lib/gcc/arm-none-eabi/4.9.3/../../../../arm-none-eabi/lib/armv6-m\libm.a(lib_a-s_rint.o)
 .debug_frame   0x00003240       0x34 c:/program files (x86)/cypress/psoc creator/3.3/psoc creator/import/gnu/arm/4.9.3/bin/../lib/gcc/arm-none-eabi/4.9.3/../../../../arm-none-eabi/lib/armv6-m\libm.a(lib_a-sf_atan.o)
 .debug_frame   0x00003274       0x20 c:/program files (x86)/cypress/psoc creator/3.3/psoc creator/import/gnu/arm/4.9.3/bin/../lib/gcc/arm-none-eabi/4.9.3/../../../../arm-none-eabi/lib/armv6-m\libm.a(lib_a-sf_fabs.o)
 .debug_frame   0x00003294       0x20 c:/program files (x86)/cypress/psoc creator/3.3/psoc creator/import/gnu/arm/4.9.3/bin/../lib/gcc/arm-none-eabi/4.9.3/../../../../arm-none-eabi/lib/armv6-m\libm.a(lib_a-sf_finite.o)
 .debug_frame   0x000032b4       0x20 c:/program files (x86)/cypress/psoc creator/3.3/psoc creator/import/gnu/arm/4.9.3/bin/../lib/gcc/arm-none-eabi/4.9.3/../../../../arm-none-eabi/lib/armv6-m\libm.a(lib_a-sf_fpclassify.o)
 .debug_frame   0x000032d4       0x20 c:/program files (x86)/cypress/psoc creator/3.3/psoc creator/import/gnu/arm/4.9.3/bin/../lib/gcc/arm-none-eabi/4.9.3/../../../../arm-none-eabi/lib/armv6-m\libm.a(lib_a-sf_nan.o)
 .debug_frame   0x000032f4       0x2c c:/program files (x86)/cypress/psoc creator/3.3/psoc creator/import/gnu/arm/4.9.3/bin/../lib/gcc/arm-none-eabi/4.9.3/../../../../arm-none-eabi/lib/armv6-m\libm.a(lib_a-sf_scalbn.o)
 .debug_frame   0x00003320       0x20 c:/program files (x86)/cypress/psoc creator/3.3/psoc creator/import/gnu/arm/4.9.3/bin/../lib/gcc/arm-none-eabi/4.9.3/../../../../arm-none-eabi/lib/armv6-m\libm.a(lib_a-sf_copysign.o)
 .debug_frame   0x00003340       0x20 c:/program files (x86)/cypress/psoc creator/3.3/psoc creator/import/gnu/arm/4.9.3/bin/../lib/gcc/arm-none-eabi/4.9.3/armv6-m\libgcc.a(_udivsi3.o)
 .debug_frame   0x00003360       0x30 c:/program files (x86)/cypress/psoc creator/3.3/psoc creator/import/gnu/arm/4.9.3/bin/../lib/gcc/arm-none-eabi/4.9.3/armv6-m\libgcc.a(addsf3.o)
 .debug_frame   0x00003390       0x3c c:/program files (x86)/cypress/psoc creator/3.3/psoc creator/import/gnu/arm/4.9.3/bin/../lib/gcc/arm-none-eabi/4.9.3/armv6-m\libgcc.a(divsf3.o)
 .debug_frame   0x000033cc       0x2c c:/program files (x86)/cypress/psoc creator/3.3/psoc creator/import/gnu/arm/4.9.3/bin/../lib/gcc/arm-none-eabi/4.9.3/armv6-m\libgcc.a(eqsf2.o)
 .debug_frame   0x000033f8       0x30 c:/program files (x86)/cypress/psoc creator/3.3/psoc creator/import/gnu/arm/4.9.3/bin/../lib/gcc/arm-none-eabi/4.9.3/armv6-m\libgcc.a(gesf2.o)
 .debug_frame   0x00003428       0x30 c:/program files (x86)/cypress/psoc creator/3.3/psoc creator/import/gnu/arm/4.9.3/bin/../lib/gcc/arm-none-eabi/4.9.3/armv6-m\libgcc.a(lesf2.o)
 .debug_frame   0x00003458       0x3c c:/program files (x86)/cypress/psoc creator/3.3/psoc creator/import/gnu/arm/4.9.3/bin/../lib/gcc/arm-none-eabi/4.9.3/armv6-m\libgcc.a(mulsf3.o)
 .debug_frame   0x00003494       0x30 c:/program files (x86)/cypress/psoc creator/3.3/psoc creator/import/gnu/arm/4.9.3/bin/../lib/gcc/arm-none-eabi/4.9.3/armv6-m\libgcc.a(subsf3.o)
 .debug_frame   0x000034c4       0x2c c:/program files (x86)/cypress/psoc creator/3.3/psoc creator/import/gnu/arm/4.9.3/bin/../lib/gcc/arm-none-eabi/4.9.3/armv6-m\libgcc.a(floatsisf.o)
 .debug_frame   0x000034f0       0x38 c:/program files (x86)/cypress/psoc creator/3.3/psoc creator/import/gnu/arm/4.9.3/bin/../lib/gcc/arm-none-eabi/4.9.3/armv6-m\libgcc.a(adddf3.o)
 .debug_frame   0x00003528       0x3c c:/program files (x86)/cypress/psoc creator/3.3/psoc creator/import/gnu/arm/4.9.3/bin/../lib/gcc/arm-none-eabi/4.9.3/armv6-m\libgcc.a(divdf3.o)
 .debug_frame   0x00003564       0x38 c:/program files (x86)/cypress/psoc creator/3.3/psoc creator/import/gnu/arm/4.9.3/bin/../lib/gcc/arm-none-eabi/4.9.3/armv6-m\libgcc.a(eqdf2.o)
 .debug_frame   0x0000359c       0x38 c:/program files (x86)/cypress/psoc creator/3.3/psoc creator/import/gnu/arm/4.9.3/bin/../lib/gcc/arm-none-eabi/4.9.3/armv6-m\libgcc.a(gedf2.o)
 .debug_frame   0x000035d4       0x38 c:/program files (x86)/cypress/psoc creator/3.3/psoc creator/import/gnu/arm/4.9.3/bin/../lib/gcc/arm-none-eabi/4.9.3/armv6-m\libgcc.a(ledf2.o)
 .debug_frame   0x0000360c       0x3c c:/program files (x86)/cypress/psoc creator/3.3/psoc creator/import/gnu/arm/4.9.3/bin/../lib/gcc/arm-none-eabi/4.9.3/armv6-m\libgcc.a(muldf3.o)
 .debug_frame   0x00003648       0x3c c:/program files (x86)/cypress/psoc creator/3.3/psoc creator/import/gnu/arm/4.9.3/bin/../lib/gcc/arm-none-eabi/4.9.3/armv6-m\libgcc.a(subdf3.o)
 .debug_frame   0x00003684       0x2c c:/program files (x86)/cypress/psoc creator/3.3/psoc creator/import/gnu/arm/4.9.3/bin/../lib/gcc/arm-none-eabi/4.9.3/armv6-m\libgcc.a(extendsfdf2.o)
 .debug_frame   0x000036b0       0x2c c:/program files (x86)/cypress/psoc creator/3.3/psoc creator/import/gnu/arm/4.9.3/bin/../lib/gcc/arm-none-eabi/4.9.3/armv6-m\libgcc.a(truncdfsf2.o)
 .debug_frame   0x000036dc       0x20 c:/program files (x86)/cypress/psoc creator/3.3/psoc creator/import/gnu/arm/4.9.3/bin/../lib/gcc/arm-none-eabi/4.9.3/../../../../arm-none-eabi/lib/armv6-m\libg_nano.a(lib_a-errno.o)
 .debug_frame   0x000036fc       0x28 c:/program files (x86)/cypress/psoc creator/3.3/psoc creator/import/gnu/arm/4.9.3/bin/../lib/gcc/arm-none-eabi/4.9.3/../../../../arm-none-eabi/lib/armv6-m\libg_nano.a(lib_a-exit.o)
 .debug_frame   0x00003724       0x2c c:/program files (x86)/cypress/psoc creator/3.3/psoc creator/import/gnu/arm/4.9.3/bin/../lib/gcc/arm-none-eabi/4.9.3/../../../../arm-none-eabi/lib/armv6-m\libg_nano.a(lib_a-init.o)
 .debug_frame   0x00003750       0x20 c:/program files (x86)/cypress/psoc creator/3.3/psoc creator/import/gnu/arm/4.9.3/bin/../lib/gcc/arm-none-eabi/4.9.3/../../../../arm-none-eabi/lib/armv6-m\libg_nano.a(lib_a-memset.o)
 .debug_frame   0x00003770       0x74 c:/program files (x86)/cypress/psoc creator/3.3/psoc creator/import/gnu/arm/4.9.3/bin/../lib/gcc/arm-none-eabi/4.9.3/../../../../arm-none-eabi/lib/armv6-m\libg_nano.a(lib_a-nano-vfprintf_float.o)
 .debug_frame   0x000037e4       0x54 c:/program files (x86)/cypress/psoc creator/3.3/psoc creator/import/gnu/arm/4.9.3/bin/../lib/gcc/arm-none-eabi/4.9.3/../../../../arm-none-eabi/lib/armv6-m\libg_nano.a(lib_a-nano-vfprintf_i.o)
 .debug_frame   0x00003838       0x2c c:/program files (x86)/cypress/psoc creator/3.3/psoc creator/import/gnu/arm/4.9.3/bin/../lib/gcc/arm-none-eabi/4.9.3/../../../../arm-none-eabi/lib/armv6-m\libg_nano.a(lib_a-s_fpclassify.o)
 .debug_frame   0x00003864       0x50 c:/program files (x86)/cypress/psoc creator/3.3/psoc creator/import/gnu/arm/4.9.3/bin/../lib/gcc/arm-none-eabi/4.9.3/../../../../arm-none-eabi/lib/armv6-m\libg_nano.a(lib_a-sprintf.o)
 .debug_frame   0x000038b4       0x20 c:/program files (x86)/cypress/psoc creator/3.3/psoc creator/import/gnu/arm/4.9.3/bin/../lib/gcc/arm-none-eabi/4.9.3/../../../../arm-none-eabi/lib/armv6-m\libg_nano.a(lib_a-strlen.o)
 .debug_frame   0x000038d4       0x54 c:/program files (x86)/cypress/psoc creator/3.3/psoc creator/import/gnu/arm/4.9.3/bin/../lib/gcc/arm-none-eabi/4.9.3/../../../../arm-none-eabi/lib/armv6-m\libg_nano.a(lib_a-dtoa.o)
 .debug_frame   0x00003928       0xa4 c:/program files (x86)/cypress/psoc creator/3.3/psoc creator/import/gnu/arm/4.9.3/bin/../lib/gcc/arm-none-eabi/4.9.3/../../../../arm-none-eabi/lib/armv6-m\libg_nano.a(lib_a-locale.o)
 .debug_frame   0x000039cc       0x40 c:/program files (x86)/cypress/psoc creator/3.3/psoc creator/import/gnu/arm/4.9.3/bin/../lib/gcc/arm-none-eabi/4.9.3/../../../../arm-none-eabi/lib/armv6-m\libg_nano.a(lib_a-malloc.o)
 .debug_frame   0x00003a0c       0x20 c:/program files (x86)/cypress/psoc creator/3.3/psoc creator/import/gnu/arm/4.9.3/bin/../lib/gcc/arm-none-eabi/4.9.3/../../../../arm-none-eabi/lib/armv6-m\libg_nano.a(lib_a-memchr.o)
 .debug_frame   0x00003a2c       0x28 c:/program files (x86)/cypress/psoc creator/3.3/psoc creator/import/gnu/arm/4.9.3/bin/../lib/gcc/arm-none-eabi/4.9.3/../../../../arm-none-eabi/lib/armv6-m\libg_nano.a(lib_a-memcpy.o)
 .debug_frame   0x00003a54      0x238 c:/program files (x86)/cypress/psoc creator/3.3/psoc creator/import/gnu/arm/4.9.3/bin/../lib/gcc/arm-none-eabi/4.9.3/../../../../arm-none-eabi/lib/armv6-m\libg_nano.a(lib_a-mprec.o)
 .debug_frame   0x00003c8c       0x2c c:/program files (x86)/cypress/psoc creator/3.3/psoc creator/import/gnu/arm/4.9.3/bin/../lib/gcc/arm-none-eabi/4.9.3/../../../../arm-none-eabi/lib/armv6-m\libg_nano.a(lib_a-nano-callocr.o)
 .debug_frame   0x00003cb8       0x2c c:/program files (x86)/cypress/psoc creator/3.3/psoc creator/import/gnu/arm/4.9.3/bin/../lib/gcc/arm-none-eabi/4.9.3/../../../../arm-none-eabi/lib/armv6-m\libg_nano.a(lib_a-nano-freer.o)
 .debug_frame   0x00003ce4       0x2c c:/program files (x86)/cypress/psoc creator/3.3/psoc creator/import/gnu/arm/4.9.3/bin/../lib/gcc/arm-none-eabi/4.9.3/../../../../arm-none-eabi/lib/armv6-m\libg_nano.a(lib_a-nano-mallocr.o)
 .debug_frame   0x00003d10       0x74 c:/program files (x86)/cypress/psoc creator/3.3/psoc creator/import/gnu/arm/4.9.3/bin/../lib/gcc/arm-none-eabi/4.9.3/../../../../arm-none-eabi/lib/armv6-m\libg_nano.a(lib_a-nano-svfprintf.o)
 .debug_frame   0x00003d84       0x2c c:/program files (x86)/cypress/psoc creator/3.3/psoc creator/import/gnu/arm/4.9.3/bin/../lib/gcc/arm-none-eabi/4.9.3/../../../../arm-none-eabi/lib/armv6-m\libg_nano.a(lib_a-sbrkr.o)
 .debug_frame   0x00003db0       0x28 c:/program files (x86)/cypress/psoc creator/3.3/psoc creator/import/gnu/arm/4.9.3/bin/../lib/gcc/arm-none-eabi/4.9.3/../../../../arm-none-eabi/lib/armv6-m\libg_nano.a(lib_a-memmove.o)
 .debug_frame   0x00003dd8       0x30 c:/program files (x86)/cypress/psoc creator/3.3/psoc creator/import/gnu/arm/4.9.3/bin/../lib/gcc/arm-none-eabi/4.9.3/../../../../arm-none-eabi/lib/armv6-m\libg_nano.a(lib_a-nano-reallocr.o)
 .debug_frame   0x00003e08       0x48 c:/program files (x86)/cypress/psoc creator/3.3/psoc creator/import/gnu/arm/4.9.3/bin/../lib/gcc/arm-none-eabi/4.9.3/../../../../arm-none-eabi/lib/armv6-m\libg_nano.a(lib_a-reent.o)
 .debug_frame   0x00003e50       0x20 c:/program files (x86)/cypress/psoc creator/3.3/psoc creator/import/gnu/arm/4.9.3/bin/../lib/gcc/arm-none-eabi/4.9.3/../../../../arm-none-eabi/lib/armv6-m\libg_nano.a(lib_a-nano-msizer.o)
 .debug_frame   0x00003e70       0x20 c:/program files (x86)/cypress/psoc creator/3.3/psoc creator/import/gnu/arm/4.9.3/bin/../lib/gcc/arm-none-eabi/4.9.3/armv6-m\libgcc.a(_divsi3.o)
 .debug_frame   0x00003e90       0x2c c:/program files (x86)/cypress/psoc creator/3.3/psoc creator/import/gnu/arm/4.9.3/bin/../lib/gcc/arm-none-eabi/4.9.3/armv6-m\libgcc.a(fixdfsi.o)
 .debug_frame   0x00003ebc       0x2c c:/program files (x86)/cypress/psoc creator/3.3/psoc creator/import/gnu/arm/4.9.3/bin/../lib/gcc/arm-none-eabi/4.9.3/armv6-m\libgcc.a(floatsidf.o)
 .debug_frame   0x00003ee8       0x28 c:/program files (x86)/cypress/psoc creator/3.3/psoc creator/import/gnu/arm/4.9.3/bin/../lib/gcc/arm-none-eabi/4.9.3/armv6-m\libgcc.a(floatunsidf.o)

.debug_str      0x00000000     0x38a8
 *(.debug_str)
 .debug_str     0x00000000      0x359 .\CortexM0\ARM_GCC_493\Debug\main.o
                                0x3bb (size before relaxing)
 .debug_str     0x00000359     0x1d11 .\CortexM0\ARM_GCC_493\Debug\mpu6050.o
                               0x1f0a (size before relaxing)
 .debug_str     0x0000206a       0xd7 .\CortexM0\ARM_GCC_493\Debug\i2cFunctions.o
                                0x2f4 (size before relaxing)
 .debug_str     0x00002141       0x5b .\CortexM0\ARM_GCC_493\Debug\cymetadata.o
                                0x1df (size before relaxing)
 .debug_str     0x0000219c      0x144 .\CortexM0\ARM_GCC_493\Debug\Cm0Start.o
                                0x306 (size before relaxing)
 .debug_str     0x000022e0      0x154 .\CortexM0\ARM_GCC_493\Debug\DARPA_HESA_Sensor.a(cyfitter_cfg.o)
                                0x343 (size before relaxing)
 .debug_str     0x00002434      0x46d .\CortexM0\ARM_GCC_493\Debug\DARPA_HESA_Sensor.a(CyLib.o)
                                0x6bb (size before relaxing)
 .debug_str     0x000028a1      0x4ff .\CortexM0\ARM_GCC_493\Debug\DARPA_HESA_Sensor.a(CyLFClk.o)
                                0x72f (size before relaxing)
 .debug_str     0x00002da0      0x12b .\CortexM0\ARM_GCC_493\Debug\DARPA_HESA_Sensor.a(I2C_bus.o)
                                0x2fb (size before relaxing)
 .debug_str     0x00002ecb       0x76 .\CortexM0\ARM_GCC_493\Debug\DARPA_HESA_Sensor.a(I2C_bus_I2C.o)
                                0x268 (size before relaxing)
 .debug_str     0x00002f41      0x1f9 .\CortexM0\ARM_GCC_493\Debug\DARPA_HESA_Sensor.a(I2C_bus_I2C_MASTER.o)
                                0x48c (size before relaxing)
 .debug_str     0x0000313a       0x90 .\CortexM0\ARM_GCC_493\Debug\DARPA_HESA_Sensor.a(I2C_bus_sda.o)
                                0x23c (size before relaxing)
 .debug_str     0x000031ca       0x7d .\CortexM0\ARM_GCC_493\Debug\DARPA_HESA_Sensor.a(I2C_bus_scl.o)
                                0x23c (size before relaxing)
 .debug_str     0x00003247      0x199 .\CortexM0\ARM_GCC_493\Debug\DARPA_HESA_Sensor.a(Timer_1.o)
                                0x364 (size before relaxing)
 .debug_str     0x000033e0       0xe9 .\CortexM0\ARM_GCC_493\Debug\DARPA_HESA_Sensor.a(isr_1.o)
                                0x2ef (size before relaxing)
 .debug_str     0x000034c9       0xe5 .\CortexM0\ARM_GCC_493\Debug\DARPA_HESA_Sensor.a(SERIAL.o)
                                0x29f (size before relaxing)
 .debug_str     0x000035ae      0x1b6 .\CortexM0\ARM_GCC_493\Debug\DARPA_HESA_Sensor.a(SERIAL_UART.o)
                                0x3a0 (size before relaxing)
 .debug_str     0x00003764       0x51 .\CortexM0\ARM_GCC_493\Debug\DARPA_HESA_Sensor.a(I2C_bus_I2C_INT.o)
                                0x2e3 (size before relaxing)
 .debug_str     0x000037b5       0xf3 .\CortexM0\ARM_GCC_493\Debug\DARPA_HESA_Sensor.a(SERIAL_SPI_UART.o)
                                0x2e7 (size before relaxing)

.debug_loc      0x00000000     0x3ab7
 *(.debug_loc)
 .debug_loc     0x00000000     0x1611 .\CortexM0\ARM_GCC_493\Debug\mpu6050.o
 .debug_loc     0x00001611      0x65a .\CortexM0\ARM_GCC_493\Debug\i2cFunctions.o
 .debug_loc     0x00001c6b      0x14f .\CortexM0\ARM_GCC_493\Debug\Cm0Start.o
 .debug_loc     0x00001dba      0x118 .\CortexM0\ARM_GCC_493\Debug\DARPA_HESA_Sensor.a(cyfitter_cfg.o)
 .debug_loc     0x00001ed2      0x4ef .\CortexM0\ARM_GCC_493\Debug\DARPA_HESA_Sensor.a(CyLib.o)
 .debug_loc     0x000023c1      0x8a2 .\CortexM0\ARM_GCC_493\Debug\DARPA_HESA_Sensor.a(CyLFClk.o)
 .debug_loc     0x00002c63       0x7e .\CortexM0\ARM_GCC_493\Debug\DARPA_HESA_Sensor.a(I2C_bus.o)
 .debug_loc     0x00002ce1      0x88e .\CortexM0\ARM_GCC_493\Debug\DARPA_HESA_Sensor.a(I2C_bus_I2C_MASTER.o)
 .debug_loc     0x0000356f       0x60 .\CortexM0\ARM_GCC_493\Debug\DARPA_HESA_Sensor.a(I2C_bus_sda.o)
 .debug_loc     0x000035cf       0x81 .\CortexM0\ARM_GCC_493\Debug\DARPA_HESA_Sensor.a(I2C_bus_scl.o)
 .debug_loc     0x00003650       0x13 .\CortexM0\ARM_GCC_493\Debug\DARPA_HESA_Sensor.a(Timer_1.o)
 .debug_loc     0x00003663       0x82 .\CortexM0\ARM_GCC_493\Debug\DARPA_HESA_Sensor.a(isr_1.o)
 .debug_loc     0x000036e5       0x7e .\CortexM0\ARM_GCC_493\Debug\DARPA_HESA_Sensor.a(SERIAL.o)
 .debug_loc     0x00003763      0x1b2 .\CortexM0\ARM_GCC_493\Debug\DARPA_HESA_Sensor.a(SERIAL_UART.o)
 .debug_loc     0x00003915      0x10c .\CortexM0\ARM_GCC_493\Debug\DARPA_HESA_Sensor.a(I2C_bus_I2C_INT.o)
 .debug_loc     0x00003a21       0x96 .\CortexM0\ARM_GCC_493\Debug\DARPA_HESA_Sensor.a(SERIAL_SPI_UART.o)

.debug_macinfo
 *(.debug_macinfo)

.debug_ranges   0x00000000      0xf30
 *(.debug_ranges)
 .debug_ranges  0x00000000       0x30 .\CortexM0\ARM_GCC_493\Debug\main.o
 .debug_ranges  0x00000030      0x828 .\CortexM0\ARM_GCC_493\Debug\mpu6050.o
 .debug_ranges  0x00000858       0x58 .\CortexM0\ARM_GCC_493\Debug\i2cFunctions.o
 .debug_ranges  0x000008b0       0x38 .\CortexM0\ARM_GCC_493\Debug\Cm0Start.o
 .debug_ranges  0x000008e8       0x30 .\CortexM0\ARM_GCC_493\Debug\DARPA_HESA_Sensor.a(cyfitter_cfg.o)
 .debug_ranges  0x00000918      0x188 .\CortexM0\ARM_GCC_493\Debug\DARPA_HESA_Sensor.a(CyLib.o)
 .debug_ranges  0x00000aa0      0x140 .\CortexM0\ARM_GCC_493\Debug\DARPA_HESA_Sensor.a(CyLFClk.o)
 .debug_ranges  0x00000be0       0x50 .\CortexM0\ARM_GCC_493\Debug\DARPA_HESA_Sensor.a(I2C_bus.o)
 .debug_ranges  0x00000c30       0x18 .\CortexM0\ARM_GCC_493\Debug\DARPA_HESA_Sensor.a(I2C_bus_I2C.o)
 .debug_ranges  0x00000c48       0x78 .\CortexM0\ARM_GCC_493\Debug\DARPA_HESA_Sensor.a(I2C_bus_I2C_MASTER.o)
 .debug_ranges  0x00000cc0       0x30 .\CortexM0\ARM_GCC_493\Debug\DARPA_HESA_Sensor.a(I2C_bus_sda.o)
 .debug_ranges  0x00000cf0       0x30 .\CortexM0\ARM_GCC_493\Debug\DARPA_HESA_Sensor.a(I2C_bus_scl.o)
 .debug_ranges  0x00000d20       0x80 .\CortexM0\ARM_GCC_493\Debug\DARPA_HESA_Sensor.a(Timer_1.o)
 .debug_ranges  0x00000da0       0x70 .\CortexM0\ARM_GCC_493\Debug\DARPA_HESA_Sensor.a(isr_1.o)
 .debug_ranges  0x00000e10       0x48 .\CortexM0\ARM_GCC_493\Debug\DARPA_HESA_Sensor.a(SERIAL.o)
 .debug_ranges  0x00000e58       0x78 .\CortexM0\ARM_GCC_493\Debug\DARPA_HESA_Sensor.a(SERIAL_UART.o)
 .debug_ranges  0x00000ed0       0x10 .\CortexM0\ARM_GCC_493\Debug\DARPA_HESA_Sensor.a(I2C_bus_I2C_INT.o)
 .debug_ranges  0x00000ee0       0x50 .\CortexM0\ARM_GCC_493\Debug\DARPA_HESA_Sensor.a(SERIAL_SPI_UART.o)

.comment        0x00000000       0x70
 .comment       0x00000000       0x70 .\CortexM0\ARM_GCC_493\Debug\main.o
                                 0x71 (size before relaxing)
 .comment       0x00000000       0x71 .\CortexM0\ARM_GCC_493\Debug\mpu6050.o
 .comment       0x00000000       0x71 .\CortexM0\ARM_GCC_493\Debug\i2cFunctions.o
 .comment       0x00000000       0x71 .\CortexM0\ARM_GCC_493\Debug\cymetadata.o
 .comment       0x00000000       0x71 .\CortexM0\ARM_GCC_493\Debug\Cm0Start.o
 .comment       0x00000000       0x71 .\CortexM0\ARM_GCC_493\Debug\DARPA_HESA_Sensor.a(cyfitter_cfg.o)
 .comment       0x00000000       0x71 .\CortexM0\ARM_GCC_493\Debug\DARPA_HESA_Sensor.a(CyLib.o)
 .comment       0x00000000       0x71 .\CortexM0\ARM_GCC_493\Debug\DARPA_HESA_Sensor.a(CyLFClk.o)
 .comment       0x00000000       0x71 .\CortexM0\ARM_GCC_493\Debug\DARPA_HESA_Sensor.a(I2C_bus.o)
 .comment       0x00000000       0x71 .\CortexM0\ARM_GCC_493\Debug\DARPA_HESA_Sensor.a(I2C_bus_I2C.o)
 .comment       0x00000000       0x71 .\CortexM0\ARM_GCC_493\Debug\DARPA_HESA_Sensor.a(I2C_bus_I2C_MASTER.o)
 .comment       0x00000000       0x71 .\CortexM0\ARM_GCC_493\Debug\DARPA_HESA_Sensor.a(I2C_bus_sda.o)
 .comment       0x00000000       0x71 .\CortexM0\ARM_GCC_493\Debug\DARPA_HESA_Sensor.a(I2C_bus_scl.o)
 .comment       0x00000000       0x71 .\CortexM0\ARM_GCC_493\Debug\DARPA_HESA_Sensor.a(Timer_1.o)
 .comment       0x00000000       0x71 .\CortexM0\ARM_GCC_493\Debug\DARPA_HESA_Sensor.a(isr_1.o)
 .comment       0x00000000       0x71 .\CortexM0\ARM_GCC_493\Debug\DARPA_HESA_Sensor.a(SERIAL.o)
 .comment       0x00000000       0x71 .\CortexM0\ARM_GCC_493\Debug\DARPA_HESA_Sensor.a(SERIAL_UART.o)
 .comment       0x00000000       0x71 .\CortexM0\ARM_GCC_493\Debug\DARPA_HESA_Sensor.a(I2C_bus_I2C_INT.o)
 .comment       0x00000000       0x71 .\CortexM0\ARM_GCC_493\Debug\DARPA_HESA_Sensor.a(SERIAL_SPI_UART.o)

.debug_weaknames
 *(.debug_weaknames)

.debug_funcnames
 *(.debug_funcnames)

.debug_typenames
 *(.debug_typenames)

.debug_varnames
 *(.debug_varnames)

.note.gnu.arm.ident
 *(.note.gnu.arm.ident)

.ARM.attributes
                0x00000000       0x28
 *(.ARM.attributes)
 .ARM.attributes
                0x00000000       0x1e c:/program files (x86)/cypress/psoc creator/3.3/psoc creator/import/gnu/arm/4.9.3/bin/../lib/gcc/arm-none-eabi/4.9.3/armv6-m/crti.o
 .ARM.attributes
                0x0000001e       0x2c c:/program files (x86)/cypress/psoc creator/3.3/psoc creator/import/gnu/arm/4.9.3/bin/../lib/gcc/arm-none-eabi/4.9.3/armv6-m/crtbegin.o
 .ARM.attributes
                0x0000004a       0x1b c:/program files (x86)/cypress/psoc creator/3.3/psoc creator/import/gnu/arm/4.9.3/bin/../lib/gcc/arm-none-eabi/4.9.3/../../../../arm-none-eabi/lib/armv6-m/crt0.o
 .ARM.attributes
                0x00000065       0x31 .\CortexM0\ARM_GCC_493\Debug\main.o
 .ARM.attributes
                0x00000096       0x31 .\CortexM0\ARM_GCC_493\Debug\mpu6050.o
 .ARM.attributes
                0x000000c7       0x31 .\CortexM0\ARM_GCC_493\Debug\i2cFunctions.o
 .ARM.attributes
                0x000000f8       0x31 .\CortexM0\ARM_GCC_493\Debug\cymetadata.o
 .ARM.attributes
                0x00000129       0x31 .\CortexM0\ARM_GCC_493\Debug\Cm0Start.o
 .ARM.attributes
                0x0000015a       0x31 .\CortexM0\ARM_GCC_493\Debug\DARPA_HESA_Sensor.a(cyfitter_cfg.o)
 .ARM.attributes
                0x0000018b       0x21 .\CortexM0\ARM_GCC_493\Debug\DARPA_HESA_Sensor.a(CyBootAsmGnu.o)
 .ARM.attributes
                0x000001ac       0x31 .\CortexM0\ARM_GCC_493\Debug\DARPA_HESA_Sensor.a(CyLib.o)
 .ARM.attributes
                0x000001dd       0x31 .\CortexM0\ARM_GCC_493\Debug\DARPA_HESA_Sensor.a(CyLFClk.o)
 .ARM.attributes
                0x0000020e       0x31 .\CortexM0\ARM_GCC_493\Debug\DARPA_HESA_Sensor.a(I2C_bus.o)
 .ARM.attributes
                0x0000023f       0x31 .\CortexM0\ARM_GCC_493\Debug\DARPA_HESA_Sensor.a(I2C_bus_I2C.o)
 .ARM.attributes
                0x00000270       0x31 .\CortexM0\ARM_GCC_493\Debug\DARPA_HESA_Sensor.a(I2C_bus_I2C_MASTER.o)
 .ARM.attributes
                0x000002a1       0x31 .\CortexM0\ARM_GCC_493\Debug\DARPA_HESA_Sensor.a(I2C_bus_sda.o)
 .ARM.attributes
                0x000002d2       0x31 .\CortexM0\ARM_GCC_493\Debug\DARPA_HESA_Sensor.a(I2C_bus_scl.o)
 .ARM.attributes
                0x00000303       0x31 .\CortexM0\ARM_GCC_493\Debug\DARPA_HESA_Sensor.a(Timer_1.o)
 .ARM.attributes
                0x00000334       0x31 .\CortexM0\ARM_GCC_493\Debug\DARPA_HESA_Sensor.a(isr_1.o)
 .ARM.attributes
                0x00000365       0x31 .\CortexM0\ARM_GCC_493\Debug\DARPA_HESA_Sensor.a(SERIAL.o)
 .ARM.attributes
                0x00000396       0x31 .\CortexM0\ARM_GCC_493\Debug\DARPA_HESA_Sensor.a(SERIAL_UART.o)
 .ARM.attributes
                0x000003c7       0x31 .\CortexM0\ARM_GCC_493\Debug\DARPA_HESA_Sensor.a(I2C_bus_I2C_INT.o)
 .ARM.attributes
                0x000003f8       0x31 .\CortexM0\ARM_GCC_493\Debug\DARPA_HESA_Sensor.a(SERIAL_SPI_UART.o)
 .ARM.attributes
                0x00000429       0x2c c:/program files (x86)/cypress/psoc creator/3.3/psoc creator/import/gnu/arm/4.9.3/bin/../lib/gcc/arm-none-eabi/4.9.3/../../../../arm-none-eabi/lib/armv6-m\libm.a(lib_a-wf_atan2.o)
 .ARM.attributes
                0x00000455       0x2c c:/program files (x86)/cypress/psoc creator/3.3/psoc creator/import/gnu/arm/4.9.3/bin/../lib/gcc/arm-none-eabi/4.9.3/../../../../arm-none-eabi/lib/armv6-m\libm.a(lib_a-wf_pow.o)
 .ARM.attributes
                0x00000481       0x2c c:/program files (x86)/cypress/psoc creator/3.3/psoc creator/import/gnu/arm/4.9.3/bin/../lib/gcc/arm-none-eabi/4.9.3/../../../../arm-none-eabi/lib/armv6-m\libm.a(lib_a-wf_sqrt.o)
 .ARM.attributes
                0x000004ad       0x2c c:/program files (x86)/cypress/psoc creator/3.3/psoc creator/import/gnu/arm/4.9.3/bin/../lib/gcc/arm-none-eabi/4.9.3/../../../../arm-none-eabi/lib/armv6-m\libm.a(lib_a-ef_atan2.o)
 .ARM.attributes