Archive member included because of file (symbol)

.\CortexM0\ARM_GCC_493\Debug\test01.a(cyfitter_cfg.o)
                              .\CortexM0\ARM_GCC_493\Debug\Cm0Start.o (cyfitter_cfg)
.\CortexM0\ARM_GCC_493\Debug\test01.a(CyBootAsmGnu.o)
                              .\CortexM0\ARM_GCC_493\Debug\test01.a(cyfitter_cfg.o) (CyDelayCycles)
.\CortexM0\ARM_GCC_493\Debug\test01.a(CyLib.o)
                              .\CortexM0\ARM_GCC_493\Debug\test01.a(cyfitter_cfg.o) (CySysClkWriteImoFreq)
.\CortexM0\ARM_GCC_493\Debug\test01.a(CyLFClk.o)
                              .\CortexM0\ARM_GCC_493\Debug\test01.a(cyfitter_cfg.o) (CySysClkWcoStart)
.\CortexM0\ARM_GCC_493\Debug\test01.a(I2C_bus.o)
                              .\CortexM0\ARM_GCC_493\Debug\main.o (I2C_bus_Start)
.\CortexM0\ARM_GCC_493\Debug\test01.a(I2C_bus_I2C.o)
                              .\CortexM0\ARM_GCC_493\Debug\test01.a(I2C_bus.o) (I2C_bus_I2CInit)
.\CortexM0\ARM_GCC_493\Debug\test01.a(I2C_bus_I2C_MASTER.o)
                              .\CortexM0\ARM_GCC_493\Debug\i2cFunctions.o (I2C_bus_I2CMasterSendStart)
.\CortexM0\ARM_GCC_493\Debug\test01.a(I2C_bus_sda.o)
                              .\CortexM0\ARM_GCC_493\Debug\main.o (I2C_bus_sda_SetDriveMode)
.\CortexM0\ARM_GCC_493\Debug\test01.a(I2C_bus_scl.o)
                              .\CortexM0\ARM_GCC_493\Debug\main.o (I2C_bus_scl_SetDriveMode)
.\CortexM0\ARM_GCC_493\Debug\test01.a(Timer_1.o)
                              .\CortexM0\ARM_GCC_493\Debug\main.o (Timer_1_Start)
.\CortexM0\ARM_GCC_493\Debug\test01.a(isr_1.o)
                              .\CortexM0\ARM_GCC_493\Debug\main.o (isr_1_StartEx)
.\CortexM0\ARM_GCC_493\Debug\test01.a(SERIAL.o)
                              .\CortexM0\ARM_GCC_493\Debug\main.o (SERIAL_Start)
.\CortexM0\ARM_GCC_493\Debug\test01.a(SERIAL_UART.o)
                              .\CortexM0\ARM_GCC_493\Debug\test01.a(SERIAL.o) (SERIAL_UartInit)
.\CortexM0\ARM_GCC_493\Debug\test01.a(I2C_bus_I2C_INT.o)
                              .\CortexM0\ARM_GCC_493\Debug\test01.a(I2C_bus_I2C.o) (I2C_bus_I2C_ISR)
.\CortexM0\ARM_GCC_493\Debug\test01.a(SERIAL_SPI_UART.o)
                              .\CortexM0\ARM_GCC_493\Debug\test01.a(SERIAL_UART.o) (SERIAL_SpiUartReadRxData)
C:\Program Files (x86)\Cypress\PSoC Creator\3.3\PSoC Creator\psoc\content\cycomponentlibrary\CyComponentLibrary.cylib\BLE_v2_20\Library\gccCyBLEStack_BLE_SOC_PERIPHERAL.a(CyBle.o)
                              .\CortexM0\ARM_GCC_493\Debug\main.o (CyBle_ProcessEvents)
C:\Program Files (x86)\Cypress\PSoC Creator\3.3\PSoC Creator\psoc\content\cycomponentlibrary\CyComponentLibrary.cylib\BLE_v2_20\Library\gccCyBLEStack_BLE_SOC_PERIPHERAL.a(CyBleStackMgrIP_Interface.o)
                              C:\Program Files (x86)\Cypress\PSoC Creator\3.3\PSoC Creator\psoc\content\cycomponentlibrary\CyComponentLibrary.cylib\BLE_v2_20\Library\gccCyBLEStack_BLE_SOC_PERIPHERAL.a(CyBle.o) (CyBleStackMgr_Init)
C:\Program Files (x86)\Cypress\PSoC Creator\3.3\PSoC Creator\psoc\content\cycomponentlibrary\CyComponentLibrary.cylib\BLE_v2_20\Library\gccCyBLEStack_BLE_SOC_PERIPHERAL.a(BT_os.o)
                              C:\Program Files (x86)\Cypress\PSoC Creator\3.3\PSoC Creator\psoc\content\cycomponentlibrary\CyComponentLibrary.cylib\BLE_v2_20\Library\gccCyBLEStack_BLE_SOC_PERIPHERAL.a(CyBleStackMgrIP_Interface.o) (cyBleStackMemoryConfig)
C:\Program Files (x86)\Cypress\PSoC Creator\3.3\PSoC Creator\psoc\content\cycomponentlibrary\CyComponentLibrary.cylib\BLE_v2_20\Library\gccCyBLEStack_BLE_SOC_PERIPHERAL.a(CyBleStackMgr_StackTaskHandler.o)
                              C:\Program Files (x86)\Cypress\PSoC Creator\3.3\PSoC Creator\psoc\content\cycomponentlibrary\CyComponentLibrary.cylib\BLE_v2_20\Library\gccCyBLEStack_BLE_SOC_PERIPHERAL.a(CyBleStackMgrIP_Interface.o) (CyBle_CreateBleStackTask)
C:\Program Files (x86)\Cypress\PSoC Creator\3.3\PSoC Creator\psoc\content\cycomponentlibrary\CyComponentLibrary.cylib\BLE_v2_20\Library\gccCyBLEStack_BLE_SOC_PERIPHERAL.a(transport_sf.o)
                              C:\Program Files (x86)\Cypress\PSoC Creator\3.3\PSoC Creator\psoc\content\cycomponentlibrary\CyComponentLibrary.cylib\BLE_v2_20\Library\gccCyBLEStack_BLE_SOC_PERIPHERAL.a(CyBleStackMgr_StackTaskHandler.o) (hci_soft_transport_notify_data_received)
C:\Program Files (x86)\Cypress\PSoC Creator\3.3\PSoC Creator\psoc\content\cycomponentlibrary\CyComponentLibrary.cylib\BLE_v2_20\Library\gccCyBLEStack_BLE_SOC_PERIPHERAL.a(CyBleStackMgr_PSoCHal.o)
                              C:\Program Files (x86)\Cypress\PSoC Creator\3.3\PSoC Creator\psoc\content\cycomponentlibrary\CyComponentLibrary.cylib\BLE_v2_20\Library\gccCyBLEStack_BLE_SOC_PERIPHERAL.a(CyBleStackMgrIP_Interface.o) (CyBleStackMgr_HalInit)
C:\Program Files (x86)\Cypress\PSoC Creator\3.3\PSoC Creator\psoc\content\cycomponentlibrary\CyComponentLibrary.cylib\BLE_v2_20\Library\gccCyBLEStack_BLE_SOC_PERIPHERAL.a(CyBleStackMgr_BleSSDriver.o)
[...]
Memory Configuration

Name             Origin             Length             Attributes
rom              0x00000000         0x00020000         xr
ram              0x20000000         0x00004000         xrw
*default*        0x00000000         0xffffffff

Linker script and memory map

LOAD c:/program files (x86)/cypress/psoc creator/3.3/psoc creator/import/gnu/arm/4.9.3/bin/../lib/gcc/arm-none-eabi/4.9.3/armv6-m/crti.o
LOAD c:/program files (x86)/cypress/psoc creator/3.3/psoc creator/import/gnu/arm/4.9.3/bin/../lib/gcc/arm-none-eabi/4.9.3/armv6-m/crtbegin.o
LOAD c:/program files (x86)/cypress/psoc creator/3.3/psoc creator/import/gnu/arm/4.9.3/bin/../lib/gcc/arm-none-eabi/4.9.3/../../../../arm-none-eabi/lib/armv6-m/crt0.o
START GROUP
LOAD .\CortexM0\ARM_GCC_493\Debug\main.o
LOAD .\CortexM0\ARM_GCC_493\Debug\mpu6050.o
LOAD .\CortexM0\ARM_GCC_493\Debug\i2cFunctions.o
LOAD .\CortexM0\ARM_GCC_493\Debug\cymetadata.o
LOAD .\CortexM0\ARM_GCC_493\Debug\Cm0Start.o
LOAD .\CortexM0\ARM_GCC_493\Debug\test01.a
LOAD C:\Program Files (x86)\Cypress\PSoC Creator\3.3\PSoC Creator\psoc\content\cycomponentlibrary\CyComponentLibrary.cylib\BLE_v2_20\Library\gccCyBLEStack_BLE_SOC_PERIPHERAL.a
LOAD C:\Program Files (x86)\Cypress\PSoC Creator\3.3\PSoC Creator\psoc\content\cycomponentlibrary\CyComponentLibrary.cylib\CortexM0\ARM_GCC_493\Debug\CyComponentLibrary.a
LOAD c:/program files (x86)/cypress/psoc creator/3.3/psoc creator/import/gnu/arm/4.9.3/bin/../lib/gcc/arm-none-eabi/4.9.3/../../../../arm-none-eabi/lib/armv6-m\libm.a
END GROUP
START GROUP
LOAD c:/program files (x86)/cypress/psoc creator/3.3/psoc creator/import/gnu/arm/4.9.3/bin/../lib/gcc/arm-none-eabi/4.9.3/armv6-m\libgcc.a
LOAD c:/program files (x86)/cypress/psoc creator/3.3/psoc creator/import/gnu/arm/4.9.3/bin/../lib/gcc/arm-none-eabi/4.9.3/../../../../arm-none-eabi/lib/armv6-m\libg_nano.a
LOAD c:/program files (x86)/cypress/psoc creator/3.3/psoc creator/import/gnu/arm/4.9.3/bin/../lib/gcc/arm-none-eabi/4.9.3/../../../../arm-none-eabi/lib/armv6-m\libc_nano.a
END GROUP
START GROUP
LOAD c:/program files (x86)/cypress/psoc creator/3.3/psoc creator/import/gnu/arm/4.9.3/bin/../lib/gcc/arm-none-eabi/4.9.3/armv6-m\libgcc.a
LOAD c:/program files (x86)/cypress/psoc creator/3.3/psoc creator/import/gnu/arm/4.9.3/bin/../lib/gcc/arm-none-eabi/4.9.3/../../../../arm-none-eabi/lib/armv6-m\libc_nano.a
END GROUP
LOAD c:/program files (x86)/cypress/psoc creator/3.3/psoc creator/import/gnu/arm/4.9.3/bin/../lib/gcc/arm-none-eabi/4.9.3/armv6-m/crtend.o
LOAD c:/program files (x86)/cypress/psoc creator/3.3/psoc creator/import/gnu/arm/4.9.3/bin/../lib/gcc/arm-none-eabi/4.9.3/armv6-m/crtn.o
START GROUP
LOAD c:/program files (x86)/cypress/psoc creator/3.3/psoc creator/import/gnu/arm/4.9.3/bin/../lib/gcc/arm-none-eabi/4.9.3/armv6-m\libgcc.a
LOAD c:/program files (x86)/cypress/psoc creator/3.3/psoc creator/import/gnu/arm/4.9.3/bin/../lib/gcc/arm-none-eabi/4.9.3/../../../../arm-none-eabi/lib/armv6-m\libc.a
LOAD c:/program files (x86)/cypress/psoc creator/3.3/psoc creator/import/gnu/arm/4.9.3/bin/../lib/gcc/arm-none-eabi/4.9.3/../../../../arm-none-eabi/lib/armv6-m\libnosys.a
END GROUP
                0x00000000                CY_APPL_ORIGIN = 0x0
                0x00000080                CY_FLASH_ROW_SIZE = 0x80
                0x00000001                CY_APPL_NUM = 0x1
                0x00000001                CY_APPL_MAX = 0x1
                0x00000040                CY_METADATA_SIZE = 0x40
                0x00000000                CY_APPL_LOADABLE = 0x0
                0x00000000                CY_CHECKSUM_EXCLUDE_SIZE = ALIGN (0x0, CY_FLASH_ROW_SIZE)
                0x00000000                CY_APP_FOR_STACK_AND_COPIER = 0x0
                0x20000388                PROVIDE (__cy_heap_start, _end)
                0x00000001                PROVIDE (__cy_region_num, ((__cy_regions_end - __cy_regions) / 0x10))
                0x20004000                PROVIDE (__cy_stack, (ORIGIN (ram) + 0x4000))
                0x20003800                PROVIDE (__cy_heap_end, (__cy_stack - 0x800))

.cybootloader   0x00000000        0x0
 *(.cybootloader)
                0x00000000                appl1_start = CY_APPL_ORIGIN?CY_APPL_ORIGIN:ALIGN (CY_FLASH_ROW_SIZE)
                0x0000ff80                appl2_start = (appl1_start + ALIGN ((((0x20000 - appl1_start) - (0x2 * CY_FLASH_ROW_SIZE)) / 0x2), CY_FLASH_ROW_SIZE))
                0x00000000                appl_start = (CY_APPL_NUM == 0x1)?appl1_start:appl2_start
                0x00000001                cy_project_type_bootloader = (appl_start == 0x0)?0x1:0x0
                0x00000000                cy_project_type_app_for_stack_and_copier = (CY_APP_FOR_STACK_AND_COPIER == 0x1)?0x1:0x0

.text           0x00000000     0x6e90
 CREATE_OBJECT_SYMBOLS
                0x00000000                PROVIDE (__cy_interrupt_vector, RomVectors)
 *(.romvectors)
 .romvectors    0x00000000       0x10 .\CortexM0\ARM_GCC_493\Debug\Cm0Start.o
                0x00000000                RomVectors
                0x00000001                ASSERT ((. != __cy_interrupt_vector), No interrupt vector)
                0x00000001                ASSERT (CY_APPL_ORIGIN?(SIZEOF (.cybootloader) <= CY_APPL_ORIGIN):0x1, Wrong image location)
                0x00000010                PROVIDE (__cy_reset, Reset)
 *(.text.Reset)
 .text.Reset    0x00000010        0x8 .\CortexM0\ARM_GCC_493\Debug\Cm0Start.o
                0x00000010                Reset
                0x00000001                ASSERT ((. != __cy_reset), No reset code)
 *(.psocinit)
 .psocinit      0x00000018      0x1e0 .\CortexM0\ARM_GCC_493\Debug\test01.a(cyfitter_cfg.o)
                0x00000124                cyfitter_cfg
                0x000001f8                . = MAX (., 0x100)
 *(.text .text.* .gnu.linkonce.t.*)
 .text          0x000001f8       0x60 c:/program files (x86)/cypress/psoc creator/3.3/psoc creator/import/gnu/arm/4.9.3/bin/../lib/gcc/arm-none-eabi/4.9.3/armv6-m/crtbegin.o
 .text.TIMER_ISR
                0x00000258       0x10 .\CortexM0\ARM_GCC_493\Debug\main.o
                0x00000258                TIMER_ISR
 .text.calibrateMPU
                0x00000268      0x154 .\CortexM0\ARM_GCC_493\Debug\main.o
                0x00000268                calibrateMPU
 .text.InitializeSystem
                0x000003bc       0x3c .\CortexM0\ARM_GCC_493\Debug\main.o
                0x000003bc                InitializeSystem
 .text.main     0x000003f8      0x300 .\CortexM0\ARM_GCC_493\Debug\main.o
                0x000003f8                main
 .text.MPU6050_init
                0x000006f8        0xc .\CortexM0\ARM_GCC_493\Debug\mpu6050.o
                0x000006f8                MPU6050_init
 .text.MPU6050_setFullScaleGyroRange
                0x00000704       0x20 .\CortexM0\ARM_GCC_493\Debug\mpu6050.o
                0x00000704                MPU6050_setFullScaleGyroRange
 .text.MPU6050_setFullScaleAccelRange
                0x00000724       0x20 .\CortexM0\ARM_GCC_493\Debug\mpu6050.o
                0x00000724                MPU6050_setFullScaleAccelRange
 .text.MPU6050_getMotion6t
                0x00000744       0x7c .\CortexM0\ARM_GCC_493\Debug\mpu6050.o
                0x00000744                MPU6050_getMotion6t
 .text.MPU6050_setSleepEnabled
                0x000007c0       0x18 .\CortexM0\ARM_GCC_493\Debug\mpu6050.o
                0x000007c0                MPU6050_setSleepEnabled
 .text.MPU6050_setClockSource
                0x000007d8       0x20 .\CortexM0\ARM_GCC_493\Debug\mpu6050.o
                0x000007d8                MPU6050_setClockSource
 .text.MPU6050_initialize
                0x000007f8       0x1c .\CortexM0\ARM_GCC_493\Debug\mpu6050.o
                0x000007f8                MPU6050_initialize
 .text.I2CReadBytes
                0x00000814       0x48 .\CortexM0\ARM_GCC_493\Debug\i2cFunctions.o
                0x00000814                I2CReadBytes
 .text.I2CReadByte
                0x0000085c        0xc .\CortexM0\ARM_GCC_493\Debug\i2cFunctions.o
                0x0000085c                I2CReadByte
 .text.I2CWriteBytes
                0x00000868       0x34 .\CortexM0\ARM_GCC_493\Debug\i2cFunctions.o
                0x00000868                I2CWriteBytes
 .text.I2CWriteByte
                0x0000089c       0x14 .\CortexM0\ARM_GCC_493\Debug\i2cFunctions.o
                0x0000089c                I2CWriteByte
 .text.I2CWriteBits
                0x000008b0       0x4c .\CortexM0\ARM_GCC_493\Debug\i2cFunctions.o
                0x000008b0                I2CWriteBits
 .text.I2CWriteBit
                0x000008fc       0x44 .\CortexM0\ARM_GCC_493\Debug\i2cFunctions.o
                0x000008fc                I2CWriteBit
 .text.IntDefaultHandler
                0x00000940        0x4 .\CortexM0\ARM_GCC_493\Debug\Cm0Start.o
                0x00000940                IntDefaultHandler
 .text._sbrk    0x00000944       0x34 .\CortexM0\ARM_GCC_493\Debug\Cm0Start.o
                0x00000944                _sbrk
 .text.Start_c  0x00000978       0x48 .\CortexM0\ARM_GCC_493\Debug\Cm0Start.o
                0x00000978                Start_c
 .text.initialize_psoc
                0x000009c0       0x54 .\CortexM0\ARM_GCC_493\Debug\Cm0Start.o
                0x000009c0                initialize_psoc
 .text.cfg_write_bytes32
                0x00000a14       0x34 .\CortexM0\ARM_GCC_493\Debug\test01.a(cyfitter_cfg.o)
 .text.AnalogSetDefault
                0x00000a48       0x20 .\CortexM0\ARM_GCC_493\Debug\test01.a(cyfitter_cfg.o)
 .text.CYMEMZERO
                0x00000a68        0xc .\CortexM0\ARM_GCC_493\Debug\test01.a(cyfitter_cfg.o)
 *fill*         0x00000a74        0x4 
 .text          0x00000a78       0x20 .\CortexM0\ARM_GCC_493\Debug\test01.a(CyBootAsmGnu.o)
                0x00000a78                CyDelayCycles
                0x00000a8a                CyEnterCriticalSection
                0x00000a92                CyExitCriticalSection
 .text.CySysClkWriteImoFreq
                0x00000a98       0x64 .\CortexM0\ARM_GCC_493\Debug\test01.a(CyLib.o)
                0x00000a98                CySysClkWriteImoFreq
 .text.CySysClkEcoReadStatus
                0x00000afc       0x10 .\CortexM0\ARM_GCC_493\Debug\test01.a(CyLib.o)
                0x00000afc                CySysClkEcoReadStatus
 .text.CyIntEnable
                0x00000b0c       0x14 .\CortexM0\ARM_GCC_493\Debug\test01.a(CyLib.o)
                0x00000b0c                CyIntEnable
 .text.CyIntDisable
                0x00000b20       0x14 .\CortexM0\ARM_GCC_493\Debug\test01.a(CyLib.o)
                0x00000b20                CyIntDisable
 .text.CyHalt   0x00000b34        0x4 .\CortexM0\ARM_GCC_493\Debug\test01.a(CyLib.o)
                0x00000b34                CyHalt
 .text.CyIntSetVector
                0x00000b38       0x24 .\CortexM0\ARM_GCC_493\Debug\test01.a(CyLib.o)
                0x00000b38                CyIntSetVector
 .text.CyIntSetPriority
                0x00000b5c       0x4c .\CortexM0\ARM_GCC_493\Debug\test01.a(CyLib.o)
                0x00000b5c                CyIntSetPriority
 .text.CyDelay  0x00000ba8       0x30 .\CortexM0\ARM_GCC_493\Debug\test01.a(CyLib.o)
                0x00000ba8                CyDelay
 .text.CyDelayUs
                0x00000bd8       0x14 .\CortexM0\ARM_GCC_493\Debug\test01.a(CyLib.o)
                0x00000bd8                CyDelayUs
 .text.CySysClkEcoStart
                0x00000bec       0x54 .\CortexM0\ARM_GCC_493\Debug\test01.a(CyLib.o)
                0x00000bec                CySysClkEcoStart
 .text.CySysWdtLocked
                0x00000c40       0x14 .\CortexM0\ARM_GCC_493\Debug\test01.a(CyLFClk.o)
 .text.CySysClkWcoStart
                0x00000c54       0x40 .\CortexM0\ARM_GCC_493\Debug\test01.a(CyLFClk.o)
                0x00000c54                CySysClkWcoStart
 .text.CySysClkWcoSetPowerMode
                0x00000c94       0x80 .\CortexM0\ARM_GCC_493\Debug\test01.a(CyLFClk.o)
                0x00000c94                CySysClkWcoSetPowerMode
 .text.CySysWdtLock
                0x00000d14       0x1c .\CortexM0\ARM_GCC_493\Debug\test01.a(CyLFClk.o)
                0x00000d14                CySysWdtLock
 .text.CySysWdtUnlock
                0x00000d30       0x30 .\CortexM0\ARM_GCC_493\Debug\test01.a(CyLFClk.o)
                0x00000d30                CySysWdtUnlock
 .text.CySysWdtClearInterrupt
                0x00000d60       0x4c .\CortexM0\ARM_GCC_493\Debug\test01.a(CyLFClk.o)
                0x00000d60                CySysWdtClearInterrupt
 .text.CySysWdtIsr
                0x00000dac       0xa4 .\CortexM0\ARM_GCC_493\Debug\test01.a(CyLFClk.o)
                0x00000dac                CySysWdtIsr
 .text.I2C_bus_ScbEnableIntr
                0x00000e50        0xc .\CortexM0\ARM_GCC_493\Debug\test01.a(I2C_bus.o)
 .text.I2C_bus_Init
                0x00000e5c        0x8 .\CortexM0\ARM_GCC_493\Debug\test01.a(I2C_bus.o)
                0x00000e5c                I2C_bus_Init
 .text.I2C_bus_Enable
                0x00000e64       0x18 .\CortexM0\ARM_GCC_493\Debug\test01.a(I2C_bus.o)
                0x00000e64                I2C_bus_Enable
 .text.I2C_bus_Start
                0x00000e7c       0x20 .\CortexM0\ARM_GCC_493\Debug\test01.a(I2C_bus.o)
                0x00000e7c                I2C_bus_Start
 .text.I2C_bus_I2CInit
                0x00000e9c       0xbc .\CortexM0\ARM_GCC_493\Debug\test01.a(I2C_bus_I2C.o)
                0x00000e9c                I2C_bus_I2CInit
 .text.I2C_bus_I2CMasterSendStart
                0x00000f58       0xd8 .\CortexM0\ARM_GCC_493\Debug\test01.a(I2C_bus_I2C_MASTER.o)
                0x00000f58                I2C_bus_I2CMasterSendStart
 .text.I2C_bus_I2CMasterSendStop
                0x00001030       0x8c .\CortexM0\ARM_GCC_493\Debug\test01.a(I2C_bus_I2C_MASTER.o)
                0x00001030                I2C_bus_I2CMasterSendStop
 .text.I2C_bus_I2CMasterWriteByte
                0x000010bc       0x98 .\CortexM0\ARM_GCC_493\Debug\test01.a(I2C_bus_I2C_MASTER.o)
                0x000010bc                I2C_bus_I2CMasterWriteByte
 .text.I2C_bus_I2CMasterReadByte
                0x00001154       0x84 .\CortexM0\ARM_GCC_493\Debug\test01.a(I2C_bus_I2C_MASTER.o)
                0x00001154                I2C_bus_I2CMasterReadByte
 .text.I2C_bus_I2CReStartGeneration
                0x000011d8       0x20 .\CortexM0\ARM_GCC_493\Debug\test01.a(I2C_bus_I2C_MASTER.o)
                0x000011d8                I2C_bus_I2CReStartGeneration
 .text.I2C_bus_I2CMasterSendRestart
                0x000011f8       0xc4 .\CortexM0\ARM_GCC_493\Debug\test01.a(I2C_bus_I2C_MASTER.o)
                0x000011f8                I2C_bus_I2CMasterSendRestart
 .text.I2C_bus_sda_SetDriveMode
                0x000012bc       0x14 .\CortexM0\ARM_GCC_493\Debug\test01.a(I2C_bus_sda.o)
                0x000012bc                I2C_bus_sda_SetDriveMode
 .text.I2C_bus_scl_SetDriveMode
                0x000012d0       0x14 .\CortexM0\ARM_GCC_493\Debug\test01.a(I2C_bus_scl.o)
                0x000012d0                I2C_bus_scl_SetDriveMode
 .text.Timer_1_Enable
                0x000012e4       0x10 .\CortexM0\ARM_GCC_493\Debug\test01.a(Timer_1.o)
                0x000012e4                Timer_1_Enable
 .text.Timer_1_SetInterruptMode
                0x000012f4        0xc .\CortexM0\ARM_GCC_493\Debug\test01.a(Timer_1.o)
                0x000012f4                Timer_1_SetInterruptMode
 .text.Timer_1_ReadStatusRegister
                0x00001300        0xc .\CortexM0\ARM_GCC_493\Debug\test01.a(Timer_1.o)
                0x00001300                Timer_1_ReadStatusRegister
 .text.Timer_1_WritePeriod
                0x0000130c        0xc .\CortexM0\ARM_GCC_493\Debug\test01.a(Timer_1.o)
                0x0000130c                Timer_1_WritePeriod
 .text.Timer_1_ReadCapture
                0x00001318        0xc .\CortexM0\ARM_GCC_493\Debug\test01.a(Timer_1.o)
                0x00001318                Timer_1_ReadCapture
 .text.Timer_1_WriteCounter
                0x00001324        0xc .\CortexM0\ARM_GCC_493\Debug\test01.a(Timer_1.o)
                0x00001324                Timer_1_WriteCounter
 .text.Timer_1_ClearFIFO
                0x00001330       0x14 .\CortexM0\ARM_GCC_493\Debug\test01.a(Timer_1.o)
                0x00001330                Timer_1_ClearFIFO
 .text.Timer_1_Init
                0x00001344       0x30 .\CortexM0\ARM_GCC_493\Debug\test01.a(Timer_1.o)
                0x00001344                Timer_1_Init
 .text.Timer_1_Start
                0x00001374       0x20 .\CortexM0\ARM_GCC_493\Debug\test01.a(Timer_1.o)
                0x00001374                Timer_1_Start
 .text.isr_1_SetVector
                0x00001394        0xc .\CortexM0\ARM_GCC_493\Debug\test01.a(isr_1.o)
                0x00001394                isr_1_SetVector
 .text.isr_1_SetPriority
                0x000013a0       0x24 .\CortexM0\ARM_GCC_493\Debug\test01.a(isr_1.o)
                0x000013a0                isr_1_SetPriority
 .text.isr_1_Enable
                0x000013c4        0xc .\CortexM0\ARM_GCC_493\Debug\test01.a(isr_1.o)
                0x000013c4                isr_1_Enable
 .text.isr_1_Disable
                0x000013d0        0xc .\CortexM0\ARM_GCC_493\Debug\test01.a(isr_1.o)
                0x000013d0                isr_1_Disable
 .text.isr_1_StartEx
                0x000013dc       0x1c .\CortexM0\ARM_GCC_493\Debug\test01.a(isr_1.o)
                0x000013dc                isr_1_StartEx
 .text.SERIAL_ScbModePostEnable
                0x000013f8        0x8 .\CortexM0\ARM_GCC_493\Debug\test01.a(SERIAL.o)
 .text.SERIAL_Init
                0x00001400        0x8 .\CortexM0\ARM_GCC_493\Debug\test01.a(SERIAL.o)
                0x00001400                SERIAL_Init
 .text.SERIAL_Enable
                0x00001408       0x18 .\CortexM0\ARM_GCC_493\Debug\test01.a(SERIAL.o)
                0x00001408                SERIAL_Enable
 .text.SERIAL_Start
                0x00001420       0x20 .\CortexM0\ARM_GCC_493\Debug\test01.a(SERIAL.o)
                0x00001420                SERIAL_Start
 .text.SERIAL_UartInit
                0x00001440       0x98 .\CortexM0\ARM_GCC_493\Debug\test01.a(SERIAL_UART.o)
                0x00001440                SERIAL_UartInit
 .text.SERIAL_UartPostEnable
                0x000014d8       0x1c .\CortexM0\ARM_GCC_493\Debug\test01.a(SERIAL_UART.o)
                0x000014d8                SERIAL_UartPostEnable
 .text.SERIAL_UartPutString
                0x000014f4       0x18 .\CortexM0\ARM_GCC_493\Debug\test01.a(SERIAL_UART.o)
                0x000014f4                SERIAL_UartPutString
 .text.I2C_bus_I2C_ISR
                0x0000150c      0x374 .\CortexM0\ARM_GCC_493\Debug\test01.a(I2C_bus_I2C_INT.o)
                0x0000150c                I2C_bus_I2C_ISR
 .text.SERIAL_SpiUartWriteTxData
                0x00001880       0x1c .\CortexM0\ARM_GCC_493\Debug\test01.a(SERIAL_SPI_UART.o)
                0x00001880                SERIAL_SpiUartWriteTxData
 .text.atan2f   0x0000189c        0x8 c:/program files (x86)/cypress/psoc creator/3.3/psoc creator/import/gnu/arm/4.9.3/bin/../lib/gcc/arm-none-eabi/4.9.3/../../../../arm-none-eabi/lib/armv6-m\libm.a(lib_a-wf_atan2.o)
                0x0000189c                atan2f
 .text.sqrtf    0x000018a4       0xac c:/program files (x86)/cypress/psoc creator/3.3/psoc creator/import/gnu/arm/4.9.3/bin/../lib/gcc/arm-none-eabi/4.9.3/../../../../arm-none-eabi/lib/armv6-m\libm.a(lib_a-wf_sqrt.o)
                0x000018a4                sqrtf
 .text.__ieee754_atan2f
                0x00001950      0x128 c:/program files (x86)/cypress/psoc creator/3.3/psoc creator/import/gnu/arm/4.9.3/bin/../lib/gcc/arm-none-eabi/4.9.3/../../../../arm-none-eabi/lib/armv6-m\libm.a(lib_a-ef_atan2.o)
                0x00001950                __ieee754_atan2f
 .text.__ieee754_sqrtf
                0x00001a78       0xb8 c:/program files (x86)/cypress/psoc creator/3.3/psoc creator/import/gnu/arm/4.9.3/bin/../lib/gcc/arm-none-eabi/4.9.3/../../../../arm-none-eabi/lib/armv6-m\libm.a(lib_a-ef_sqrt.o)
                0x00001a78                __ieee754_sqrtf
 .text.matherr  0x00001b30        0x4 c:/program files (x86)/cypress/psoc creator/3.3/psoc creator/import/gnu/arm/4.9.3/bin/../lib/gcc/arm-none-eabi/4.9.3/../../../../arm-none-eabi/lib/armv6-m\libm.a(lib_a-s_matherr.o)
                0x00001b30                matherr
 .text.atanf    0x00001b34      0x238 c:/program files (x86)/cypress/psoc creator/3.3/psoc creator/import/gnu/arm/4.9.3/bin/../lib/gcc/arm-none-eabi/4.9.3/../../../../arm-none-eabi/lib/armv6-m\libm.a(lib_a-sf_atan.o)
                0x00001b34                atanf
 .text.fabsf    0x00001d6c        0x8 c:/program files (x86)/cypress/psoc creator/3.3/psoc creator/import/gnu/arm/4.9.3/bin/../lib/gcc/arm-none-eabi/4.9.3/../../../../arm-none-eabi/lib/armv6-m\libm.a(lib_a-sf_fabs.o)
                0x00001d6c                fabsf
 .text.__fpclassifyf
                0x00001d74       0x40 c:/program files (x86)/cypress/psoc creator/3.3/psoc creator/import/gnu/arm/4.9.3/bin/../lib/gcc/arm-none-eabi/4.9.3/../../../../arm-none-eabi/lib/armv6-m\libm.a(lib_a-sf_fpclassify.o)
                0x00001d74                __fpclassifyf
 .text.CyBleHal_EnableGlobalInterrupts
                0x00001db4        0x8 .\CortexM0\ARM_GCC_493\Debug\test01.a(BLE_HAL_PVT.o)
                0x00001db4                CyBleHal_EnableGlobalInterrupts
 .text.CyBleHal_DisableGlobalInterrupts
                0x00001dbc        0x8 .\CortexM0\ARM_GCC_493\Debug\test01.a(BLE_HAL_PVT.o)
                0x00001dbc                CyBleHal_DisableGlobalInterrupts
 .text.BLE_bless_isr_Enable
                0x00001dc4       0x10 .\CortexM0\ARM_GCC_493\Debug\test01.a(BLE_bless_isr.o)
                0x00001dc4                BLE_bless_isr_Enable
 .text.BLE_bless_isr_Disable
                0x00001dd4       0x10 .\CortexM0\ARM_GCC_493\Debug\test01.a(BLE_bless_isr.o)
                0x00001dd4                BLE_bless_isr_Disable
 .text          0x00001de4      0x120 c:/program files (x86)/cypress/psoc creator/3.3/psoc creator/import/gnu/arm/4.9.3/bin/../lib/gcc/arm-none-eabi/4.9.3/armv6-m\libgcc.a(_udivsi3.o)
                0x00001de4                __aeabi_uidiv
                0x00001de4                __udivsi3
                0x00001ef0                __aeabi_uidivmod
 .text          0x00001f04      0x1e0 c:/program files (x86)/cypress/psoc creator/3.3/psoc creator/import/gnu/arm/4.9.3/bin/../lib/gcc/arm-none-eabi/4.9.3/armv6-m\libgcc.a(_divsi3.o)
                0x00001f04                __divsi3
                0x00001f04                __aeabi_idiv
                0x000020d0                __aeabi_idivmod
 .text          0x000020e4        0x4 c:/program files (x86)/cypress/psoc creator/3.3/psoc creator/import/gnu/arm/4.9.3/bin/../lib/gcc/arm-none-eabi/4.9.3/armv6-m\libgcc.a(_dvmd_tls.o)
                0x000020e4                __aeabi_idiv0
                0x000020e4                __aeabi_ldiv0
 .text          0x000020e8       0x7c c:/program files (x86)/cypress/psoc creator/3.3/psoc creator/import/gnu/arm/4.9.3/bin/../lib/gcc/arm-none-eabi/4.9.3/armv6-m\libgcc.a(_arm_cmpdf2.o)
                0x000020e8                __aeabi_cdrcmple
                0x000020f8                __aeabi_cdcmple
                0x000020f8                __aeabi_cdcmpeq
                0x00002108                __aeabi_dcmpeq
                0x00002114                __aeabi_dcmplt
                0x00002128                __aeabi_dcmple
                0x0000213c                __aeabi_dcmpgt
                0x00002150                __aeabi_dcmpge
 .text          0x00002164       0x74 c:/program files (x86)/cypress/psoc creator/3.3/psoc creator/import/gnu/arm/4.9.3/bin/../lib/gcc/arm-none-eabi/4.9.3/armv6-m\libgcc.a(_arm_cmpsf2.o)
                0x00002164                __aeabi_cfrcmple
                0x0000216c                __aeabi_cfcmpeq
                0x0000216c                __aeabi_cfcmple
                0x0000217c                __aeabi_fcmpeq
                0x00002188                __aeabi_fcmplt
                0x0000219c                __aeabi_fcmple
                0x000021b0                __aeabi_fcmpgt
                0x000021c4                __aeabi_fcmpge
 .text          0x000021d8      0x2f8 c:/program files (x86)/cypress/psoc creator/3.3/psoc creator/import/gnu/arm/4.9.3/bin/../lib/gcc/arm-none-eabi/4.9.3/armv6-m\libgcc.a(addsf3.o)
                0x000021d8                __aeabi_fadd
 .text          0x000024d0      0x270 c:/program files (x86)/cypress/psoc creator/3.3/psoc creator/import/gnu/arm/4.9.3/bin/../lib/gcc/arm-none-eabi/4.9.3/armv6-m\libgcc.a(divsf3.o)
                0x000024d0                __aeabi_fdiv
 .text          0x00002740       0x54 c:/program files (x86)/cypress/psoc creator/3.3/psoc creator/import/gnu/arm/4.9.3/bin/../lib/gcc/arm-none-eabi/4.9.3/armv6-m\libgcc.a(eqsf2.o)
                0x00002740                __eqsf2
                0x00002740                __nesf2
 .text          0x00002794       0x94 c:/program files (x86)/cypress/psoc creator/3.3/psoc creator/import/gnu/arm/4.9.3/bin/../lib/gcc/arm-none-eabi/4.9.3/armv6-m\libgcc.a(gesf2.o)
                0x00002794                __gesf2
                0x00002794                __gtsf2
 .text          0x00002828       0x8c c:/program files (x86)/cypress/psoc creator/3.3/psoc creator/import/gnu/arm/4.9.3/bin/../lib/gcc/arm-none-eabi/4.9.3/armv6-m\libgcc.a(lesf2.o)
                0x00002828                __ltsf2
                0x00002828                __lesf2
 .text          0x000028b4      0x264 c:/program files (x86)/cypress/psoc creator/3.3/psoc creator/import/gnu/arm/4.9.3/bin/../lib/gcc/arm-none-eabi/4.9.3/armv6-m\libgcc.a(mulsf3.o)
                0x000028b4                __aeabi_fmul
 .text          0x00002b18      0x2fc c:/program files (x86)/cypress/psoc creator/3.3/psoc creator/import/gnu/arm/4.9.3/bin/../lib/gcc/arm-none-eabi/4.9.3/armv6-m\libgcc.a(subsf3.o)
                0x00002b18                __aeabi_fsub
 .text          0x00002e14       0x90 c:/program files (x86)/cypress/psoc creator/3.3/psoc creator/import/gnu/arm/4.9.3/bin/../lib/gcc/arm-none-eabi/4.9.3/armv6-m\libgcc.a(floatsisf.o)
                0x00002e14                __aeabi_i2f
 .text          0x00002ea4      0x650 c:/program files (x86)/cypress/psoc creator/3.3/psoc creator/import/gnu/arm/4.9.3/bin/../lib/gcc/arm-none-eabi/4.9.3/armv6-m\libgcc.a(adddf3.o)
                0x00002ea4                __aeabi_dadd
 .text          0x000034f4      0x648 c:/program files (x86)/cypress/psoc creator/3.3/psoc creator/import/gnu/arm/4.9.3/bin/../lib/gcc/arm-none-eabi/4.9.3/armv6-m\libgcc.a(divdf3.o)
                0x000034f4                __aeabi_ddiv
 .text          0x00003b3c       0x88 c:/program files (x86)/cypress/psoc creator/3.3/psoc creator/import/gnu/arm/4.9.3/bin/../lib/gcc/arm-none-eabi/4.9.3/armv6-m\libgcc.a(eqdf2.o)
                0x00003b3c                __nedf2
                0x00003b3c                __eqdf2
 .text          0x00003bc4       0xe0 c:/program files (x86)/cypress/psoc creator/3.3/psoc creator/import/gnu/arm/4.9.3/bin/../lib/gcc/arm-none-eabi/4.9.3/armv6-m\libgcc.a(gedf2.o)
                0x00003bc4                __gedf2
                0x00003bc4                __gtdf2
 .text          0x00003ca4       0xcc c:/program files (x86)/cypress/psoc creator/3.3/psoc creator/import/gnu/arm/4.9.3/bin/../lib/gcc/arm-none-eabi/4.9.3/armv6-m\libgcc.a(ledf2.o)
                0x00003ca4                __ledf2
                0x00003ca4                __ltdf2
 .text          0x00003d70      0x534 c:/program files (x86)/cypress/psoc creator/3.3/psoc creator/import/gnu/arm/4.9.3/bin/../lib/gcc/arm-none-eabi/4.9.3/armv6-m\libgcc.a(muldf3.o)
                0x00003d70                __aeabi_dmul
 .text          0x000042a4      0x6f4 c:/program files (x86)/cypress/psoc creator/3.3/psoc creator/import/gnu/arm/4.9.3/bin/../lib/gcc/arm-none-eabi/4.9.3/armv6-m\libgcc.a(subdf3.o)
                0x000042a4                __aeabi_dsub
 .text          0x00004998       0xa8 c:/program files (x86)/cypress/psoc creator/3.3/psoc creator/import/gnu/arm/4.9.3/bin/../lib/gcc/arm-none-eabi/4.9.3/armv6-m\libgcc.a(extendsfdf2.o)
                0x00004998                __aeabi_f2d
 .text          0x00004a40      0x120 c:/program files (x86)/cypress/psoc creator/3.3/psoc creator/import/gnu/arm/4.9.3/bin/../lib/gcc/arm-none-eabi/4.9.3/armv6-m\libgcc.a(truncdfsf2.o)
                0x00004a40                __aeabi_d2f
 .text          0x00004b60       0x3c c:/program files (x86)/cypress/psoc creator/3.3/psoc creator/import/gnu/arm/4.9.3/bin/../lib/gcc/arm-none-eabi/4.9.3/armv6-m\libgcc.a(_clzsi2.o)
                0x00004b60                __clzsi2
 .text.__errno  0x00004b9c        0xc c:/program files (x86)/cypress/psoc creator/3.3/psoc creator/import/gnu/arm/4.9.3/bin/../lib/gcc/arm-none-eabi/4.9.3/../../../../arm-none-eabi/lib/armv6-m\libg_nano.a(lib_a-errno.o)
                0x00004b9c                __errno
 .text.__libc_init_array
                0x00004ba8       0x4c c:/program files (x86)/cypress/psoc creator/3.3/psoc creator/import/gnu/arm/4.9.3/bin/../lib/gcc/arm-none-eabi/4.9.3/../../../../arm-none-eabi/lib/armv6-m\libg_nano.a(lib_a-init.o)
                0x00004ba8                __libc_init_array
 .text.memcpy   0x00004bf4       0x12 c:/program files (x86)/cypress/psoc creator/3.3/psoc creator/import/gnu/arm/4.9.3/bin/../lib/gcc/arm-none-eabi/4.9.3/../../../../arm-none-eabi/lib/armv6-m\libg_nano.a(lib_a-memcpy.o)
                0x00004bf4                memcpy
 .text.memset   0x00004c06       0x10 c:/program files (x86)/cypress/psoc creator/3.3/psoc creator/import/gnu/arm/4.9.3/bin/../lib/gcc/arm-none-eabi/4.9.3/../../../../arm-none-eabi/lib/armv6-m\libg_nano.a(lib_a-memset.o)
                0x00004c06                memset
 .text.__cvt    0x00004c16       0xc8 c:/program files (x86)/cypress/psoc creator/3.3/psoc creator/import/gnu/arm/4.9.3/bin/../lib/gcc/arm-none-eabi/4.9.3/../../../../arm-none-eabi/lib/armv6-m\libg_nano.a(lib_a-nano-vfprintf_float.o)
                0x00004c16                __cvt
 .text.__exponent
                0x00004cde       0x62 c:/program files (x86)/cypress/psoc creator/3.3/psoc creator/import/gnu/arm/4.9.3/bin/../lib/gcc/arm-none-eabi/4.9.3/../../../../arm-none-eabi/lib/armv6-m\libg_nano.a(lib_a-nano-vfprintf_float.o)
                0x00004cde                __exponent
 .text._printf_float
                0x00004d40      0x47c c:/program files (x86)/cypress/psoc creator/3.3/psoc creator/import/gnu/arm/4.9.3/bin/../lib/gcc/arm-none-eabi/4.9.3/../../../../arm-none-eabi/lib/armv6-m\libg_nano.a(lib_a-nano-vfprintf_float.o)
                0x00004d40                _printf_float
 .text._printf_common
                0x000051bc       0xdc c:/program files (x86)/cypress/psoc creator/3.3/psoc creator/import/gnu/arm/4.9.3/bin/../lib/gcc/arm-none-eabi/4.9.3/../../../../arm-none-eabi/lib/armv6-m\libg_nano.a(lib_a-nano-vfprintf_i.o)
                0x000051bc                _printf_common
 .text._printf_i
                0x00005298      0x230 c:/program files (x86)/cypress/psoc creator/3.3/psoc creator/import/gnu/arm/4.9.3/bin/../lib/gcc/arm-none-eabi/4.9.3/../../../../arm-none-eabi/lib/armv6-m\libg_nano.a(lib_a-nano-vfprintf_i.o)
                0x00005298                _printf_i
 .text.__fpclassifyd
                0x000054c8       0x50 c:/program files (x86)/cypress/psoc creator/3.3/psoc creator/import/gnu/arm/4.9.3/bin/../lib/gcc/arm-none-eabi/4.9.3/../../../../arm-none-eabi/lib/armv6-m\libg_nano.a(lib_a-s_fpclassify.o)
                0x000054c8                __fpclassifyd
 .text.sprintf  0x00005518       0x44 c:/program files (x86)/cypress/psoc creator/3.3/psoc creator/import/gnu/arm/4.9.3/bin/../lib/gcc/arm-none-eabi/4.9.3/../../../../arm-none-eabi/lib/armv6-m\libg_nano.a(lib_a-sprintf.o)
                0x00005518                siprintf
                0x00005518                sprintf
 .text.strlen   0x0000555c        0xe c:/program files (x86)/cypress/psoc creator/3.3/psoc creator/import/gnu/arm/4.9.3/bin/../lib/gcc/arm-none-eabi/4.9.3/../../../../arm-none-eabi/lib/armv6-m\libg_nano.a(lib_a-strlen.o)
                0x0000555c                strlen
 .text.quorem   0x0000556a      0x10e c:/program files (x86)/cypress/psoc creator/3.3/psoc creator/import/gnu/arm/4.9.3/bin/../lib/gcc/arm-none-eabi/4.9.3/../../../../arm-none-eabi/lib/armv6-m\libg_nano.a(lib_a-dtoa.o)
 .text._dtoa_r  0x00005678      0xc00 c:/program files (x86)/cypress/psoc creator/3.3/psoc creator/import/gnu/arm/4.9.3/bin/../lib/gcc/arm-none-eabi/4.9.3/../../../../arm-none-eabi/lib/armv6-m\libg_nano.a(lib_a-dtoa.o)
                0x00005678                _dtoa_r
 .text._localeconv_r
                0x00006278        0x8 c:/program files (x86)/cypress/psoc creator/3.3/psoc creator/import/gnu/arm/4.9.3/bin/../lib/gcc/arm-none-eabi/4.9.3/../../../../arm-none-eabi/lib/armv6-m\libg_nano.a(lib_a-locale.o)
                0x00006278                _localeconv_r
 .text.malloc   0x00006280       0x14 c:/program files (x86)/cypress/psoc creator/3.3/psoc creator/import/gnu/arm/4.9.3/bin/../lib/gcc/arm-none-eabi/4.9.3/../../../../arm-none-eabi/lib/armv6-m\libg_nano.a(lib_a-malloc.o)
                0x00006280                malloc
 .text.memchr   0x00006294       0x16 c:/program files (x86)/cypress/psoc creator/3.3/psoc creator/import/gnu/arm/4.9.3/bin/../lib/gcc/arm-none-eabi/4.9.3/../../../../arm-none-eabi/lib/armv6-m\libg_nano.a(lib_a-memchr.o)
                0x00006294                memchr
 .text._Balloc  0x000062aa       0x70 c:/program files (x86)/cypress/psoc creator/3.3/psoc creator/import/gnu/arm/4.9.3/bin/../lib/gcc/arm-none-eabi/4.9.3/../../../../arm-none-eabi/lib/armv6-m\libg_nano.a(lib_a-mprec.o)
                0x000062aa                _Balloc
 .text._Bfree   0x0000631a       0x32 c:/program files (x86)/cypress/psoc creator/3.3/psoc creator/import/gnu/arm/4.9.3/bin/../lib/gcc/arm-none-eabi/4.9.3/../../../../arm-none-eabi/lib/armv6-m\libg_nano.a(lib_a-mprec.o)
                0x0000631a                _Bfree
 .text.__multadd
                0x0000634c       0x78 c:/program files (x86)/cypress/psoc creator/3.3/psoc creator/import/gnu/arm/4.9.3/bin/../lib/gcc/arm-none-eabi/4.9.3/../../../../arm-none-eabi/lib/armv6-m\libg_nano.a(lib_a-mprec.o)
                0x0000634c                __multadd
 .text.__hi0bits
                0x000063c4       0x36 c:/program files (x86)/cypress/psoc creator/3.3/psoc creator/import/gnu/arm/4.9.3/bin/../lib/gcc/arm-none-eabi/4.9.3/../../../../arm-none-eabi/lib/armv6-m\libg_nano.a(lib_a-mprec.o)
                0x000063c4                __hi0bits
 .text.__lo0bits
                0x000063fa       0x5e c:/program files (x86)/cypress/psoc creator/3.3/psoc creator/import/gnu/arm/4.9.3/bin/../lib/gcc/arm-none-eabi/4.9.3/../../../../arm-none-eabi/lib/armv6-m\libg_nano.a(lib_a-mprec.o)
                0x000063fa                __lo0bits
 .text.__i2b    0x00006458       0x12 c:/program files (x86)/cypress/psoc creator/3.3/psoc creator/import/gnu/arm/4.9.3/bin/../lib/gcc/arm-none-eabi/4.9.3/../../../../arm-none-eabi/lib/armv6-m\libg_nano.a(lib_a-mprec.o)
                0x00006458                __i2b
 .text.__multiply
                0x0000646a      0x11a c:/program files (x86)/cypress/psoc creator/3.3/psoc creator/import/gnu/arm/4.9.3/bin/../lib/gcc/arm-none-eabi/4.9.3/../../../../arm-none-eabi/lib/armv6-m\libg_nano.a(lib_a-mprec.o)
                0x0000646a                __multiply
 .text.__pow5mult
                0x00006584       0xa4 c:/program files (x86)/cypress/psoc creator/3.3/psoc creator/import/gnu/arm/4.9.3/bin/../lib/gcc/arm-none-eabi/4.9.3/../../../../arm-none-eabi/lib/armv6-m\libg_nano.a(lib_a-mprec.o)
                0x00006584                __pow5mult
 .text.__lshift
                0x00006628       0xa4 c:/program files (x86)/cypress/psoc creator/3.3/psoc creator/import/gnu/arm/4.9.3/bin/../lib/gcc/arm-none-eabi/4.9.3/../../../../arm-none-eabi/lib/armv6-m\libg_nano.a(lib_a-mprec.o)
                0x00006628                __lshift
 .text.__mcmp   0x000066cc       0x36 c:/program files (x86)/cypress/psoc creator/3.3/psoc creator/import/gnu/arm/4.9.3/bin/../lib/gcc/arm-none-eabi/4.9.3/../../../../arm-none-eabi/lib/armv6-m\libg_nano.a(lib_a-mprec.o)
                0x000066cc                __mcmp
 .text.__mdiff  0x00006702       0xd6 c:/program files (x86)/cypress/psoc creator/3.3/psoc creator/import/gnu/arm/4.9.3/bin/../lib/gcc/arm-none-eabi/4.9.3/../../../../arm-none-eabi/lib/armv6-m\libg_nano.a(lib_a-mprec.o)
                0x00006702                __mdiff
 .text.__d2b    0x000067d8       0xa8 c:/program files (x86)/cypress/psoc creator/3.3/psoc creator/import/gnu/arm/4.9.3/bin/../lib/gcc/arm-none-eabi/4.9.3/../../../../arm-none-eabi/lib/armv6-m\libg_nano.a(lib_a-mprec.o)
                0x000067d8                __d2b
 .text._calloc_r
                0x00006880       0x1c c:/program files (x86)/cypress/psoc creator/3.3/psoc creator/import/gnu/arm/4.9.3/bin/../lib/gcc/arm-none-eabi/4.9.3/../../../../arm-none-eabi/lib/armv6-m\libg_nano.a(lib_a-nano-callocr.o)
                0x00006880                _calloc_r
 .text._free_r  0x0000689c       0x8c c:/program files (x86)/cypress/psoc creator/3.3/psoc creator/import/gnu/arm/4.9.3/bin/../lib/gcc/arm-none-eabi/4.9.3/../../../../arm-none-eabi/lib/armv6-m\libg_nano.a(lib_a-nano-freer.o)
                0x0000689c                _free_r
 .text._malloc_r
                0x00006928       0xb0 c:/program files (x86)/cypress/psoc creator/3.3/psoc creator/import/gnu/arm/4.9.3/bin/../lib/gcc/arm-none-eabi/4.9.3/../../../../arm-none-eabi/lib/armv6-m\libg_nano.a(lib_a-nano-mallocr.o)
                0x00006928                _malloc_r
 .text.__ssputs_r
                0x000069d8       0xc0 c:/program files (x86)/cypress/psoc creator/3.3/psoc creator/import/gnu/arm/4.9.3/bin/../lib/gcc/arm-none-eabi/4.9.3/../../../../arm-none-eabi/lib/armv6-m\libg_nano.a(lib_a-nano-svfprintf.o)
                0x000069d8                __ssputs_r
 .text._svfprintf_r
                0x00006a98      0x1ec c:/program files (x86)/cypress/psoc creator/3.3/psoc creator/import/gnu/arm/4.9.3/bin/../lib/gcc/arm-none-eabi/4.9.3/../../../../arm-none-eabi/lib/armv6-m\libg_nano.a(lib_a-nano-svfprintf.o)
                0x00006a98                _svfiprintf_r
                0x00006a98                _svfprintf_r
 .text._sbrk_r  0x00006c84       0x24 c:/program files (x86)/cypress/psoc creator/3.3/psoc creator/import/gnu/arm/4.9.3/bin/../lib/gcc/arm-none-eabi/4.9.3/../../../../arm-none-eabi/lib/armv6-m\libg_nano.a(lib_a-sbrkr.o)
                0x00006c84                _sbrk_r
 .text.memmove  0x00006ca8       0x28 c:/program files (x86)/cypress/psoc creator/3.3/psoc creator/import/gnu/arm/4.9.3/bin/../lib/gcc/arm-none-eabi/4.9.3/../../../../arm-none-eabi/lib/armv6-m\libg_nano.a(lib_a-memmove.o)
                0x00006ca8                memmove
 .text._realloc_r
                0x00006cd0       0x4c c:/program files (x86)/cypress/psoc creator/3.3/psoc creator/import/gnu/arm/4.9.3/bin/../lib/gcc/arm-none-eabi/4.9.3/../../../../arm-none-eabi/lib/armv6-m\libg_nano.a(lib_a-nano-reallocr.o)
                0x00006cd0                _realloc_r
 .text._malloc_usable_size_r
                0x00006d1c       0x16 c:/program files (x86)/cypress/psoc creator/3.3/psoc creator/import/gnu/arm/4.9.3/bin/../lib/gcc/arm-none-eabi/4.9.3/../../../../arm-none-eabi/lib/armv6-m\libg_nano.a(lib_a-nano-msizer.o)
                0x00006d1c                _malloc_usable_size_r
 *fill*         0x00006d32        0x2 
 .text          0x00006d34       0x14 c:/program files (x86)/cypress/psoc creator/3.3/psoc creator/import/gnu/arm/4.9.3/bin/../lib/gcc/arm-none-eabi/4.9.3/armv6-m\libgcc.a(_thumb1_case_uqi.o)
                0x00006d34                __gnu_thumb1_case_uqi
 .text          0x00006d48       0x6c c:/program files (x86)/cypress/psoc creator/3.3/psoc creator/import/gnu/arm/4.9.3/bin/../lib/gcc/arm-none-eabi/4.9.3/armv6-m\libgcc.a(fixdfsi.o)
                0x00006d48                __aeabi_d2iz
 .text          0x00006db4       0x78 c:/program files (x86)/cypress/psoc creator/3.3/psoc creator/import/gnu/arm/4.9.3/bin/../lib/gcc/arm-none-eabi/4.9.3/armv6-m\libgcc.a(floatsidf.o)
                0x00006db4                __aeabi_i2d
 .text          0x00006e2c       0x64 c:/program files (x86)/cypress/psoc creator/3.3/psoc creator/import/gnu/arm/4.9.3/bin/../lib/gcc/arm-none-eabi/4.9.3/armv6-m\libgcc.a(floatunsidf.o)
                0x00006e2c                __aeabi_ui2d
 *(.plt)
 *(.gnu.warning)
 *(.glue_7t)
 .glue_7t       0x00000000        0x0 linker stubs
 *(.glue_7)
 .glue_7        0x00000000        0x0 linker stubs
 *(.vfp11_veneer)
 .vfp11_veneer  0x00000000        0x0 linker stubs
 *(.bootloader)
 *(.ARM.extab* .gnu.linkonce.armextab.*)
 *(.gcc_except_table)

.v4_bx          0x00006e90        0x0
 .v4_bx         0x00000000        0x0 linker stubs

.iplt           0x00006e90        0x0
 .iplt          0x00000000        0x0 c:/program files (x86)/cypress/psoc creator/3.3/psoc creator/import/gnu/arm/4.9.3/bin/../lib/gcc/arm-none-eabi/4.9.3/armv6-m/crtbegin.o

i.CyBle_ProcessEvents
                0x00006e90        0x8
 i.CyBle_ProcessEvents
                0x00006e90        0x8 C:\Program Files (x86)\Cypress\PSoC Creator\3.3\PSoC Creator\psoc\content\cycomponentlibrary\CyComponentLibrary.cylib\BLE_v2_20\Library\gccCyBLEStack_BLE_SOC_PERIPHERAL.a(CyBle.o)
                0x00006e90                CyBle_ProcessEvents

i.CyBleStackMgr_ProcessBleEvents
                0x00006e98       0x14
 i.CyBleStackMgr_ProcessBleEvents
                0x00006e98       0x14 C:\Program Files (x86)\Cypress\PSoC Creator\3.3\PSoC Creator\psoc\content\cycomponentlibrary\CyComponentLibrary.cylib\BLE_v2_20\Library\gccCyBLEStack_BLE_SOC_PERIPHERAL.a(CyBleStackMgrIP_Interface.o)
                0x00006e98                CyBleStackMgr_ProcessBleEvents

i.OS_queue_get_num_of_items
                0x00006eac       0x28
 i.OS_queue_get_num_of_items
                0x00006eac       0x28 C:\Program Files (x86)\Cypress\PSoC Creator\3.3\PSoC Creator\psoc\content\cycomponentlibrary\CyComponentLibrary.cylib\BLE_v2_20\Library\gccCyBLEStack_BLE_SOC_PERIPHERAL.a(mint_os_queue.o)
                0x00006eac                OS_queue_get_num_of_items

i.OS_remove_item
                0x00006ed4       0xa0
 i.OS_remove_item
                0x00006ed4       0xa0 C:\Program Files (x86)\Cypress\PSoC Creator\3.3\PSoC Creator\psoc\content\cycomponentlibrary\CyComponentLibrary.cylib\BLE_v2_20\Library\gccCyBLEStack_BLE_SOC_PERIPHERAL.a(mint_os_queue.o)
                0x00006ed4                OS_remove_item

i.OS_scheduler  0x00006f74       0x64
 i.OS_scheduler
                0x00006f74       0x64 C:\Program Files (x86)\Cypress\PSoC Creator\3.3\PSoC Creator\psoc\content\cycomponentlibrary\CyComponentLibrary.cylib\BLE_v2_20\Library\gccCyBLEStack_BLE_SOC_PERIPHERAL.a(mint_os_task.o)
                0x00006f74                OS_scheduler

.eh_frame_hdr
 *(.eh_frame_hdr)

.eh_frame       0x00006fd8        0x4
 *(.eh_frame)
 .eh_frame      0x00006fd8        0x0 c:/program files (x86)/cypress/psoc creator/3.3/psoc creator/import/gnu/arm/4.9.3/bin/../lib/gcc/arm-none-eabi/4.9.3/armv6-m/crtbegin.o
 .eh_frame      0x00006fd8        0x0 c:/program files (x86)/cypress/psoc creator/3.3/psoc creator/import/gnu/arm/4.9.3/bin/../lib/gcc/arm-none-eabi/4.9.3/../../../../arm-none-eabi/lib/armv6-m\libg_nano.a(lib_a-strcmp.o)
                                 0x28 (size before relaxing)
 .eh_frame      0x00006fd8        0x4 c:/program files (x86)/cypress/psoc creator/3.3/psoc creator/import/gnu/arm/4.9.3/bin/../lib/gcc/arm-none-eabi/4.9.3/armv6-m/crtend.o
                0x00006fdc                PROVIDE (__exidx_start, .)

.ARM.exidx
 *(.ARM.exidx* .gnu.linkonce.armexidx.*)
                0x00006fdc                __exidx_end = .

.rodata         0x00006fe0      0x3f0
 *(.rodata .rodata.* .gnu.linkonce.r.*)
 .rodata.str1.4
                0x00006fe0        0xc .\CortexM0\ARM_GCC_493\Debug\main.o
 .rodata        0x00006fec       0xb8 .\CortexM0\ARM_GCC_493\Debug\test01.a(cyfitter_cfg.o)
 .rodata        0x000070a4       0x30 .\CortexM0\ARM_GCC_493\Debug\test01.a(CyLib.o)
                0x000070a4                cyImoFreqMhz2Reg
 .rodata.str1.4
                0x000070d4        0x8 c:/program files (x86)/cypress/psoc creator/3.3/psoc creator/import/gnu/arm/4.9.3/bin/../lib/gcc/arm-none-eabi/4.9.3/../../../../arm-none-eabi/lib/armv6-m\libm.a(lib_a-wf_sqrt.o)
 .rodata.atanlo
                0x000070dc       0x10 c:/program files (x86)/cypress/psoc creator/3.3/psoc creator/import/gnu/arm/4.9.3/bin/../lib/gcc/arm-none-eabi/4.9.3/../../../../arm-none-eabi/lib/armv6-m\libm.a(lib_a-sf_atan.o)
 .rodata.atanhi
                0x000070ec       0x10 c:/program files (x86)/cypress/psoc creator/3.3/psoc creator/import/gnu/arm/4.9.3/bin/../lib/gcc/arm-none-eabi/4.9.3/../../../../arm-none-eabi/lib/armv6-m\libm.a(lib_a-sf_atan.o)
 .rodata        0x000070fc       0x80 c:/program files (x86)/cypress/psoc creator/3.3/psoc creator/import/gnu/arm/4.9.3/bin/../lib/gcc/arm-none-eabi/4.9.3/armv6-m\libgcc.a(divsf3.o)
 .rodata        0x0000717c       0x40 c:/program files (x86)/cypress/psoc creator/3.3/psoc creator/import/gnu/arm/4.9.3/bin/../lib/gcc/arm-none-eabi/4.9.3/armv6-m\libgcc.a(mulsf3.o)
 .rodata        0x000071bc       0x40 c:/program files (x86)/cypress/psoc creator/3.3/psoc creator/import/gnu/arm/4.9.3/bin/../lib/gcc/arm-none-eabi/4.9.3/armv6-m\libgcc.a(divdf3.o)
 .rodata        0x000071fc       0x40 c:/program files (x86)/cypress/psoc creator/3.3/psoc creator/import/gnu/arm/4.9.3/bin/../lib/gcc/arm-none-eabi/4.9.3/armv6-m\libgcc.a(muldf3.o)
 .rodata.str1.1
                0x0000723c        0x2 c:/program files (x86)/cypress/psoc creator/3.3/psoc creator/import/gnu/arm/4.9.3/bin/../lib/gcc/arm-none-eabi/4.9.3/../../../../arm-none-eabi/lib/armv6-m\libg_nano.a(lib_a-impure.o)
 .rodata.str1.1
                0x0000723e       0x12 c:/program files (x86)/cypress/psoc creator/3.3/psoc creator/import/gnu/arm/4.9.3/bin/../lib/gcc/arm-none-eabi/4.9.3/../../../../arm-none-eabi/lib/armv6-m\libg_nano.a(lib_a-nano-vfprintf_float.o)
 .rodata.str1.1
                0x00007250       0x22 c:/program files (x86)/cypress/psoc creator/3.3/psoc creator/import/gnu/arm/4.9.3/bin/../lib/gcc/arm-none-eabi/4.9.3/../../../../arm-none-eabi/lib/armv6-m\libg_nano.a(lib_a-nano-vfprintf_i.o)
 .rodata.str1.1
                0x00007272        0xd c:/program files (x86)/cypress/psoc creator/3.3/psoc creator/import/gnu/arm/4.9.3/bin/../lib/gcc/arm-none-eabi/4.9.3/../../../../arm-none-eabi/lib/armv6-m\libg_nano.a(lib_a-dtoa.o)
                                  0xf (size before relaxing)
 .rodata.str1.1
                0x0000727f        0x8 c:/program files (x86)/cypress/psoc creator/3.3/psoc creator/import/gnu/arm/4.9.3/bin/../lib/gcc/arm-none-eabi/4.9.3/../../../../arm-none-eabi/lib/armv6-m\libg_nano.a(lib_a-locale.o)
                                  0xb (size before relaxing)
 *fill*         0x00007287        0x1 
 .rodata.__mprec_tens
                0x00007288       0xc8 c:/program files (x86)/cypress/psoc creator/3.3/psoc creator/import/gnu/arm/4.9.3/bin/../lib/gcc/arm-none-eabi/4.9.3/../../../../arm-none-eabi/lib/armv6-m\libg_nano.a(lib_a-mprec.o)
                0x00007288                __mprec_tens
 .rodata.__mprec_bigtens
                0x00007350       0x28 c:/program files (x86)/cypress/psoc creator/3.3/psoc creator/import/gnu/arm/4.9.3/bin/../lib/gcc/arm-none-eabi/4.9.3/../../../../arm-none-eabi/lib/armv6-m\libg_nano.a(lib_a-mprec.o)
                0x00007350                __mprec_bigtens
 .rodata.p05.5308
                0x00007378        0xc c:/program files (x86)/cypress/psoc creator/3.3/psoc creator/import/gnu/arm/4.9.3/bin/../lib/gcc/arm-none-eabi/4.9.3/../../../../arm-none-eabi/lib/armv6-m\libg_nano.a(lib_a-mprec.o)
 .rodata.str1.1
                0x00007384       0x11 c:/program files (x86)/cypress/psoc creator/3.3/psoc creator/import/gnu/arm/4.9.3/bin/../lib/gcc/arm-none-eabi/4.9.3/../../../../arm-none-eabi/lib/armv6-m\libg_nano.a(lib_a-nano-svfprintf.o)
                0x00007398                . = ALIGN (0x4)
 *fill*         0x00007395        0x3 
 *(.init)
 .init          0x00007398        0x4 c:/program files (x86)/cypress/psoc creator/3.3/psoc creator/import/gnu/arm/4.9.3/bin/../lib/gcc/arm-none-eabi/4.9.3/armv6-m/crti.o
                0x00007398                _init
 .init          0x0000739c        0x8 c:/program files (x86)/cypress/psoc creator/3.3/psoc creator/import/gnu/arm/4.9.3/bin/../lib/gcc/arm-none-eabi/4.9.3/armv6-m/crtn.o
                0x000073a4                . = ALIGN (0x4)
                0x000073a4                __preinit_array_start = .
 *(.preinit_array)
                0x000073a4                __preinit_array_end = .
                0x000073a4                . = ALIGN (0x4)
                0x000073a4                __init_array_start = .
 *(SORT(.init_array.*))
 *(.init_array)
 .init_array    0x000073a4        0x4 c:/program files (x86)/cypress/psoc creator/3.3/psoc creator/import/gnu/arm/4.9.3/bin/../lib/gcc/arm-none-eabi/4.9.3/armv6-m/crtbegin.o
 .init_array    0x000073a8        0x4 .\CortexM0\ARM_GCC_493\Debug\Cm0Start.o
                0x000073ac                __init_array_end = .
                0x000073ac                . = ALIGN (0x4)
 *(.fini)
 .fini          0x000073ac        0x4 c:/program files (x86)/cypress/psoc creator/3.3/psoc creator/import/gnu/arm/4.9.3/bin/../lib/gcc/arm-none-eabi/4.9.3/armv6-m/crti.o
                0x000073ac                _fini
 .fini          0x000073b0        0x8 c:/program files (x86)/cypress/psoc creator/3.3/psoc creator/import/gnu/arm/4.9.3/bin/../lib/gcc/arm-none-eabi/4.9.3/armv6-m/crtn.o
                0x000073b8                . = ALIGN (0x4)
                0x000073b8                __fini_array_start = .
 *(.fini_array)
 .fini_array    0x000073b8        0x4 c:/program files (x86)/cypress/psoc creator/3.3/psoc creator/import/gnu/arm/4.9.3/bin/../lib/gcc/arm-none-eabi/4.9.3/armv6-m/crtbegin.o
 *(SORT(.fini_array.*))
                0x000073bc                __fini_array_end = .
                0x000073bc                . = ALIGN (0x4)
 *crtbegin.o(.ctors)
 *(EXCLUDE_FILE(*crtend.o) .ctors)
 *(SORT(.ctors.*))
 *crtend.o(.ctors)
                0x000073bc                . = ALIGN (0x4)
 *crtbegin.o(.dtors)
 *(EXCLUDE_FILE(*crtend.o) .dtors)
 *(SORT(.dtors.*))
 *crtend.o(.dtors)
                0x000073bc                . = ALIGN (0x4)
                0x000073bc                __cy_regions = .
                0x000073bc        0x4 LONG 0x73d0 __cy_region_init_ram
                0x000073c0        0x4 LONG 0x200000c8 __cy_region_start_data
                0x000073c4        0x4 LONG 0xe0 __cy_region_init_size_ram
                0x000073c8        0x4 LONG 0x1e0 __cy_region_zero_size_ram
                0x000073cc                __cy_regions_end = .
                0x000073d0                . = ALIGN (0x8)
 *fill*         0x000073cc        0x4 
                0x000073d0                _etext = .

.cy_checksum_exclude
                0x000073d0        0x0
 *(.cy_checksum_exclude)

.ramvectors     0x20000000       0xc0
                0x20000000                __cy_region_start_ram = .
 *(.ramvectors)
 .ramvectors    0x20000000       0xc0 .\CortexM0\ARM_GCC_493\Debug\Cm0Start.o
                0x20000000                CyRamVectors

.noinit         0x200000c0        0x4
 *(.noinit)
 .noinit        0x200000c0        0x4 .\CortexM0\ARM_GCC_493\Debug\Cm0Start.o

.data           0x200000c8       0xe0 load address 0x000073d0
                0x200000c8                __cy_region_start_data = .
 *(.jcr)
 .jcr           0x200000c8        0x0 c:/program files (x86)/cypress/psoc creator/3.3/psoc creator/import/gnu/arm/4.9.3/bin/../lib/gcc/arm-none-eabi/4.9.3/armv6-m/crtbegin.o
 .jcr           0x200000c8        0x4 c:/program files (x86)/cypress/psoc creator/3.3/psoc creator/import/gnu/arm/4.9.3/bin/../lib/gcc/arm-none-eabi/4.9.3/armv6-m/crtend.o
 *(.got.plt)
 *(.got)
 *(.shdata)
 *(.data .data.* .gnu.linkonce.d.*)
 .data          0x200000cc        0x4 .\CortexM0\ARM_GCC_493\Debug\Cm0Start.o
 .data          0x200000d0       0x10 .\CortexM0\ARM_GCC_493\Debug\test01.a(CyLib.o)
                0x200000d0                cydelay32kMs
                0x200000d4                cydelayFreqKhz
                0x200000d8                cydelayFreqMhz
                0x200000dc                cydelayFreqHz
 .data          0x200000e0        0x4 .\CortexM0\ARM_GCC_493\Debug\test01.a(CyLFClk.o)
 .data          0x200000e4        0x1 C:\Program Files (x86)\Cypress\PSoC Creator\3.3\PSoC Creator\psoc\content\cycomponentlibrary\CyComponentLibrary.cylib\BLE_v2_20\Library\gccCyBLEStack_BLE_SOC_PERIPHERAL.a(CyBleStackMgrIP_Interface.o)
                0x200000e4                cyBleStackMgr_State
 *fill*         0x200000e5        0x3 
 .data          0x200000e8        0xc C:\Program Files (x86)\Cypress\PSoC Creator\3.3\PSoC Creator\psoc\content\cycomponentlibrary\CyComponentLibrary.cylib\BLE_v2_20\Library\gccCyBLEStack_BLE_SOC_PERIPHERAL.a(mint_os_queue.o)
                0x200000e8                OS_TOTAL_QUEUES
                0x200000ec                queue_mgr
 .data          0x200000f4       0x14 C:\Program Files (x86)\Cypress\PSoC Creator\3.3\PSoC Creator\psoc\content\cycomponentlibrary\CyComponentLibrary.cylib\BLE_v2_20\Library\gccCyBLEStack_BLE_SOC_PERIPHERAL.a(mint_os_task.o)
                0x200000f4                os_errno
                0x200000f8                OS_TOTAL_TASKS
                0x200000fc                current_task_handle
                0x20000100                task_mgr
 .data.__fdlib_version
                0x20000108        0x1 c:/program files (x86)/cypress/psoc creator/3.3/psoc creator/import/gnu/arm/4.9.3/bin/../lib/gcc/arm-none-eabi/4.9.3/../../../../arm-none-eabi/lib/armv6-m\libm.a(lib_a-s_lib_ver.o)
                0x20000108                __fdlib_version
 *fill*         0x20000109        0x3 
 .data.impure_data
                0x2000010c       0x60 c:/program files (x86)/cypress/psoc creator/3.3/psoc creator/import/gnu/arm/4.9.3/bin/../lib/gcc/arm-none-eabi/4.9.3/../../../../arm-none-eabi/lib/armv6-m\libg_nano.a(lib_a-impure.o)
 .data._impure_ptr
                0x2000016c        0x4 c:/program files (x86)/cypress/psoc creator/3.3/psoc creator/import/gnu/arm/4.9.3/bin/../lib/gcc/arm-none-eabi/4.9.3/../../../../arm-none-eabi/lib/armv6-m\libg_nano.a(lib_a-impure.o)
                0x2000016c                _impure_ptr
 .data.lconv    0x20000170       0x38 c:/program files (x86)/cypress/psoc creator/3.3/psoc creator/import/gnu/arm/4.9.3/bin/../lib/gcc/arm-none-eabi/4.9.3/../../../../arm-none-eabi/lib/armv6-m\libg_nano.a(lib_a-locale.o)
                0x200001a8                . = ALIGN (0x8)
 *(.ram)
                0x200001a8                _edata = .

.igot.plt       0x200001a8        0x0 load address 0x000074b0
 .igot.plt      0x00000000        0x0 c:/program files (x86)/cypress/psoc creator/3.3/psoc creator/import/gnu/arm/4.9.3/bin/../lib/gcc/arm-none-eabi/4.9.3/armv6-m/crtbegin.o

.bss            0x200001a8      0x1e0 load address 0x000074b0
                0x200001a8                PROVIDE (__bss_start__, .)
 *(.shbss)
 *(.bss .bss.* .gnu.linkonce.b.*)
 .bss           0x200001a8       0x1c c:/program files (x86)/cypress/psoc creator/3.3/psoc creator/import/gnu/arm/4.9.3/bin/../lib/gcc/arm-none-eabi/4.9.3/armv6-m/crtbegin.o
 .bss           0x200001c4       0x20 .\CortexM0\ARM_GCC_493\Debug\main.o
                0x200001c4                fiveMicroSeconds_count
                0x200001c8                i
                0x200001cc                roll
                0x200001d0                pitch
                0x200001d4                rolld
                0x200001d8                pitchd
                0x200001dc                filtered_combo_roll
                0x200001e0                filtered_combo_pitch
 .bss           0x200001e4       0x1c .\CortexM0\ARM_GCC_493\Debug\test01.a(CyLFClk.o)
 .bss           0x20000200        0x8 .\CortexM0\ARM_GCC_493\Debug\test01.a(I2C_bus.o)
                0x20000200                I2C_bus_initVar
                0x20000204                I2C_bus_customIntrHandler
 .bss           0x20000208        0x1 .\CortexM0\ARM_GCC_493\Debug\test01.a(Timer_1.o)
                0x20000208                Timer_1_initVar
 .bss           0x20000209        0x1 .\CortexM0\ARM_GCC_493\Debug\test01.a(SERIAL.o)
                0x20000209                SERIAL_initVar
 *fill*         0x2000020a        0x2 
 .bss.__malloc_sbrk_start
                0x2000020c        0x4 c:/program files (x86)/cypress/psoc creator/3.3/psoc creator/import/gnu/arm/4.9.3/bin/../lib/gcc/arm-none-eabi/4.9.3/../../../../arm-none-eabi/lib/armv6-m\libg_nano.a(lib_a-nano-mallocr.o)
                0x2000020c                __malloc_sbrk_start
 .bss.__malloc_free_list
                0x20000210        0x4 c:/program files (x86)/cypress/psoc creator/3.3/psoc creator/import/gnu/arm/4.9.3/bin/../lib/gcc/arm-none-eabi/4.9.3/../../../../arm-none-eabi/lib/armv6-m\libg_nano.a(lib_a-nano-mallocr.o)
                0x20000210                __malloc_free_list
 *(COMMON)
 COMMON         0x20000214      0x14a .\CortexM0\ARM_GCC_493\Debug\main.o
                0x20000214                CAY
                0x20000218                AZoff
                0x2000021c                current_Gvector
                0x2000022c                CGZ
                0x20000230                GY
                0x20000234                Gx_integrated
                0x20000238                AY
                0x2000023c                CAX
                0x20000240                GXoff
                0x20000244                GZ
                0x20000248                CGX
                0x2000024c                buffer
                0x20000264                AYoff
                0x20000268                CT
                0x2000026c                AZ
                0x20000270                Gz_integrated
                0x20000274                GYoff
                0x20000278                Gy_integrated
                0x2000027c                CGY
                0x20000280                buf
                0x20000348                AXoff
                0x2000034c                devAddr
                0x20000350                GX
                0x20000354                AX
                0x20000358                GZoff
                0x2000035c                CAZ
 COMMON         0x2000035e        0x1 .\CortexM0\ARM_GCC_493\Debug\test01.a(I2C_bus_I2C.o)
                0x2000035e                I2C_bus_state
 *fill*         0x2000035f        0x1 
 COMMON         0x20000360       0x20 .\CortexM0\ARM_GCC_493\Debug\test01.a(I2C_bus_I2C_MASTER.o)
                0x20000360                I2C_bus_mstrWrBufSize
                0x20000364                I2C_bus_mstrWrBufIndexTmp
                0x20000368                I2C_bus_mstrRdBufIndex
                0x2000036c                I2C_bus_mstrWrBufIndex
                0x20000370                I2C_bus_mstrWrBufPtr
                0x20000374                I2C_bus_mstrControl
                0x20000376                I2C_bus_mstrStatus
                0x20000378                I2C_bus_mstrRdBufSize
                0x2000037c                I2C_bus_mstrRdBufPtr
 COMMON         0x20000380        0x4 c:/program files (x86)/cypress/psoc creator/3.3/psoc creator/import/gnu/arm/4.9.3/bin/../lib/gcc/arm-none-eabi/4.9.3/../../../../arm-none-eabi/lib/armv6-m\libg_nano.a(lib_a-reent.o)
                0x20000380                errno
                0x20000388                . = ALIGN (0x8)
 *fill*         0x20000384        0x4 
 *(.ram.b)
                0x20000388                _end = .
                0x20000388                __end = .
                0x20000388                PROVIDE (end, .)
                0x20000388                PROVIDE (__bss_end__, .)
                0x000073d0                __cy_region_init_ram = LOADADDR (.data)
                0x000000e0                __cy_region_init_size_ram = (_edata - ADDR (.data))
                0x000001e0                __cy_region_zero_size_ram = (_end - _edata)

.heap           0x20000388      0x200 load address 0x000074b0
                0x20000388                . = _end
                0x20000588                . = (. + 0x200)
 *fill*         0x20000388      0x200 
                0x20000588                __cy_heap_limit = .

.stack          0x20003800      0x800
                0x20003800                __cy_stack_limit = .
                0x20004000                . = (. + 0x800)
 *fill*         0x20003800      0x800 
                0x00000001                ASSERT ((__cy_stack_limit >= __cy_heap_limit), region RAM overflowed with stack)
                0x00000000                cy_checksum_exclude_size = (CY_APPL_LOADABLE == 0x1)?SIZEOF (.cy_checksum_exclude):0x0
                0x00000001                ASSERT ((cy_checksum_exclude_size <= CY_CHECKSUM_EXCLUDE_SIZE), CY_BOOT: Section .cy_checksum_exclude size exceedes specified limit.)
                0x0001ffc0                cyloadermeta_start = (cy_project_type_bootloader || cy_project_type_app_for_stack_and_copier)?(0x20000 - CY_METADATA_SIZE):0xf0000000

.cyloadermeta
 *(.cyloadermeta)
                0x0001ffc0                cyloadablemeta_start = cy_project_type_app_for_stack_and_copier?((0x20000 - CY_FLASH_ROW_SIZE) - CY_METADATA_SIZE):((0x20000 - (CY_FLASH_ROW_SIZE * (CY_APPL_NUM - 0x1))) - CY_METADATA_SIZE)

.cyloadablemeta
 *(.cyloadablemeta)

.cyflashprotect
                0x90400000       0x80
 *(.cyflashprotect)
 .cyflashprotect
                0x90400000       0x80 .\CortexM0\ARM_GCC_493\Debug\cymetadata.o
                0x90400000                cy_meta_flashprotect

.cymeta         0x90500000        0xc
 *(.cymeta)
 .cymeta        0x90500000        0xc .\CortexM0\ARM_GCC_493\Debug\cymetadata.o
                0x90500000                cy_metadata

.cychipprotect  0x90600000        0x4
 *(.cychipprotect)
 .cychipprotect
                0x90600000        0x4 .\CortexM0\ARM_GCC_493\Debug\cymetadata.o
                0x90600000                cy_meta_chipprotect

.rel.dyn        0x000074b0        0x0 load address 0x90600004
 .rel.iplt      0x00000000        0x0 c:/program files (x86)/cypress/psoc creator/3.3/psoc creator/import/gnu/arm/4.9.3/bin/../lib/gcc/arm-none-eabi/4.9.3/armv6-m/crtbegin.o

.stab
 *(.stab)

.stabstr
 *(.stabstr)

.debug
 *(.debug)

.line
 *(.line)

.debug_srcinfo
 *(.debug_srcinfo)

.debug_sfnames
 *(.debug_sfnames)

.debug_aranges  0x00000000     0x1240
 *(.debug_aranges)
 .debug_aranges
                0x00000000       0x40 .\CortexM0\ARM_GCC_493\Debug\main.o
 .debug_aranges
                0x00000040      0x838 .\CortexM0\ARM_GCC_493\Debug\mpu6050.o
 .debug_aranges
                0x00000878       0x68 .\CortexM0\ARM_GCC_493\Debug\i2cFunctions.o
 .debug_aranges
                0x000008e0       0x18 .\CortexM0\ARM_GCC_493\Debug\cymetadata.o
 .debug_aranges
                0x000008f8       0x48 .\CortexM0\ARM_GCC_493\Debug\Cm0Start.o
 .debug_aranges
                0x00000940       0x40 .\CortexM0\ARM_GCC_493\Debug\test01.a(cyfitter_cfg.o)
 .debug_aranges
                0x00000980       0x20 .\CortexM0\ARM_GCC_493\Debug\test01.a(CyBootAsmGnu.o)
 .debug_aranges
                0x000009a0      0x198 .\CortexM0\ARM_GCC_493\Debug\test01.a(CyLib.o)
 .debug_aranges
                0x00000b38      0x150 .\CortexM0\ARM_GCC_493\Debug\test01.a(CyLFClk.o)
 .debug_aranges
                0x00000c88       0x60 .\CortexM0\ARM_GCC_493\Debug\test01.a(I2C_bus.o)
 .debug_aranges
                0x00000ce8       0x28 .\CortexM0\ARM_GCC_493\Debug\test01.a(I2C_bus_I2C.o)
 .debug_aranges
                0x00000d10       0x88 .\CortexM0\ARM_GCC_493\Debug\test01.a(I2C_bus_I2C_MASTER.o)
 .debug_aranges
                0x00000d98       0x40 .\CortexM0\ARM_GCC_493\Debug\test01.a(I2C_bus_sda.o)
 .debug_aranges
                0x00000dd8       0x40 .\CortexM0\ARM_GCC_493\Debug\test01.a(I2C_bus_scl.o)
 .debug_aranges
                0x00000e18       0x90 .\CortexM0\ARM_GCC_493\Debug\test01.a(Timer_1.o)
 .debug_aranges
                0x00000ea8       0x80 .\CortexM0\ARM_GCC_493\Debug\test01.a(isr_1.o)
 .debug_aranges
                0x00000f28       0x58 .\CortexM0\ARM_GCC_493\Debug\test01.a(SERIAL.o)
 .debug_aranges
                0x00000f80       0x88 .\CortexM0\ARM_GCC_493\Debug\test01.a(SERIAL_UART.o)
 .debug_aranges
                0x00001008       0x20 .\CortexM0\ARM_GCC_493\Debug\test01.a(I2C_bus_I2C_INT.o)
 .debug_aranges
                0x00001028       0x60 .\CortexM0\ARM_GCC_493\Debug\test01.a(SERIAL_SPI_UART.o)
 .debug_aranges
                0x00001088       0x80 .\CortexM0\ARM_GCC_493\Debug\test01.a(BLE_HAL_PVT.o)
 .debug_aranges
                0x00001108       0x80 .\CortexM0\ARM_GCC_493\Debug\test01.a(BLE_bless_isr.o)
 .debug_aranges
                0x00001188       0x40 .\CortexM0\ARM_GCC_493\Debug\test01.a(CyFlash.o)
 .debug_aranges
                0x000011c8       0x58 .\CortexM0\ARM_GCC_493\Debug\test01.a(cyPm.o)
 .debug_aranges
                0x00001220       0x20 .\CortexM0\ARM_GCC_493\Debug\test01.a(BLE_HAL_INT.o)

.debug_pubnames
 *(.debug_pubnames)

.debug_info     0x00000000     0x9c32
 *(.debug_info .gnu.linkonce.wi.*)
 .debug_info    0x00000000      0x8ff .\CortexM0\ARM_GCC_493\Debug\main.o
 .debug_info    0x000008ff     0x3fa5 .\CortexM0\ARM_GCC_493\Debug\mpu6050.o
 .debug_info    0x000048a4      0x683 .\CortexM0\ARM_GCC_493\Debug\i2cFunctions.o
 .debug_info    0x00004f27       0xfd .\CortexM0\ARM_GCC_493\Debug\cymetadata.o
 .debug_info    0x00005024      0x38a .\CortexM0\ARM_GCC_493\Debug\Cm0Start.o
 .debug_info    0x000053ae      0x492 .\CortexM0\ARM_GCC_493\Debug\test01.a(cyfitter_cfg.o)
 .debug_info    0x00005840       0x99 .\CortexM0\ARM_GCC_493\Debug\test01.a(CyBootAsmGnu.o)
 .debug_info    0x000058d9      0xb1c .\CortexM0\ARM_GCC_493\Debug\test01.a(CyLib.o)
 .debug_info    0x000063f5      0xdba .\CortexM0\ARM_GCC_493\Debug\test01.a(CyLFClk.o)
 .debug_info    0x000071af      0x295 .\CortexM0\ARM_GCC_493\Debug\test01.a(I2C_bus.o)
 .debug_info    0x00007444      0x1a8 .\CortexM0\ARM_GCC_493\Debug\test01.a(I2C_bus_I2C.o)
 .debug_info    0x000075ec      0x5a0 .\CortexM0\ARM_GCC_493\Debug\test01.a(I2C_bus_I2C_MASTER.o)
 .debug_info    0x00007b8c      0x14e .\CortexM0\ARM_GCC_493\Debug\test01.a(I2C_bus_sda.o)
 .debug_info    0x00007cda      0x150 .\CortexM0\ARM_GCC_493\Debug\test01.a(I2C_bus_scl.o)
 .debug_info    0x00007e2a      0x2e7 .\CortexM0\ARM_GCC_493\Debug\test01.a(Timer_1.o)
 .debug_info    0x00008111      0x2fe .\CortexM0\ARM_GCC_493\Debug\test01.a(isr_1.o)
 .debug_info    0x0000840f      0x208 .\CortexM0\ARM_GCC_493\Debug\test01.a(SERIAL.o)
 .debug_info    0x00008617      0x350 .\CortexM0\ARM_GCC_493\Debug\test01.a(SERIAL_UART.o)
 .debug_info    0x00008967      0x18a .\CortexM0\ARM_GCC_493\Debug\test01.a(I2C_bus_I2C_INT.o)
 .debug_info    0x00008af1      0x215 .\CortexM0\ARM_GCC_493\Debug\test01.a(SERIAL_SPI_UART.o)
 .debug_info    0x00008d06      0x54a .\CortexM0\ARM_GCC_493\Debug\test01.a(BLE_HAL_PVT.o)
 .debug_info    0x00009250      0x2fe .\CortexM0\ARM_GCC_493\Debug\test01.a(BLE_bless_isr.o)
 .debug_info    0x0000954e      0x367 .\CortexM0\ARM_GCC_493\Debug\test01.a(CyFlash.o)
 .debug_info    0x000098b5      0x2cf .\CortexM0\ARM_GCC_493\Debug\test01.a(cyPm.o)
 .debug_info    0x00009b84       0xae .\CortexM0\ARM_GCC_493\Debug\test01.a(BLE_HAL_INT.o)

.debug_abbrev   0x00000000     0x21b5
 *(.debug_abbrev)
 .debug_abbrev  0x00000000      0x236 .\CortexM0\ARM_GCC_493\Debug\main.o
 .debug_abbrev  0x00000236      0x1f0 .\CortexM0\ARM_GCC_493\Debug\mpu6050.o
 .debug_abbrev  0x00000426      0x103 .\CortexM0\ARM_GCC_493\Debug\i2cFunctions.o
 .debug_abbrev  0x00000529       0x5d .\CortexM0\ARM_GCC_493\Debug\cymetadata.o
 .debug_abbrev  0x00000586      0x1fe .\CortexM0\ARM_GCC_493\Debug\Cm0Start.o
 .debug_abbrev  0x00000784      0x1fc .\CortexM0\ARM_GCC_493\Debug\test01.a(cyfitter_cfg.o)
 .debug_abbrev  0x00000980       0x14 .\CortexM0\ARM_GCC_493\Debug\test01.a(CyBootAsmGnu.o)
 .debug_abbrev  0x00000994      0x20d .\CortexM0\ARM_GCC_493\Debug\test01.a(CyLib.o)
 .debug_abbrev  0x00000ba1      0x26d .\CortexM0\ARM_GCC_493\Debug\test01.a(CyLFClk.o)
 .debug_abbrev  0x00000e0e      0x150 .\CortexM0\ARM_GCC_493\Debug\test01.a(I2C_bus.o)
 .debug_abbrev  0x00000f5e      0x100 .\CortexM0\ARM_GCC_493\Debug\test01.a(I2C_bus_I2C.o)
 .debug_abbrev  0x0000105e      0x196 .\CortexM0\ARM_GCC_493\Debug\test01.a(I2C_bus_I2C_MASTER.o)
 .debug_abbrev  0x000011f4       0xc6 .\CortexM0\ARM_GCC_493\Debug\test01.a(I2C_bus_sda.o)
 .debug_abbrev  0x000012ba       0xb7 .\CortexM0\ARM_GCC_493\Debug\test01.a(I2C_bus_scl.o)
 .debug_abbrev  0x00001371      0x152 .\CortexM0\ARM_GCC_493\Debug\test01.a(Timer_1.o)
 .debug_abbrev  0x000014c3      0x1c1 .\CortexM0\ARM_GCC_493\Debug\test01.a(isr_1.o)
 .debug_abbrev  0x00001684       0xe2 .\CortexM0\ARM_GCC_493\Debug\test01.a(SERIAL.o)
 .debug_abbrev  0x00001766      0x148 .\CortexM0\ARM_GCC_493\Debug\test01.a(SERIAL_UART.o)
 .debug_abbrev  0x000018ae       0x95 .\CortexM0\ARM_GCC_493\Debug\test01.a(I2C_bus_I2C_INT.o)
 .debug_abbrev  0x00001943      0x176 .\CortexM0\ARM_GCC_493\Debug\test01.a(SERIAL_SPI_UART.o)
 .debug_abbrev  0x00001ab9      0x1e5 .\CortexM0\ARM_GCC_493\Debug\test01.a(BLE_HAL_PVT.o)
 .debug_abbrev  0x00001c9e      0x1c1 .\CortexM0\ARM_GCC_493\Debug\test01.a(BLE_bless_isr.o)
 .debug_abbrev  0x00001e5f      0x1b2 .\CortexM0\ARM_GCC_493\Debug\test01.a(CyFlash.o)
 .debug_abbrev  0x00002011      0x144 .\CortexM0\ARM_GCC_493\Debug\test01.a(cyPm.o)
 .debug_abbrev  0x00002155       0x60 .\CortexM0\ARM_GCC_493\Debug\test01.a(BLE_HAL_INT.o)

.debug_line     0x00000000     0x3ca7
 *(.debug_line)
 .debug_line    0x00000000      0x316 .\CortexM0\ARM_GCC_493\Debug\main.o
 .debug_line    0x00000316     0x1486 .\CortexM0\ARM_GCC_493\Debug\mpu6050.o
 .debug_line    0x0000179c      0x24b .\CortexM0\ARM_GCC_493\Debug\i2cFunctions.o
 .debug_line    0x000019e7       0x53 .\CortexM0\ARM_GCC_493\Debug\cymetadata.o
 .debug_line    0x00001a3a      0x249 .\CortexM0\ARM_GCC_493\Debug\Cm0Start.o
 .debug_line    0x00001c83      0x193 .\CortexM0\ARM_GCC_493\Debug\test01.a(cyfitter_cfg.o)
 .debug_line    0x00001e16       0x68 .\CortexM0\ARM_GCC_493\Debug\test01.a(CyBootAsmGnu.o)
 .debug_line    0x00001e7e      0x483 .\CortexM0\ARM_GCC_493\Debug\test01.a(CyLib.o)
 .debug_line    0x00002301      0x4cf .\CortexM0\ARM_GCC_493\Debug\test01.a(CyLFClk.o)
 .debug_line    0x000027d0      0x145 .\CortexM0\ARM_GCC_493\Debug\test01.a(I2C_bus.o)
 .debug_line    0x00002915       0xc6 .\CortexM0\ARM_GCC_493\Debug\test01.a(I2C_bus_I2C.o)
 .debug_line    0x000029db      0x2b6 .\CortexM0\ARM_GCC_493\Debug\test01.a(I2C_bus_I2C_MASTER.o)
 .debug_line    0x00002c91       0xb0 .\CortexM0\ARM_GCC_493\Debug\test01.a(I2C_bus_sda.o)
 .debug_line    0x00002d41       0xb1 .\CortexM0\ARM_GCC_493\Debug\test01.a(I2C_bus_scl.o)
 .debug_line    0x00002df2      0x17d .\CortexM0\ARM_GCC_493\Debug\test01.a(Timer_1.o)
 .debug_line    0x00002f6f      0x16a .\CortexM0\ARM_GCC_493\Debug\test01.a(isr_1.o)
 .debug_line    0x000030d9      0x125 .\CortexM0\ARM_GCC_493\Debug\test01.a(SERIAL.o)
 .debug_line    0x000031fe      0x1ba .\CortexM0\ARM_GCC_493\Debug\test01.a(SERIAL_UART.o)
 .debug_line    0x000033b8      0x185 .\CortexM0\ARM_GCC_493\Debug\test01.a(I2C_bus_I2C_INT.o)
 .debug_line    0x0000353d      0x135 .\CortexM0\ARM_GCC_493\Debug\test01.a(SERIAL_SPI_UART.o)
 .debug_line    0x00003672      0x1e6 .\CortexM0\ARM_GCC_493\Debug\test01.a(BLE_HAL_PVT.o)
 .debug_line    0x00003858      0x172 .\CortexM0\ARM_GCC_493\Debug\test01.a(BLE_bless_isr.o)
 .debug_line    0x000039ca      0x147 .\CortexM0\ARM_GCC_493\Debug\test01.a(CyFlash.o)
 .debug_line    0x00003b11      0x12b .\CortexM0\ARM_GCC_493\Debug\test01.a(cyPm.o)
 .debug_line    0x00003c3c       0x6b .\CortexM0\ARM_GCC_493\Debug\test01.a(BLE_HAL_INT.o)

.debug_frame    0x00000000    0x17b10
 *(.debug_frame)
 .debug_frame   0x00000000       0xc8 .\CortexM0\ARM_GCC_493\Debug\main.o
 .debug_frame   0x000000c8     0x1cc0 .\CortexM0\ARM_GCC_493\Debug\mpu6050.o
 .debug_frame   0x00001d88      0x178 .\CortexM0\ARM_GCC_493\Debug\i2cFunctions.o
 .debug_frame   0x00001f00       0xb0 .\CortexM0\ARM_GCC_493\Debug\Cm0Start.o
 .debug_frame   0x00001fb0       0x9c .\CortexM0\ARM_GCC_493\Debug\test01.a(cyfitter_cfg.o)
 .debug_frame   0x0000204c      0x408 .\CortexM0\ARM_GCC_493\Debug\test01.a(CyLib.o)
 .debug_frame   0x00002454      0x400 .\CortexM0\ARM_GCC_493\Debug\test01.a(CyLFClk.o)
 .debug_frame   0x00002854       0xe8 .\CortexM0\ARM_GCC_493\Debug\test01.a(I2C_bus.o)
 .debug_frame   0x0000293c       0x3c .\CortexM0\ARM_GCC_493\Debug\test01.a(I2C_bus_I2C.o)
 .debug_frame   0x00002978      0x16c .\CortexM0\ARM_GCC_493\Debug\test01.a(I2C_bus_I2C_MASTER.o)
 .debug_frame   0x00002ae4       0x60 .\CortexM0\ARM_GCC_493\Debug\test01.a(I2C_bus_sda.o)
 .debug_frame   0x00002b44       0x60 .\CortexM0\ARM_GCC_493\Debug\test01.a(I2C_bus_scl.o)
 .debug_frame   0x00002ba4      0x124 .\CortexM0\ARM_GCC_493\Debug\test01.a(Timer_1.o)
 .debug_frame   0x00002cc8      0x110 .\CortexM0\ARM_GCC_493\Debug\test01.a(isr_1.o)
 .debug_frame   0x00002dd8       0xd8 .\CortexM0\ARM_GCC_493\Debug\test01.a(SERIAL.o)
 .debug_frame   0x00002eb0      0x130 .\CortexM0\ARM_GCC_493\Debug\test01.a(SERIAL_UART.o)
 .debug_frame   0x00002fe0       0x2c .\CortexM0\ARM_GCC_493\Debug\test01.a(I2C_bus_I2C_INT.o)
 .debug_frame   0x0000300c       0xb0 .\CortexM0\ARM_GCC_493\Debug\test01.a(SERIAL_SPI_UART.o)
 .debug_frame   0x000030bc       0x50 C:\Program Files (x86)\Cypress\PSoC Creator\3.3\PSoC Creator\psoc\content\cycomponentlibrary\CyComponentLibrary.cylib\BLE_v2_20\Library\gccCyBLEStack_BLE_SOC_PERIPHERAL.a(CyBle.o)
 .debug_frame   0x0000310c       0x44 C:\Program Files (x86)\Cypress\PSoC Creator\3.3\PSoC Creator\psoc\content\cycomponentlibrary\CyComponentLibrary.cylib\BLE_v2_20\Library\gccCyBLEStack_BLE_SOC_PERIPHERAL.a(CyBle.o)
 .debug_frame   0x00003150       0x54 C:\Program Files (x86)\Cypress\PSoC Creator\3.3\PSoC Creator\psoc\content\cycomponentlibrary\CyComponentLibrary.cylib\BLE_v2_20\Library\gccCyBLEStack_BLE_SOC_PERIPHERAL.a(CyBle.o)
 .debug_frame   0x000031a4       0x44 C:\Program Files (x86)\Cypress\PSoC Creator\3.3\PSoC Creator\psoc\content\cycomponentlibrary\CyComponentLibrary.cylib\BLE_v2_20\Library\gccCyBLEStack_BLE_SOC_PERIPHERAL.a(CyBle.o)
 .debug_frame   0x000031e8       0x44 C:\Program Files (x86)\Cypress\PSoC Creator\3.3\PSoC Creator\psoc\content\cycomponentlibrary\CyComponentLibrary.cylib\BLE_v2_20\Library\gccCyBLEStack_BLE_SOC_PERIPHERAL.a(CyBle.o)
 .debug_frame   0x0000322c       0x44 C:\Program Files (x86)\Cypress\PSoC Creator\3.3\PSoC Creator\psoc\content\cycomponentlibrary\CyComponentLibrary.cylib\BLE_v2_20\Library\gccCyBLEStack_BLE_SOC_PERIPHERAL.a(CyBle.o)
 .debug_frame   0x00003270       0x44 C:\Program Files (x86)\Cypress\PSoC Creator\3.3\PSoC Creator\psoc\content\cycomponentlibrary\CyComponentLibrary.cylib\BLE_v2_20\Library\gccCyBLEStack_BLE_SOC_PERIPHERAL.a(CyBle.o)
 .debug_frame   0x000032b4       0x44 C:\Program Files (x86)\Cypress\PSoC Creator\3.3\PSoC Creator\psoc\content\cycomponentlibrary\CyComponentLibrary.cylib\BLE_v2_20\Library\gccCyBLEStack_BLE_SOC_PERIPHERAL.a(CyBle.o)
 .debug_frame   0x000032f8       0x44 C:\Program Files (x86)\Cypress\PSoC Creator\3.3\PSoC Creator\psoc\content\cycomponentlibrary\CyComponentLibrary.cylib\BLE_v2_20\Library\gccCyBLEStack_BLE_SOC_PERIPHERAL.a(CyBle.o)
 .debug_frame   0x0000333c       0x3c C:\Program Files (x86)\Cypress\PSoC Creator\3.3\PSoC Creator\psoc\content\cycomponentlibrary\CyComponentLibrary.cylib\BLE_v2_20\Library\gccCyBLEStack_BLE_SOC_PERIPHERAL.a(CyBle.o)
 .debug_frame   0x00003378       0x3c C:\Program Files (x86)\Cypress\PSoC Creator\3.3\PSoC Creator\psoc\content\cycomponentlibrary\CyComponentLibrary.cylib\BLE_v2_20\Library\gccCyBLEStack_BLE_SOC_PERIPHERAL.a(CyBleStackMgrIP_Interface.o)
 .debug_frame   0x000033b4       0x44 C:\Program Files (x86)\Cypress\PSoC Creator\3.3\PSoC Creator\psoc\content\cycomponentlibrary\CyComponentLibrary.cylib\BLE_v2_20\Library\gccCyBLEStack_BLE_SOC_PERIPHERAL.a(CyBleStackMgrIP_Interface.o)
 .debug_frame   0x000033f8       0x48 C:\Program Files (x86)\Cypress\PSoC Creator\3.3\PSoC Creator\psoc\content\cycomponentlibrary\CyComponentLibrary.cylib\BLE_v2_20\Library\gccCyBLEStack_BLE_SOC_PERIPHERAL.a(CyBleStackMgrIP_Interface.o)
 .debug_frame   0x00003440       0x3c C:\Program Files (x86)\Cypress\PSoC Creator\3.3\PSoC Creator\psoc\content\cycomponentlibrary\CyComponentLibrary.cylib\BLE_v2_20\Library\gccCyBLEStack_BLE_SOC_PERIPHERAL.a(CyBleStackMgrIP_Interface.o)
 .debug_frame   0x0000347c       0x50 C:\Program Files (x86)\Cypress\PSoC Creator\3.3\PSoC Creator\psoc\content\cycomponentlibrary\CyComponentLibrary.cylib\BLE_v2_20\Library\gccCyBLEStack_BLE_SOC_PERIPHERAL.a(CyBleStackMgrIP_Interface.o)
 .debug_frame   0x000034cc       0x50 C:\Program Files (x86)\Cypress\PSoC Creator\3.3\PSoC Creator\psoc\content\cycomponentlibrary\CyComponentLibrary.cylib\BLE_v2_20\Library\gccCyBLEStack_BLE_SOC_PERIPHERAL.a(CyBleStackMgrIP_Interface.o)
 .debug_frame   0x0000351c       0x44 C:\Program Files (x86)\Cypress\PSoC Creator\3.3\PSoC Creator\psoc\content\cycomponentlibrary\CyComponentLibrary.cylib\BLE_v2_20\Library\gccCyBLEStack_BLE_SOC_PERIPHERAL.a(CyBleStackMgrIP_Interface.o)
 .debug_frame   0x00003560       0x44 C:\Program Files (x86)\Cypress\PSoC Creator\3.3\PSoC Creator\psoc\content\cycomponentlibrary\CyComponentLibrary.cylib\BLE_v2_20\Library\gccCyBLEStack_BLE_SOC_PERIPHERAL.a(CyBleStackMgrIP_Interface.o)
 .debug_frame   0x000035a4       0x4c C:\Program Files (x86)\Cypress\PSoC Creator\3.3\PSoC Creator\psoc\content\cycomponentlibrary\CyComponentLibrary.cylib\BLE_v2_20\Library\gccCyBLEStack_BLE_SOC_PERIPHERAL.a(BT_os.o)
 .debug_frame   0x000035f0       0x48 C:\Program Files (x86)\Cypress\PSoC Creator\3.3\PSoC Creator\psoc\content\cycomponentlibrary\CyComponentLibrary.cylib\BLE_v2_20\Library\gccCyBLEStack_BLE_SOC_PERIPHERAL.a(BT_os.o)
 .debug_frame   0x00003638       0x4c C:\Program Files (x86)\Cypress\PSoC Creator\3.3\PSoC Creator\psoc\content\cycomponentlibrary\CyComponentLibrary.cylib\BLE_v2_20\Library\gccCyBLEStack_BLE_SOC_PERIPHERAL.a(BT_os.o)
 .debug_frame   0x00003684       0x44 C:\Program Files (x86)\Cypress\PSoC Creator\3.3\PSoC Creator\psoc\content\cycomponentlibrary\CyComponentLibrary.cylib\BLE_v2_20\Library\gccCyBLEStack_BLE_SOC_PERIPHERAL.a(BT_os.o)
 .debug_frame   0x000036c8       0x44 C:\Program Files (x86)\Cypress\PSoC Creator\3.3\PSoC Creator\psoc\content\cycomponentlibrary\CyComponentLibrary.cylib\BLE_v2_20\Library\gccCyBLEStack_BLE_SOC_PERIPHERAL.a(BT_os.o)
 .debug_frame   0x0000370c       0x4c C:\Program Files (x86)\Cypress\PSoC Creator\3.3\PSoC Creator\psoc\content\cycomponentlibrary\CyComponentLibrary.cylib\BLE_v2_20\Library\gccCyBLEStack_BLE_SOC_PERIPHERAL.a(BT_os.o)
 .debug_frame   0x00003758       0x44 C:\Program Files (x86)\Cypress\PSoC Creator\3.3\PSoC Creator\psoc\content\cycomponentlibrary\CyComponentLibrary.cylib\BLE_v2_20\Library\gccCyBLEStack_BLE_SOC_PERIPHERAL.a(BT_os.o)
 .debug_frame   0x0000379c       0x3c C:\Program Files (x86)\Cypress\PSoC Creator\3.3\PSoC Creator\psoc\content\cycomponentlibrary\CyComponentLibrary.cylib\BLE_v2_20\Library\gccCyBLEStack_BLE_SOC_PERIPHERAL.a(CyBleStackMgr_StackTaskHandler.o)
 .debug_frame   0x000037d8       0x48 C:\Program Files (x86)\Cypress\PSoC Creator\3.3\PSoC Creator\psoc\content\cycomponentlibrary\CyComponentLibrary.cylib\BLE_v2_20\Library\gccCyBLEStack_BLE_SOC_PERIPHERAL.a(CyBleStackMgr_StackTaskHandler.o)
 .debug_frame   0x00003820       0x44 C:\Program Files (x86)\Cypress\PSoC Creator\3.3\PSoC Creator\psoc\content\cycomponentlibrary\CyComponentLibrary.cylib\BLE_v2_20\Library\gccCyBLEStack_BLE_SOC_PERIPHERAL.a(CyBleStackMgr_StackTaskHandler.o)
 .debug_frame   0x00003864       0x3c C:\Program Files (x86)\Cypress\PSoC Creator\3.3\PSoC Creator\psoc\content\cycomponentlibrary\CyComponentLibrary.cylib\BLE_v2_20\Library\gccCyBLEStack_BLE_SOC_PERIPHERAL.a(CyBleStackMgr_StackTaskHandler.o)
 .debug_frame   0x000038a0       0x48 C:\Program Files (x86)\Cypress\PSoC Creator\3.3\PSoC Creator\psoc\content\cycomponentlibrary\CyComponentLibrary.cylib\BLE_v2_20\Library\gccCyBLEStack_BLE_SOC_PERIPHERAL.a(CyBleStackMgr_StackTaskHandler.o)
 .debug_frame   0x000038e8       0x3c C:\Program Files (x86)\Cypress\PSoC Creator\3.3\PSoC Creator\psoc\content\cycomponentlibrary\CyComponentLibrary.cylib\BLE_v2_20\Library\gccCyBLEStack_BLE_SOC_PERIPHERAL.a(transport_sf.o)
 .debug_frame   0x00003924       0x48 C:\Program Files (x86)\Cypress\PSoC Creator\3.3\PSoC Creator\psoc\content\cycomponentlibrary\CyComponentLibrary.cylib\BLE_v2_20\Library\gccCyBLEStack_BLE_SOC_PERIPHERAL.a(transport_sf.o)
 .debug_frame   0x0000396c       0x3c C:\Program Files (x86)\Cypress\PSoC Creator\3.3\PSoC Creator\psoc\content\cycomponentlibrary\CyComponentLibrary.cylib\BLE_v2_20\Library\gccCyBLEStack_BLE_SOC_PERIPHERAL.a(transport_sf.o)
 .debug_frame   0x000039a8       0x3c C:\Program Files (x86)\Cypress\PSoC Creator\3.3\PSoC Creator\psoc\content\cycomponentlibrary\CyComponentLibrary.cylib\BLE_v2_20\Library\gccCyBLEStack_BLE_SOC_PERIPHERAL.a(transport_sf.o)
 .debug_frame   0x000039e4       0x3c C:\Program Files (x86)\Cypress\PSoC Creator\3.3\PSoC Creator\psoc\content\cycomponentlibrary\CyComponentLibrary.cylib\BLE_v2_20\Library\gccCyBLEStack_BLE_SOC_PERIPHERAL.a(transport_sf.o)
 .debug_frame   0x00003a20       0x3c C:\Program Files (x86)\Cypress\PSoC Creator\3.3\PSoC Creator\psoc\content\cycomponentlibrary\CyComponentLibrary.cylib\BLE_v2_20\Library\gccCyBLEStack_BLE_SOC_PERIPHERAL.a(transport_sf.o)
 .debug_frame   0x00003a5c       0x3c C:\Program Files (x86)\Cypress\PSoC Creator\3.3\PSoC Creator\psoc\content\cycomponentlibrary\CyComponentLibrary.cylib\BLE_v2_20\Library\gccCyBLEStack_BLE_SOC_PERIPHERAL.a(transport_sf.o)
 .debug_frame   0x00003a98       0x3c C:\Program Files (x86)\Cypress\PSoC Creator\3.3\PSoC Creator\psoc\content\cycomponentlibrary\CyComponentLibrary.cylib\BLE_v2_20\Library\gccCyBLEStack_BLE_SOC_PERIPHERAL.a(transport_sf.o)
 .debug_frame   0x00003ad4       0x48 C:\Program Files (x86)\Cypress\PSoC Creator\3.3\PSoC Creator\psoc\content\cycomponentlibrary\CyComponentLibrary.cylib\BLE_v2_20\Library\gccCyBLEStack_BLE_SOC_PERIPHERAL.a(transport_sf.o)
 .debug_frame   0x00003b1c       0x50 C:\Program Files (x86)\Cypress\PSoC Creator\3.3\PSoC Creator\psoc\content\cycomponentlibrary\CyComponentLibrary.cylib\BLE_v2_20\Library\gccCyBLEStack_BLE_SOC_PERIPHERAL.a(transport_sf.o)
 .debug_frame   0x00003b6c       0x3c C:\Program Files (x86)\Cypress\PSoC Creator\3.3\PSoC Creator\psoc\content\cycomponentlibrary\CyComponentLibrary.cylib\BLE_v2_20\Library\gccCyBLEStack_BLE_SOC_PERIPHERAL.a(CyBleStackMgr_PSoCHal.o)
 .debug_frame   0x00003ba8       0x48 C:\Program Files (x86)\Cypress\PSoC Creator\3.3\PSoC Creator\psoc\content\cycomponentlibrary\CyComponentLibrary.cylib\BLE_v2_20\Library\gccCyBLEStack_BLE_SOC_PERIPHERAL.a(CyBleStackMgr_PSoCHal.o)
 .debug_frame   0x00003bf0       0x44 C:\Program Files (x86)\Cypress\PSoC Creator\3.3\PSoC Creator\psoc\content\cycomponentlibrary\CyComponentLibrary.cylib\BLE_v2_20\Library\gccCyBLEStack_BLE_SOC_PERIPHERAL.a(CyBleStackMgr_PSoCHal.o)
 .debug_frame   0x00003c34       0x3c C:\Program Files (x86)\Cypress\PSoC Creator\3.3\PSoC Creator\psoc\content\cycomponentlibrary\CyComponentLibrary.cylib\BLE_v2_20\Library\gccCyBLEStack_BLE_SOC_PERIPHERAL.a(CyBleStackMgr_PSoCHal.o)
 .debug_frame   0x00003c70       0x3c C:\Program Files (x86)\Cypress\PSoC Creator\3.3\PSoC Creator\psoc\content\cycomponentlibrary\CyComponentLibrary.cylib\BLE_v2_20\Library\gccCyBLEStack_BLE_SOC_PERIPHERAL.a(CyBleStackMgr_PSoCHal.o)
 .debug_frame   0x00003cac       0x44 C:\Program Files (x86)\Cypress\PSoC Creator\3.3\PSoC Creator\psoc\content\cycomponentlibrary\CyComponentLibrary.cylib\BLE_v2_20\Library\gccCyBLEStack_BLE_SOC_PERIPHERAL.a(CyBleStackMgr_PSoCHal.o)
 .debug_frame   0x00003cf0       0x44 C:\Program Files (x86)\Cypress\PSoC Creator\3.3\PSoC Creator\psoc\content\cycomponentlibrary\CyComponentLibrary.cylib\BLE_v2_20\Library\gccCyBLEStack_BLE_SOC_PERIPHERAL.a(CyBleStackMgr_PSoCHal.o)
 .debug_frame   0x00003d34       0x44 C:\Program Files (x86)\Cypress\PSoC Creator\3.3\PSoC Creator\psoc\content\cycomponentlibrary\CyComponentLibrary.cylib\BLE_v2_20\Library\gccCyBLEStack_BLE_SOC_PERIPHERAL.a(CyBleStackMgr_PSoCHal.o)
 .debug_frame   0x00003d78       0x3c C:\Program Files (x86)\Cypress\PSoC Creator\3.3\PSoC Creator\psoc\content\cycomponentlibrary\CyComponentLibrary.cylib\BLE_v2_20\Library\gccCyBLEStack_BLE_SOC_PERIPHERAL.a(CyBleStackMgr_PSoCHal.o)
 .debug_frame   0x00003db4       0x44 C:\Program Files (x86)\Cypress\PSoC Creator\3.3\PSoC Creator\psoc\content\cycomponentlibrary\CyComponentLibrary.cylib\BLE_v2_20\Library\gccCyBLEStack_BLE_SOC_PERIPHERAL.a(CyBleStackMgr_PSoCHal.o)
 .debug_frame   0x00003df8       0x44 C:\Program Files (x86)\Cypress\PSoC Creator\3.3\PSoC Creator\psoc\content\cycomponentlibrary\CyComponentLibrary.cylib\BLE_v2_20\Library\gccCyBLEStack_BLE_SOC_PERIPHERAL.a(CyBleStackMgr_PSoCHal.o)
 .debug_frame   0x00003e3c       0x3c C:\Program Files (x86)\Cypress\PSoC Creator\3.3\PSoC Creator\psoc\content\cycomponentlibrary\CyComponentLibrary.cylib\BLE_v2_20\Library\gccCyBLEStack_BLE_SOC_PERIPHERAL.a(CyBleStackMgr_PSoCHal.o)
 .debug_frame   0x00003e78       0x3c C:\Program Files (x86)\Cypress\PSoC Creator\3.3\PSoC Creator\psoc\content\cycomponentlibrary\CyComponentLibrary.cylib\BLE_v2_20\Library\gccCyBLEStack_BLE_SOC_PERIPHERAL.a(CyBleStackMgr_PSoCHal.o)
 .debug_frame   0x00003eb4       0x44 C:\Program Files (x86)\Cypress\PSoC Creator\3.3\PSoC Creator\psoc\content\cycomponentlibrary\CyComponentLibrary.cylib\BLE_v2_20\Library\gccCyBLEStack_BLE_SOC_PERIPHERAL.a(CyBleStackMgr_PSoCHal.o)
 .debug_frame   0x00003ef8       0x3c C:\Program Files (x86)\Cypress\PSoC Creator\3.3\PSoC Creator\psoc\content\cycomponentlibrary\CyComponentLibrary.cylib\BLE_v2_20\Library\gccCyBLEStack_BLE_SOC_PERIPHERAL.a(CyBleStackMgr_BleSSDriver.o)
 .debug_frame   0x00003f34       0x4c C:\Program Files (x86)\Cypress\PSoC Creator\3.3\PSoC Creator\psoc\content\cycomponentlibrary\CyComponentLibrary.cylib\BLE_v2_20\Library\gccCyBLEStack_BLE_SOC_PERIPHERAL.a(CyBleStackMgr_BleSSDriver.o)
 .debug_frame   0x00003f80       0x44 C:\Program Files (x86)\Cypress\PSoC Creator\3.3\PSoC Creator\psoc\content\cycomponentlibrary\CyComponentLibrary.cylib\BLE_v2_20\Library\gccCyBLEStack_BLE_SOC_PERIPHERAL.a(CyBleStackMgr_BleSSDriver.o)
 .debug_frame   0x00003fc4       0x44 C:\Program Files (x86)\Cypress\PSoC Creator\3.3\PSoC Creator\psoc\content\cycomponentlibrary\CyComponentLibrary.cylib\BLE_v2_20\Library\gccCyBLEStack_BLE_SOC_PERIPHERAL.a(CyBleStackMgr_BleSSDriver.o)
 .debug_frame   0x00004008       0x44 C:\Program Files (x86)\Cypress\PSoC Creator\3.3\PSoC Creator\psoc\content\cycomponentlibrary\CyComponentLibrary.cylib\BLE_v2_20\Library\gccCyBLEStack_BLE_SOC_PERIPHERAL.a(CyBleStackMgr_BleSSDriver.o)
 .debug_frame   0x0000404c       0x3c C:\Program Files (x86)\Cypress\PSoC Creator\3.3\PSoC Creator\psoc\content\cycomponentlibrary\CyComponentLibrary.cylib\BLE_v2_20\Library\gccCyBLEStack_BLE_SOC_PERIPHERAL.a(CyBleStackMgr_BleSSDriver.o)
 .debug_frame   0x00004088       0x44 C:\Program Files (x86)\Cypress\PSoC Creator\3.3\PSoC Creator\psoc\content\cycomponentlibrary\CyComponentLibrary.cylib\BLE_v2_20\Library\gccCyBLEStack_BLE_SOC_PERIPHERAL.a(CyBleStackMgr_BleSSDriver.o)
 .debug_frame   0x000040cc       0x44 C:\Program Files (x86)\Cypress\PSoC Creator\3.3\PSoC Creator\psoc\content\cycomponentlibrary\CyComponentLibrary.cylib\BLE_v2_20\Library\gccCyBLEStack_BLE_SOC_PERIPHERAL.a(CyBleStackMgr_BleSSDriver.o)
 .debug_frame   0x00004110       0x44 C:\Program Files (x86)\Cypress\PSoC Creator\3.3\PSoC Creator\psoc\content\cycomponentlibrary\CyComponentLibrary.cylib\BLE_v2_20\Library\gccCyBLEStack_BLE_SOC_PERIPHERAL.a(CyBleStackMgr_BleSSDriver.o)
 .debug_frame   0x00004154       0x44 C:\Program Files (x86)\Cypress\PSoC Creator\3.3\PSoC Creator\psoc\content\cycomponentlibrary\CyComponentLibrary.cylib\BLE_v2_20\Library\gccCyBLEStack_BLE_SOC_PERIPHERAL.a(CyBleStackMgr_BleSSDriver.o)
 .debug_frame   0x00004198       0x3c C:\Program Files (x86)\Cypress\PSoC Creator\3.3\PSoC Creator\psoc\content\cycomponentlibrary\CyComponentLibrary.cylib\BLE_v2_20\Library\gccCyBLEStack_BLE_SOC_PERIPHERAL.a(CyBleStackMgr_BleSSDriver.o)
 .debug_frame   0x000041d4       0x44 C:\Program Files (x86)\Cypress\PSoC Creator\3.3\PSoC Creator\psoc\content\cycomponentlibrary\CyComponentLibrary.cylib\BLE_v2_20\Library\gccCyBLEStack_BLE_SOC_PERIPHERAL.a(CyBleStackMgr_BleSSDriver.o)
 .debug_frame   0x00004218       0x3c C:\Program Files (x86)\Cypress\PSoC Creator\3.3\PSoC Creator\psoc\content\cycomponentlibrary\CyComponentLibrary.cylib\BLE_v2_20\Library\gccCyBLEStack_BLE_SOC_PERIPHERAL.a(CyBleStackMgr_BleSSDriver.o)
 .debug_frame   0x00004254       0x3c C:\Program Files (x86)\Cypress\PSoC Creator\3.3\PSoC Creator\psoc\content\cycomponentlibrary\CyComponentLibrary.cylib\BLE_v2_20\Library\gccCyBLEStack_BLE_SOC_PERIPHERAL.a(CyBleStackMgr_BleSSDriver.o)
 .debug_frame   0x00004290       0x44 C:\Program Files (x86)\Cypress\PSoC Creator\3.3\PSoC Creator\psoc\content\cycomponentlibrary\CyComponentLibrary.cylib\BLE_v2_20\Library\gccCyBLEStack_BLE_SOC_PERIPHERAL.a(CyBleStackMgr_BleSSDriver.o)
 .debug_frame   0x000042d4       0x3c C:\Program Files (x86)\Cypress\PSoC Creator\3.3\PSoC Creator\psoc\content\cycomponentlibrary\CyComponentLibrary.cylib\BLE_v2_20\Library\gccCyBLEStack_BLE_SOC_PERIPHERAL.a(CyBleStackMgr_BleSSDriver.o)
 .debug_frame   0x00004310       0x3c C:\Program Files (x86)\Cypress\PSoC Creator\3.3\PSoC Creator\psoc\content\cycomponentlibrary\CyComponentLibrary.cylib\BLE_v2_20\Library\gccCyBLEStack_BLE_SOC_PERIPHERAL.a(CyBleStackMgr_BleSSDriver.o)
 .debug_frame   0x0000434c       0x3c C:\Program Files (x86)\Cypress\PSoC Creator\3.3\PSoC Creator\psoc\content\cycomponentlibrary\CyComponentLibrary.cylib\BLE_v2_20\Library\gccCyBLEStack_BLE_SOC_PERIPHERAL.a(CyBleStackMgr_BleSSDriver.o)
 .debug_frame   0x00004388       0x3c C:\Program Files (x86)\Cypress\PSoC Creator\3.3\PSoC Creator\psoc\content\cycomponentlibrary\CyComponentLibrary.cylib\BLE_v2_20\Library\gccCyBLEStack_BLE_SOC_PERIPHERAL.a(CyBleStackMgr_BleSSDriver.o)
 .debug_frame   0x000043c4       0x48 C:\Program Files (x86)\Cypress\PSoC Creator\3.3\PSoC Creator\psoc\content\cycomponentlibrary\CyComponentLibrary.cylib\BLE_v2_20\Library\gccCyBLEStack_BLE_SOC_PERIPHERAL.a(CyBleStackMgr_BleSSDriver.o)
 .debug_frame   0x0000440c       0x48 C:\Program Files (x86)\Cypress\PSoC Creator\3.3\PSoC Creator\psoc\content\cycomponentlibrary\CyComponentLibrary.cylib\BLE_v2_20\Library\gccCyBLEStack_BLE_SOC_PERIPHERAL.a(CyBleStackMgr_BleSSDriver.o)
 .debug_frame   0x00004454       0x48 C:\Program Files (x86)\Cypress\PSoC Creator\3.3\PSoC Creator\psoc\content\cycomponentlibrary\CyComponentLibrary.cylib\BLE_v2_20\Library\gccCyBLEStack_BLE_SOC_PERIPHERAL.a(CyBleStackMgr_BleSSDriver.o)
 .debug_frame   0x0000449c       0x48 C:\Program Files (x86)\Cypress\PSoC Creator\3.3\PSoC Creator\psoc\content\cycomponentlibrary\CyComponentLibrary.cylib\BLE_v2_20\Library\gccCyBLEStack_BLE_SOC_PERIPHERAL.a(CyBleStackMgr_BleSSDriver.o)
 .debug_frame   0x000044e4       0x3c C:\Program Files (x86)\Cypress\PSoC Creator\3.3\PSoC Creator\psoc\content\cycomponentlibrary\CyComponentLibrary.cylib\BLE_v2_20\Library\gccCyBLEStack_BLE_SOC_PERIPHERAL.a(CyBleStackMgr_BleSSDriver.o)
 .debug_frame   0x00004520       0x3c C:\Program Files (x86)\Cypress\PSoC Creator\3.3\PSoC Creator\psoc\content\cycomponentlibrary\CyComponentLibrary.cylib\BLE_v2_20\Library\gccCyBLEStack_BLE_SOC_PERIPHERAL.a(CyBleStackMgr_BleSSDriver.o)
 .debug_frame   0x0000455c       0x44 C:\Program Files (x86)\Cypress\PSoC Creator\3.3\PSoC Creator\psoc\content\cycomponentlibrary\CyComponentLibrary.cylib\BLE_v2_20\Library\gccCyBLEStack_BLE_SOC_PERIPHERAL.a(CyBleStackMgr_BleSSDriver.o)
 .debug_frame   0x000045a0       0x4c C:\Program Files (x86)\Cypress\PSoC Creator\3.3\PSoC Creator\psoc\content\cycomponentlibrary\CyComponentLibrary.cylib\BLE_v2_20\Library\gccCyBLEStack_BLE_SOC_PERIPHERAL.a(CyBleStackMgr_BleSSDriver.o)
 .debug_frame   0x000045ec       0x3c C:\Program Files (x86)\Cypress\PSoC Creator\3.3\PSoC Creator\psoc\content\cycomponentlibrary\CyComponentLibrary.cylib\BLE_v2_20\Library\gccCyBLEStack_BLE_SOC_PERIPHERAL.a(CyBleStackMgr_BleSSDriver.o)
 .debug_frame   0x00004628       0x44 C:\Program Files (x86)\Cypress\PSoC Creator\3.3\PSoC Creator\psoc\content\cycomponentlibrary\CyComponentLibrary.cylib\BLE_v2_20\Library\gccCyBLEStack_BLE_SOC_PERIPHERAL.a(CyBleStackMgr_BleSSDriver.o)
 .debug_frame   0x0000466c       0x3c C:\Program Files (x86)\Cypress\PSoC Creator\3.3\PSoC Creator\psoc\content\cycomponentlibrary\CyComponentLibrary.cylib\BLE_v2_20\Library\gccCyBLEStack_BLE_SOC_PERIPHERAL.a(CyBleStackMgr_BleSSDriver.o)
 .debug_frame   0x000046a8       0x48 C:\Program Files (x86)\Cypress\PSoC Creator\3.3\PSoC Creator\psoc\content\cycomponentlibrary\CyComponentLibrary.cylib\BLE_v2_20\Library\gccCyBLEStack_BLE_SOC_PERIPHERAL.a(CyBleStackMgr_BleSSDriver.o)
 .debug_frame   0x000046f0       0x3c C:\Program Files (x86)\Cypress\PSoC Creator\3.3\PSoC Creator\psoc\content\cycomponentlibrary\CyComponentLibrary.cylib\BLE_v2_20\Library\gccCyBLEStack_BLE_SOC_PERIPHERAL.a(CyBleStackMgr_BleSSDriver.o)
 .debug_frame   0x0000472c       0x3c C:\Program Files (x86)\Cypress\PSoC Creator\3.3\PSoC Creator\psoc\content\cycomponentlibrary\CyComponentLibrary.cylib\BLE_v2_20\Library\gccCyBLEStack_BLE_SOC_PERIPHERAL.a(storage_pl.o)
 .debug_frame   0x00004768       0x3c C:\Program Files (x86)\Cypress\PSoC Creator\3.3\PSoC Creator\psoc\content\cycomponentlibrary\CyComponentLibrary.cylib\BLE_v2_20\Library\gccCyBLEStack_BLE_SOC_PERIPHERAL.a(storage_pl.o)
 .debug_frame   0x000047a4       0x3c C:\Program Files (x86)\Cypress\PSoC Creator\3.3\PSoC Creator\psoc\content\cycomponentlibrary\CyComponentLibrary.cylib\BLE_v2_20\Library\gccCyBLEStack_BLE_SOC_PERIPHERAL.a(storage_pl.o)
 .debug_frame   0x000047e0       0x4c C:\Program Files (x86)\Cypress\PSoC Creator\3.3\PSoC Creator\psoc\content\cycomponentlibrary\CyComponentLibrary.cylib\BLE_v2_20\Library\gccCyBLEStack_BLE_SOC_PERIPHERAL.a(storage_pl.o)